#
# There is insufficient memory for the Java Runtime Environment to continue.
# Native memory allocation (malloc) failed to allocate 652272 bytes. Error detail: Chunk::new
# Possible reasons:
#   The system is out of physical RAM or swap space
#   This process is running with CompressedOops enabled, and the Java Heap may be blocking the growth of the native heap
# Possible solutions:
#   Reduce memory load on the system
#   Increase physical memory or swap space
#   Check if swap backing store is full
#   Decrease Java heap size (-Xmx/-Xms)
#   Decrease number of Java threads
#   Decrease Java thread stack sizes (-Xss)
#   Set larger code cache with -XX:ReservedCodeCacheSize=
#   JVM is running with Unscaled Compressed Oops mode in which the Java heap is
#     placed in the first 4GB address space. The Java Heap base address is the
#     maximum limit for the native heap growth. Please use -XX:HeapBaseMinAddress
#     to set the Java Heap base and to place the Java Heap above 4GB virtual address.
# This output file may be truncated or incomplete.
#
#  Out of Memory Error (arena.cpp:150), pid=6160, tid=10004
#
# JRE version: Java(TM) SE Runtime Environment (22.0.2+9) (build 22.0.2+9-70)
# Java VM: Java HotSpot(TM) 64-Bit Server VM (22.0.2+9-70, mixed mode, sharing, tiered, compressed oops, compressed class ptrs, g1 gc, windows-amd64)
# No core dump will be written. Minidumps are not enabled by default on client versions of Windows
#

---------------  S U M M A R Y ------------

Command Line: --add-opens=java.base/java.util=ALL-UNNAMED --add-opens=java.base/java.lang=ALL-UNNAMED --add-opens=java.base/java.lang.invoke=ALL-UNNAMED --add-opens=java.prefs/java.util.prefs=ALL-UNNAMED --add-exports=jdk.compiler/com.sun.tools.javac.api=ALL-UNNAMED --add-exports=jdk.compiler/com.sun.tools.javac.util=ALL-UNNAMED --add-opens=java.base/java.nio.charset=ALL-UNNAMED --add-opens=java.base/java.net=ALL-UNNAMED --add-opens=java.base/java.util.concurrent.atomic=ALL-UNNAMED -Xmx2048m -Dfile.encoding=UTF-8 -Duser.country=ID -Duser.language=en -Duser.variant -javaagent:C:\Users\UsEr\.gradle\wrapper\dists\gradle-8.9-bin\90cnw93cvbtalezasaz0blq0a\gradle-8.9\lib\agents\gradle-instrumentation-agent-8.9.jar org.gradle.launcher.daemon.bootstrap.GradleDaemon 8.9

Host: Intel(R) Core(TM) i5-8350U CPU @ 1.70GHz, 8 cores, 7G,  Windows 10 , 64 bit Build 19041 (10.0.19041.5794)
Time: Wed May  7 15:08:23 2025 SE Asia Standard Time elapsed time: 54.210132 seconds (0d 0h 0m 54s)

---------------  T H R E A D  ---------------

Current thread (0x000002215b4bb3f0):  JavaThread "C2 CompilerThread0" daemon [_thread_in_native, id=10004, stack(0x0000009e80a00000,0x0000009e80b00000) (1024K)]


Current CompileTask:
C2:54210 8256       4       org.jetbrains.kotlin.com.intellij.openapi.vfs.impl.jar.CoreJarHandler::getOrCreateFile (106 bytes)

Stack: [0x0000009e80a00000,0x0000009e80b00000]
Native frames: (J=compiled Java code, j=interpreted, Vv=VM code, C=native code)
V  [jvm.dll+0x6e26e9]  (no source info available)
V  [jvm.dll+0x875753]  (no source info available)
V  [jvm.dll+0x877b7e]  (no source info available)
V  [jvm.dll+0x878253]  (no source info available)
V  [jvm.dll+0x27fc86]  (no source info available)
V  [jvm.dll+0xc3d0f]  (no source info available)
V  [jvm.dll+0xc3f6b]  (no source info available)
V  [jvm.dll+0x3bb47c]  (no source info available)
V  [jvm.dll+0x387d4b]  (no source info available)
V  [jvm.dll+0x3871ba]  (no source info available)
V  [jvm.dll+0x2477f8]  (no source info available)
V  [jvm.dll+0x246e9f]  (no source info available)
V  [jvm.dll+0x1c4e80]  (no source info available)
V  [jvm.dll+0x2568f3]  (no source info available)
V  [jvm.dll+0x254baa]  (no source info available)
V  [jvm.dll+0x3f57a6]  (no source info available)
V  [jvm.dll+0x81dc0b]  (no source info available)
V  [jvm.dll+0x6e0d85]  (no source info available)
C  [ucrtbase.dll+0x21bb2]  (no source info available)
C  [KERNEL32.DLL+0x17374]  (no source info available)
C  [ntdll.dll+0x4cc91]  (no source info available)


---------------  P R O C E S S  ---------------

Threads class SMR info:
_java_thread_list=0x00000221a2ea4040, length=43, elements={
0x000002213ec04f50, 0x000002215b4ab7a0, 0x000002215b4ac6c0, 0x000002215b4b5e90,
0x000002215b4b8a00, 0x000002215b4b9460, 0x000002215b4ba660, 0x000002215b4bb3f0,
0x000002215b4c1b50, 0x000002215b47b5e0, 0x000002215b856b70, 0x00000221a2671cb0,
0x00000221a263cb40, 0x00000221a16437d0, 0x00000221a1d07c30, 0x00000221a1d082a0,
0x00000221a1ec77d0, 0x00000221a1fc28b0, 0x00000221a1fc42f0, 0x00000221a1fc4980,
0x00000221a1fc35d0, 0x00000221a1fc5010, 0x00000221a1fc56a0, 0x00000221a1fc2f40,
0x00000221a1fc3c60, 0x00000221a5cfc850, 0x00000221a5cf93d0, 0x00000221a5cf9a60,
0x00000221a5cf58c0, 0x00000221a5cf86b0, 0x00000221a5cf5f50, 0x00000221a5cf8d40,
0x00000221a5cf8020, 0x00000221a5cf65e0, 0x00000221a5cfbb30, 0x00000221a5cf7990,
0x00000221a5cfa0f0, 0x00000221a5cfa780, 0x00000221a5cf6c70, 0x00000221a5cfae10,
0x00000221a5cfb4a0, 0x00000221a60a5ac0, 0x00000221a306a9b0
}

Java Threads: ( => current thread )
  0x000002213ec04f50 JavaThread "main"                              [_thread_blocked, id=18072, stack(0x0000009effb00000,0x0000009effc00000) (1024K)]
  0x000002215b4ab7a0 JavaThread "Reference Handler"          daemon [_thread_blocked, id=5672, stack(0x0000009e80400000,0x0000009e80500000) (1024K)]
  0x000002215b4ac6c0 JavaThread "Finalizer"                  daemon [_thread_blocked, id=12600, stack(0x0000009e80500000,0x0000009e80600000) (1024K)]
  0x000002215b4b5e90 JavaThread "Signal Dispatcher"          daemon [_thread_blocked, id=7524, stack(0x0000009e80600000,0x0000009e80700000) (1024K)]
  0x000002215b4b8a00 JavaThread "Attach Listener"            daemon [_thread_blocked, id=6676, stack(0x0000009e80700000,0x0000009e80800000) (1024K)]
  0x000002215b4b9460 JavaThread "Service Thread"             daemon [_thread_blocked, id=12564, stack(0x0000009e80800000,0x0000009e80900000) (1024K)]
  0x000002215b4ba660 JavaThread "Monitor Deflation Thread"   daemon [_thread_blocked, id=1344, stack(0x0000009e80900000,0x0000009e80a00000) (1024K)]
=>0x000002215b4bb3f0 JavaThread "C2 CompilerThread0"         daemon [_thread_in_native, id=10004, stack(0x0000009e80a00000,0x0000009e80b00000) (1024K)]
  0x000002215b4c1b50 JavaThread "C1 CompilerThread0"         daemon [_thread_in_native, id=8748, stack(0x0000009e80b00000,0x0000009e80c00000) (1024K)]
  0x000002215b47b5e0 JavaThread "Common-Cleaner"             daemon [_thread_blocked, id=13160, stack(0x0000009e80c00000,0x0000009e80d00000) (1024K)]
  0x000002215b856b70 JavaThread "Notification Thread"        daemon [_thread_blocked, id=16456, stack(0x0000009e80d00000,0x0000009e80e00000) (1024K)]
  0x00000221a2671cb0 JavaThread "Daemon health stats"               [_thread_blocked, id=12212, stack(0x0000009e81200000,0x0000009e81300000) (1024K)]
  0x00000221a263cb40 JavaThread "Incoming local TCP Connector on port 52129"        [_thread_in_native, id=5608, stack(0x0000009e81300000,0x0000009e81400000) (1024K)]
  0x00000221a16437d0 JavaThread "Daemon periodic checks"            [_thread_blocked, id=16804, stack(0x0000009e81500000,0x0000009e81600000) (1024K)]
  0x00000221a1d07c30 JavaThread "Daemon"                            [_thread_blocked, id=16352, stack(0x0000009e81600000,0x0000009e81700000) (1024K)]
  0x00000221a1d082a0 JavaThread "Handler for socket connection from /127.0.0.1:52129 to /127.0.0.1:52130"        [_thread_in_native, id=480, stack(0x0000009e81700000,0x0000009e81800000) (1024K)]
  0x00000221a1ec77d0 JavaThread "Cancel handler"                    [_thread_blocked, id=1576, stack(0x0000009e81400000,0x0000009e81500000) (1024K)]
  0x00000221a1fc28b0 JavaThread "Daemon worker"                     [_thread_in_Java, id=4516, stack(0x0000009e81800000,0x0000009e81900000) (1024K)]
  0x00000221a1fc42f0 JavaThread "Asynchronous log dispatcher for DefaultDaemonConnection: socket connection from /127.0.0.1:52129 to /127.0.0.1:52130"        [_thread_blocked, id=17756, stack(0x0000009e81900000,0x0000009e81a00000) (1024K)]
  0x00000221a1fc4980 JavaThread "Stdin handler"                     [_thread_blocked, id=11520, stack(0x0000009e81a00000,0x0000009e81b00000) (1024K)]
  0x00000221a1fc35d0 JavaThread "Daemon client event forwarder"        [_thread_blocked, id=5360, stack(0x0000009e81b00000,0x0000009e81c00000) (1024K)]
  0x00000221a1fc5010 JavaThread "Cache worker for journal cache (C:\Users\UsEr\.gradle\caches\journal-1)"        [_thread_blocked, id=10488, stack(0x0000009e81f00000,0x0000009e82000000) (1024K)]
  0x00000221a1fc56a0 JavaThread "File lock request listener"        [_thread_in_native, id=7140, stack(0x0000009e82000000,0x0000009e82100000) (1024K)]
  0x00000221a1fc2f40 JavaThread "Cache worker for file hash cache (C:\Users\UsEr\.gradle\caches\8.9\fileHashes)"        [_thread_blocked, id=8256, stack(0x0000009e82100000,0x0000009e82200000) (1024K)]
  0x00000221a1fc3c60 JavaThread "Cache worker for file hash cache (C:\Users\UsEr\AndroidStudioProjects\undistract-mobileapps\.gradle\8.9\fileHashes)"        [_thread_blocked, id=16536, stack(0x0000009e82400000,0x0000009e82500000) (1024K)]
  0x00000221a5cfc850 JavaThread "Cache worker for Build Output Cleanup Cache (C:\Users\UsEr\AndroidStudioProjects\undistract-mobileapps\.gradle\buildOutputCleanup)"        [_thread_blocked, id=7324, stack(0x0000009e82500000,0x0000009e82600000) (1024K)]
  0x00000221a5cf93d0 JavaThread "File watcher server"        daemon [_thread_in_native, id=18400, stack(0x0000009e82600000,0x0000009e82700000) (1024K)]
  0x00000221a5cf9a60 JavaThread "File watcher consumer"      daemon [_thread_in_Java, id=4036, stack(0x0000009e82700000,0x0000009e82800000) (1024K)]
  0x00000221a5cf58c0 JavaThread "jar transforms"                    [_thread_blocked, id=15860, stack(0x0000009e82800000,0x0000009e82900000) (1024K)]
  0x00000221a5cf86b0 JavaThread "jar transforms Thread 2"           [_thread_blocked, id=10684, stack(0x0000009e82900000,0x0000009e82a00000) (1024K)]
  0x00000221a5cf5f50 JavaThread "jar transforms Thread 3"           [_thread_blocked, id=6028, stack(0x0000009e82a00000,0x0000009e82b00000) (1024K)]
  0x00000221a5cf8d40 JavaThread "Cache worker for checksums cache (C:\Users\UsEr\AndroidStudioProjects\undistract-mobileapps\.gradle\8.9\checksums)"        [_thread_blocked, id=1736, stack(0x0000009e82200000,0x0000009e82300000) (1024K)]
  0x00000221a5cf8020 JavaThread "Cache worker for file content cache (C:\Users\UsEr\.gradle\caches\8.9\fileContent)"        [_thread_blocked, id=16480, stack(0x0000009e82b00000,0x0000009e82c00000) (1024K)]
  0x00000221a5cf65e0 JavaThread "Cache worker for cache directory md-rule (C:\Users\UsEr\.gradle\caches\8.9\md-rule)"        [_thread_blocked, id=18252, stack(0x0000009e82c00000,0x0000009e82d00000) (1024K)]
  0x00000221a5cfbb30 JavaThread "Cache worker for cache directory md-supplier (C:\Users\UsEr\.gradle\caches\8.9\md-supplier)"        [_thread_blocked, id=11680, stack(0x0000009e82d00000,0x0000009e82e00000) (1024K)]
  0x00000221a5cf7990 JavaThread "jar transforms Thread 4"           [_thread_blocked, id=13512, stack(0x0000009e82e00000,0x0000009e82f00000) (1024K)]
  0x00000221a5cfa0f0 JavaThread "File lock release action executor"        [_thread_blocked, id=5632, stack(0x0000009e82f00000,0x0000009e83000000) (1024K)]
  0x00000221a5cfa780 JavaThread "jar transforms Thread 5"           [_thread_blocked, id=16672, stack(0x0000009e83000000,0x0000009e83100000) (1024K)]
  0x00000221a5cf6c70 JavaThread "jar transforms Thread 6"           [_thread_blocked, id=17560, stack(0x0000009e83200000,0x0000009e83300000) (1024K)]
  0x00000221a5cfae10 JavaThread "jar transforms Thread 7"           [_thread_blocked, id=13612, stack(0x0000009e83100000,0x0000009e83200000) (1024K)]
  0x00000221a5cfb4a0 JavaThread "jar transforms Thread 8"           [_thread_blocked, id=11888, stack(0x0000009e83300000,0x0000009e83400000) (1024K)]
  0x00000221a60a5ac0 JavaThread "Kotlin DSL Writer"                 [_thread_blocked, id=8016, stack(0x0000009e83500000,0x0000009e83600000) (1024K)]
  0x00000221a306a9b0 JavaThread "C2 CompilerThread1"         daemon [_thread_in_native, id=13300, stack(0x0000009e83400000,0x0000009e83500000) (1024K)]
Total: 43

Other Threads:
  0x000002215b490bf0 VMThread "VM Thread"                           [id=5916, stack(0x0000009e80200000,0x0000009e80300000) (1024K)]
  0x000002215b47ab10 WatcherThread "VM Periodic Task Thread"        [id=16964, stack(0x0000009e80100000,0x0000009e80200000) (1024K)]
  0x000002213ec5f4d0 WorkerThread "GC Thread#0"                     [id=11772, stack(0x0000009effc00000,0x0000009effd00000) (1024K)]
  0x000002215b9bd0b0 WorkerThread "GC Thread#1"                     [id=6280, stack(0x0000009e80e00000,0x0000009e80f00000) (1024K)]
  0x000002215b9abaa0 WorkerThread "GC Thread#2"                     [id=1952, stack(0x0000009e80f00000,0x0000009e81000000) (1024K)]
  0x00000221a1595580 WorkerThread "GC Thread#3"                     [id=6224, stack(0x0000009e81000000,0x0000009e81100000) (1024K)]
  0x00000221a17c64d0 WorkerThread "GC Thread#4"                     [id=14216, stack(0x0000009e81100000,0x0000009e81200000) (1024K)]
  0x00000221a1c9e370 WorkerThread "GC Thread#5"                     [id=15444, stack(0x0000009e81c00000,0x0000009e81d00000) (1024K)]
  0x00000221a2634bc0 WorkerThread "GC Thread#6"                     [id=9760, stack(0x0000009e81d00000,0x0000009e81e00000) (1024K)]
  0x00000221a2635a80 WorkerThread "GC Thread#7"                     [id=11576, stack(0x0000009e81e00000,0x0000009e81f00000) (1024K)]
  0x000002213ec704c0 ConcurrentGCThread "G1 Main Marker"            [id=7040, stack(0x0000009effd00000,0x0000009effe00000) (1024K)]
  0x000002213ec717e0 WorkerThread "G1 Conc#0"                       [id=17652, stack(0x0000009effe00000,0x0000009efff00000) (1024K)]
  0x00000221a408a180 WorkerThread "G1 Conc#1"                       [id=4636, stack(0x0000009e82300000,0x0000009e82400000) (1024K)]
  0x000002215b34ccd0 ConcurrentGCThread "G1 Refine#0"               [id=13940, stack(0x0000009efff00000,0x0000009f00000000) (1024K)]
  0x000002215b34d660 ConcurrentGCThread "G1 Service"                [id=11700, stack(0x0000009e80000000,0x0000009e80100000) (1024K)]
Total: 15

Threads with active compile tasks:
C2 CompilerThread0  54336 8256       4       org.jetbrains.kotlin.com.intellij.openapi.vfs.impl.jar.CoreJarHandler::getOrCreateFile (106 bytes)
C1 CompilerThread0  54336 8334       3       jdk.internal.jimage.ImageLocation::getFullName (109 bytes)
C2 CompilerThread1  54336 8335       4       org.jetbrains.org.objectweb.asm.ClassReader::readUtf (161 bytes)
Total: 3

VM state: not at safepoint (normal execution)

VM Mutex/Monitor currently owned by a thread: None

Heap address: 0x0000000080000000, size: 2048 MB, Compressed Oops mode: 32-bit

CDS archive(s) mapped at: [0x000002215c000000-0x000002215cc60000-0x000002215cc60000), size 12976128, SharedBaseAddress: 0x000002215c000000, ArchiveRelocationMode: 1.
Compressed class space mapped at: 0x000002215d000000-0x000002219d000000, reserved size: 1073741824
Narrow klass base: 0x000002215c000000, Narrow klass shift: 0, Narrow klass range: 0x41000000

GC Precious Log:
 CardTable entry size: 512
 Card Set container configuration: InlinePtr #cards 5 size 8 Array Of Cards #cards 12 size 40 Howl #buckets 4 coarsen threshold 1843 Howl Bitmap #cards 512 size 80 coarsen threshold 460 Card regions per heap region 1 cards per card region 2048
 CPUs: 8 total, 8 available
 Memory: 7797M
 Large Page Support: Disabled
 NUMA Support: Disabled
 Compressed Oops: Enabled (32-bit)
 Heap Region Size: 1M
 Heap Min Capacity: 8M
 Heap Initial Capacity: 122M
 Heap Max Capacity: 2G
 Pre-touch: Disabled
 Parallel Workers: 8
 Concurrent Workers: 2
 Concurrent Refinement Workers: 8
 Periodic GC: Disabled

Heap:
 garbage-first heap   total reserved 2097152K, committed 106496K, used 78552K [0x0000000080000000, 0x0000000100000000)
  region size 1024K, 13 young (13312K), 5 survivors (5120K)
 Metaspace       used 79891K, committed 81792K, reserved 1179648K
  class space    used 11463K, committed 12352K, reserved 1048576K

Heap Regions: E=young(eden), S=young(survivor), O=old, HS=humongous(starts), HC=humongous(continues), CS=collection set, F=free, TAMS=top-at-mark-start, PB=parsable bottom
|   0|0x0000000080000000, 0x0000000080100000, 0x0000000080100000|100%|HS|  |TAMS 0x0000000080000000| PB 0x0000000080000000| Complete |  0
|   1|0x0000000080100000, 0x0000000080200000, 0x0000000080200000|100%|HC|  |TAMS 0x0000000080100000| PB 0x0000000080100000| Complete |  0
|   2|0x0000000080200000, 0x0000000080300000, 0x0000000080300000|100%|HC|  |TAMS 0x0000000080200000| PB 0x0000000080200000| Complete |  0
|   3|0x0000000080300000, 0x0000000080400000, 0x0000000080400000|100%|HC|  |TAMS 0x0000000080300000| PB 0x0000000080300000| Complete |  0
|   4|0x0000000080400000, 0x0000000080500000, 0x0000000080500000|100%| O|  |TAMS 0x0000000080400000| PB 0x0000000080400000| Untracked |  0
|   5|0x0000000080500000, 0x0000000080600000, 0x0000000080600000|100%| O|  |TAMS 0x0000000080500000| PB 0x0000000080500000| Untracked |  0
|   6|0x0000000080600000, 0x0000000080700000, 0x0000000080700000|100%| O|  |TAMS 0x0000000080600000| PB 0x0000000080600000| Untracked |  0
|   7|0x0000000080700000, 0x0000000080800000, 0x0000000080800000|100%| O|  |TAMS 0x0000000080700000| PB 0x0000000080700000| Untracked |  0
|   8|0x0000000080800000, 0x0000000080900000, 0x0000000080900000|100%| O|  |TAMS 0x0000000080800000| PB 0x0000000080800000| Untracked |  0
|   9|0x0000000080900000, 0x0000000080a00000, 0x0000000080a00000|100%| O|  |TAMS 0x0000000080900000| PB 0x0000000080900000| Untracked |  0
|  10|0x0000000080a00000, 0x0000000080b00000, 0x0000000080b00000|100%| O|  |TAMS 0x0000000080a00000| PB 0x0000000080a00000| Untracked |  0
|  11|0x0000000080b00000, 0x0000000080c00000, 0x0000000080c00000|100%|HS|  |TAMS 0x0000000080b00000| PB 0x0000000080b00000| Complete |  0
|  12|0x0000000080c00000, 0x0000000080d00000, 0x0000000080d00000|100%| O|  |TAMS 0x0000000080c00000| PB 0x0000000080c00000| Untracked |  0
|  13|0x0000000080d00000, 0x0000000080e00000, 0x0000000080e00000|100%| O|  |TAMS 0x0000000080d00000| PB 0x0000000080d00000| Untracked |  0
|  14|0x0000000080e00000, 0x0000000080f00000, 0x0000000080f00000|100%| O|  |TAMS 0x0000000080e00000| PB 0x0000000080e00000| Untracked |  0
|  15|0x0000000080f00000, 0x0000000081000000, 0x0000000081000000|100%| O|  |TAMS 0x0000000080f00000| PB 0x0000000080f00000| Untracked |  0
|  16|0x0000000081000000, 0x0000000081100000, 0x0000000081100000|100%| O|  |TAMS 0x0000000081000000| PB 0x0000000081000000| Untracked |  0
|  17|0x0000000081100000, 0x0000000081200000, 0x0000000081200000|100%| O|  |TAMS 0x0000000081100000| PB 0x0000000081100000| Untracked |  0
|  18|0x0000000081200000, 0x0000000081300000, 0x0000000081300000|100%| O|  |TAMS 0x0000000081200000| PB 0x0000000081200000| Untracked |  0
|  19|0x0000000081300000, 0x0000000081400000, 0x0000000081400000|100%| O|  |TAMS 0x0000000081300000| PB 0x0000000081300000| Untracked |  0
|  20|0x0000000081400000, 0x0000000081500000, 0x0000000081500000|100%| O|  |TAMS 0x0000000081400000| PB 0x0000000081400000| Untracked |  0
|  21|0x0000000081500000, 0x0000000081600000, 0x0000000081600000|100%| O|  |TAMS 0x0000000081500000| PB 0x0000000081500000| Untracked |  0
|  22|0x0000000081600000, 0x0000000081700000, 0x0000000081700000|100%| O|  |TAMS 0x0000000081600000| PB 0x0000000081600000| Untracked |  0
|  23|0x0000000081700000, 0x0000000081800000, 0x0000000081800000|100%| O|  |TAMS 0x0000000081700000| PB 0x0000000081700000| Untracked |  0
|  24|0x0000000081800000, 0x0000000081900000, 0x0000000081900000|100%| O|  |TAMS 0x0000000081800000| PB 0x0000000081800000| Untracked |  0
|  25|0x0000000081900000, 0x0000000081a00000, 0x0000000081a00000|100%| O|  |TAMS 0x0000000081900000| PB 0x0000000081900000| Untracked |  0
|  26|0x0000000081a00000, 0x0000000081b00000, 0x0000000081b00000|100%| O|  |TAMS 0x0000000081a00000| PB 0x0000000081a00000| Untracked |  0
|  27|0x0000000081b00000, 0x0000000081c00000, 0x0000000081c00000|100%| O|  |TAMS 0x0000000081b00000| PB 0x0000000081b00000| Untracked |  0
|  28|0x0000000081c00000, 0x0000000081d00000, 0x0000000081d00000|100%| O|  |TAMS 0x0000000081c00000| PB 0x0000000081c00000| Untracked |  0
|  29|0x0000000081d00000, 0x0000000081e00000, 0x0000000081e00000|100%| O|  |TAMS 0x0000000081d00000| PB 0x0000000081d00000| Untracked |  0
|  30|0x0000000081e00000, 0x0000000081f00000, 0x0000000081f00000|100%| O|  |TAMS 0x0000000081e00000| PB 0x0000000081e00000| Untracked |  0
|  31|0x0000000081f00000, 0x0000000082000000, 0x0000000082000000|100%| O|  |TAMS 0x0000000081f00000| PB 0x0000000081f00000| Untracked |  0
|  32|0x0000000082000000, 0x0000000082100000, 0x0000000082100000|100%| O|  |TAMS 0x0000000082000000| PB 0x0000000082000000| Untracked |  0
|  33|0x0000000082100000, 0x0000000082200000, 0x0000000082200000|100%| O|  |TAMS 0x0000000082100000| PB 0x0000000082100000| Untracked |  0
|  34|0x0000000082200000, 0x0000000082300000, 0x0000000082300000|100%| O|  |TAMS 0x0000000082200000| PB 0x0000000082200000| Untracked |  0
|  35|0x0000000082300000, 0x0000000082400000, 0x0000000082400000|100%| O|  |TAMS 0x0000000082300000| PB 0x0000000082300000| Untracked |  0
|  36|0x0000000082400000, 0x0000000082500000, 0x0000000082500000|100%| O|  |TAMS 0x0000000082400000| PB 0x0000000082400000| Untracked |  0
|  37|0x0000000082500000, 0x0000000082600000, 0x0000000082600000|100%| O|  |TAMS 0x0000000082500000| PB 0x0000000082500000| Untracked |  0
|  38|0x0000000082600000, 0x0000000082700000, 0x0000000082700000|100%| O|  |TAMS 0x0000000082600000| PB 0x0000000082600000| Untracked |  0
|  39|0x0000000082700000, 0x0000000082800000, 0x0000000082800000|100%| O|  |TAMS 0x0000000082700000| PB 0x0000000082700000| Untracked |  0
|  40|0x0000000082800000, 0x0000000082900000, 0x0000000082900000|100%| O|Cm|TAMS 0x0000000082800000| PB 0x0000000082800000| Complete |  0
|  41|0x0000000082900000, 0x0000000082a00000, 0x0000000082a00000|100%| O|  |TAMS 0x0000000082900000| PB 0x0000000082900000| Untracked |  0
|  42|0x0000000082a00000, 0x0000000082b00000, 0x0000000082b00000|100%| O|Cm|TAMS 0x0000000082a00000| PB 0x0000000082a00000| Complete |  0
|  43|0x0000000082b00000, 0x0000000082c00000, 0x0000000082c00000|100%|HS|  |TAMS 0x0000000082b00000| PB 0x0000000082b00000| Complete |  0
|  44|0x0000000082c00000, 0x0000000082d00000, 0x0000000082d00000|100%| O|Cm|TAMS 0x0000000082c00000| PB 0x0000000082c00000| Complete |  0
|  45|0x0000000082d00000, 0x0000000082e00000, 0x0000000082e00000|100%| O|  |TAMS 0x0000000082d00000| PB 0x0000000082d00000| Untracked |  0
|  46|0x0000000082e00000, 0x0000000082f00000, 0x0000000082f00000|100%| O|  |TAMS 0x0000000082e00000| PB 0x0000000082e00000| Untracked |  0
|  47|0x0000000082f00000, 0x0000000083000000, 0x0000000083000000|100%| O|  |TAMS 0x0000000082f00000| PB 0x0000000082f00000| Untracked |  0
|  48|0x0000000083000000, 0x0000000083100000, 0x0000000083100000|100%| O|  |TAMS 0x0000000083000000| PB 0x0000000083000000| Untracked |  0
|  49|0x0000000083100000, 0x0000000083200000, 0x0000000083200000|100%| O|  |TAMS 0x0000000083100000| PB 0x0000000083100000| Untracked |  0
|  50|0x0000000083200000, 0x0000000083300000, 0x0000000083300000|100%| O|  |TAMS 0x0000000083200000| PB 0x0000000083200000| Untracked |  0
|  51|0x0000000083300000, 0x0000000083400000, 0x0000000083400000|100%| O|  |TAMS 0x0000000083300000| PB 0x0000000083300000| Untracked |  0
|  52|0x0000000083400000, 0x0000000083500000, 0x0000000083500000|100%| O|  |TAMS 0x0000000083400000| PB 0x0000000083400000| Untracked |  0
|  53|0x0000000083500000, 0x0000000083600000, 0x0000000083600000|100%| O|  |TAMS 0x0000000083500000| PB 0x0000000083500000| Untracked |  0
|  54|0x0000000083600000, 0x0000000083700000, 0x0000000083700000|100%|HS|  |TAMS 0x0000000083600000| PB 0x0000000083600000| Complete |  0
|  55|0x0000000083700000, 0x0000000083800000, 0x0000000083800000|100%|HC|  |TAMS 0x0000000083700000| PB 0x0000000083700000| Complete |  0
|  56|0x0000000083800000, 0x0000000083900000, 0x0000000083900000|100%|HC|  |TAMS 0x0000000083800000| PB 0x0000000083800000| Complete |  0
|  57|0x0000000083900000, 0x0000000083a00000, 0x0000000083a00000|100%|HC|  |TAMS 0x0000000083900000| PB 0x0000000083900000| Complete |  0
|  58|0x0000000083a00000, 0x0000000083b00000, 0x0000000083b00000|100%|HC|  |TAMS 0x0000000083a00000| PB 0x0000000083a00000| Complete |  0
|  59|0x0000000083b00000, 0x0000000083c00000, 0x0000000083c00000|100%|HC|  |TAMS 0x0000000083b00000| PB 0x0000000083b00000| Complete |  0
|  60|0x0000000083c00000, 0x0000000083d00000, 0x0000000083d00000|100%| O|  |TAMS 0x0000000083c00000| PB 0x0000000083c00000| Untracked |  0
|  61|0x0000000083d00000, 0x0000000083e00000, 0x0000000083e00000|100%| O|  |TAMS 0x0000000083d00000| PB 0x0000000083d00000| Untracked |  0
|  62|0x0000000083e00000, 0x0000000083f00000, 0x0000000083f00000|100%| O|  |TAMS 0x0000000083e00000| PB 0x0000000083e00000| Untracked |  0
|  63|0x0000000083f00000, 0x0000000084000000, 0x0000000084000000|100%| O|  |TAMS 0x0000000083f00000| PB 0x0000000083f00000| Untracked |  0
|  64|0x0000000084000000, 0x00000000840b61c0, 0x0000000084100000| 71%| O|  |TAMS 0x0000000084000000| PB 0x0000000084000000| Untracked |  0
|  65|0x0000000084100000, 0x0000000084100000, 0x0000000084200000|  0%| F|  |TAMS 0x0000000084100000| PB 0x0000000084100000| Untracked |  0
|  66|0x0000000084200000, 0x0000000084300000, 0x0000000084300000|100%| S|CS|TAMS 0x0000000084200000| PB 0x0000000084200000| Complete |  0
|  67|0x0000000084300000, 0x0000000084400000, 0x0000000084400000|100%| S|CS|TAMS 0x0000000084300000| PB 0x0000000084300000| Complete |  0
|  68|0x0000000084400000, 0x0000000084500000, 0x0000000084500000|100%| S|CS|TAMS 0x0000000084400000| PB 0x0000000084400000| Complete |  0
|  69|0x0000000084500000, 0x0000000084600000, 0x0000000084600000|100%| S|CS|TAMS 0x0000000084500000| PB 0x0000000084500000| Complete |  0
|  70|0x0000000084600000, 0x0000000084700000, 0x0000000084700000|100%| S|CS|TAMS 0x0000000084600000| PB 0x0000000084600000| Complete |  0
|  71|0x0000000084700000, 0x0000000084700000, 0x0000000084800000|  0%| F|  |TAMS 0x0000000084700000| PB 0x0000000084700000| Untracked |  0
|  72|0x0000000084800000, 0x0000000084800000, 0x0000000084900000|  0%| F|  |TAMS 0x0000000084800000| PB 0x0000000084800000| Untracked |  0
|  73|0x0000000084900000, 0x0000000084900000, 0x0000000084a00000|  0%| F|  |TAMS 0x0000000084900000| PB 0x0000000084900000| Untracked |  0
|  74|0x0000000084a00000, 0x0000000084a00000, 0x0000000084b00000|  0%| F|  |TAMS 0x0000000084a00000| PB 0x0000000084a00000| Untracked |  0
|  75|0x0000000084b00000, 0x0000000084b00000, 0x0000000084c00000|  0%| F|  |TAMS 0x0000000084b00000| PB 0x0000000084b00000| Untracked |  0
|  76|0x0000000084c00000, 0x0000000084c00000, 0x0000000084d00000|  0%| F|  |TAMS 0x0000000084c00000| PB 0x0000000084c00000| Untracked |  0
|  77|0x0000000084d00000, 0x0000000084d00000, 0x0000000084e00000|  0%| F|  |TAMS 0x0000000084d00000| PB 0x0000000084d00000| Untracked |  0
|  78|0x0000000084e00000, 0x0000000084e00000, 0x0000000084f00000|  0%| F|  |TAMS 0x0000000084e00000| PB 0x0000000084e00000| Untracked |  0
|  79|0x0000000084f00000, 0x0000000084f00000, 0x0000000085000000|  0%| F|  |TAMS 0x0000000084f00000| PB 0x0000000084f00000| Untracked |  0
|  80|0x0000000085000000, 0x0000000085000000, 0x0000000085100000|  0%| F|  |TAMS 0x0000000085000000| PB 0x0000000085000000| Untracked |  0
|  81|0x0000000085100000, 0x0000000085100000, 0x0000000085200000|  0%| F|  |TAMS 0x0000000085100000| PB 0x0000000085100000| Untracked |  0
|  82|0x0000000085200000, 0x0000000085200000, 0x0000000085300000|  0%| F|  |TAMS 0x0000000085200000| PB 0x0000000085200000| Untracked |  0
|  83|0x0000000085300000, 0x0000000085300000, 0x0000000085400000|  0%| F|  |TAMS 0x0000000085300000| PB 0x0000000085300000| Untracked |  0
|  84|0x0000000085400000, 0x0000000085400000, 0x0000000085500000|  0%| F|  |TAMS 0x0000000085400000| PB 0x0000000085400000| Untracked |  0
|  85|0x0000000085500000, 0x0000000085500000, 0x0000000085600000|  0%| F|  |TAMS 0x0000000085500000| PB 0x0000000085500000| Untracked |  0
|  86|0x0000000085600000, 0x0000000085600000, 0x0000000085700000|  0%| F|  |TAMS 0x0000000085600000| PB 0x0000000085600000| Untracked |  0
|  87|0x0000000085700000, 0x0000000085700000, 0x0000000085800000|  0%| F|  |TAMS 0x0000000085700000| PB 0x0000000085700000| Untracked |  0
|  88|0x0000000085800000, 0x0000000085800000, 0x0000000085900000|  0%| F|  |TAMS 0x0000000085800000| PB 0x0000000085800000| Untracked |  0
|  89|0x0000000085900000, 0x0000000085900000, 0x0000000085a00000|  0%| F|  |TAMS 0x0000000085900000| PB 0x0000000085900000| Untracked |  0
|  90|0x0000000085a00000, 0x0000000085a00000, 0x0000000085b00000|  0%| F|  |TAMS 0x0000000085a00000| PB 0x0000000085a00000| Untracked |  0
|  91|0x0000000085b00000, 0x0000000085b00000, 0x0000000085c00000|  0%| F|  |TAMS 0x0000000085b00000| PB 0x0000000085b00000| Untracked |  0
|  92|0x0000000085c00000, 0x0000000085c00000, 0x0000000085d00000|  0%| F|  |TAMS 0x0000000085c00000| PB 0x0000000085c00000| Untracked |  0
|  93|0x0000000085d00000, 0x0000000085d00000, 0x0000000085e00000|  0%| F|  |TAMS 0x0000000085d00000| PB 0x0000000085d00000| Untracked |  0
|  94|0x0000000085e00000, 0x0000000085e00000, 0x0000000085f00000|  0%| F|  |TAMS 0x0000000085e00000| PB 0x0000000085e00000| Untracked |  0
|  95|0x0000000085f00000, 0x0000000085f08200, 0x0000000086000000|  3%| E|  |TAMS 0x0000000085f00000| PB 0x0000000085f00000| Complete |  0
|  96|0x0000000086000000, 0x0000000086100000, 0x0000000086100000|100%| E|CS|TAMS 0x0000000086000000| PB 0x0000000086000000| Complete |  0
|  97|0x0000000086100000, 0x0000000086200000, 0x0000000086200000|100%| E|CS|TAMS 0x0000000086100000| PB 0x0000000086100000| Complete |  0
|  98|0x0000000086200000, 0x0000000086300000, 0x0000000086300000|100%| E|CS|TAMS 0x0000000086200000| PB 0x0000000086200000| Complete |  0
| 119|0x0000000087700000, 0x0000000087800000, 0x0000000087800000|100%| E|CS|TAMS 0x0000000087700000| PB 0x0000000087700000| Complete |  0
| 120|0x0000000087800000, 0x0000000087900000, 0x0000000087900000|100%| E|CS|TAMS 0x0000000087800000| PB 0x0000000087800000| Complete |  0
| 121|0x0000000087900000, 0x0000000087a00000, 0x0000000087a00000|100%| E|CS|TAMS 0x0000000087900000| PB 0x0000000087900000| Complete |  0
|2046|0x00000000ffe00000, 0x00000000fff00000, 0x00000000fff00000|100%| E|CS|TAMS 0x00000000ffe00000| PB 0x00000000ffe00000| Complete |  0
|2047|0x00000000fff00000, 0x0000000100000000, 0x0000000100000000|100%| E|CS|TAMS 0x00000000fff00000| PB 0x00000000fff00000| Complete |  0

Card table byte_map: [0x0000022156690000,0x0000022156a90000] _byte_map_base: 0x0000022156290000

Marking Bits: (CMBitMap*) 0x000002213ec5fbe0
 Bits: [0x0000022156a90000, 0x0000022158a90000)

Polling page: 0x000002213e3d0000

Metaspace:

Usage:
  Non-class:     66.84 MB used.
      Class:     11.19 MB used.
       Both:     78.03 MB used.

Virtual space:
  Non-class space:      128.00 MB reserved,      67.81 MB ( 53%) committed,  2 nodes.
      Class space:        1.00 GB reserved,      12.06 MB (  1%) committed,  1 nodes.
             Both:        1.12 GB reserved,      79.88 MB (  7%) committed. 

Chunk freelists:
   Non-Class:  11.70 MB
       Class:  3.88 MB
        Both:  15.58 MB

MaxMetaspaceSize: unlimited
CompressedClassSpaceSize: 1.00 GB
Initial GC threshold: 21.00 MB
Current GC threshold: 132.75 MB
CDS: on
 - commit_granule_bytes: 65536.
 - commit_granule_words: 8192.
 - virtual_space_node_default_size: 8388608.
 - enlarge_chunks_in_place: 1.
 - use_allocation_guard: 0.


Internal statistics:

num_allocs_failed_limit: 9.
num_arena_births: 3178.
num_arena_deaths: 0.
num_vsnodes_births: 3.
num_vsnodes_deaths: 0.
num_space_committed: 1276.
num_space_uncommitted: 0.
num_chunks_returned_to_freelist: 9.
num_chunks_taken_from_freelist: 6378.
num_chunk_merges: 9.
num_chunk_splits: 4436.
num_chunks_enlarged: 3091.
num_inconsistent_stats: 0.

CodeHeap 'non-profiled nmethods': size=120000Kb used=3758Kb max_used=3887Kb free=116242Kb
 bounds [0x000002214ea30000, 0x000002214ee20000, 0x0000022155f60000]
CodeHeap 'profiled nmethods': size=120000Kb used=13632Kb max_used=15196Kb free=106367Kb
 bounds [0x0000022146f60000, 0x0000022147e40000, 0x000002214e490000]
CodeHeap 'non-nmethods': size=5760Kb used=2848Kb max_used=2880Kb free=2911Kb
 bounds [0x000002214e490000, 0x000002214e770000, 0x000002214ea30000]
 total_blobs=7846 nmethods=6890 adapters=859
 compilation: enabled
              stopped_count=0, restarted_count=0
 full_count=0

Compilation events (20 events):
Event: 54.154 Thread 0x000002215b4bb3f0 8255       4       java.util.HashMap::put (13 bytes)
Event: 54.167 Thread 0x000002215b4bb3f0 nmethod 8255 0x000002214ea5ac90 code [0x000002214ea5aea0, 0x000002214ea5b7a8]
Event: 54.167 Thread 0x000002215b4bb3f0 8223       4       org.jetbrains.kotlin.com.intellij.openapi.util.Condition$1::value (10 bytes)
Event: 54.168 Thread 0x000002215b4bb3f0 nmethod 8223 0x000002214ed0ad10 code [0x000002214ed0ae80, 0x000002214ed0af10]
Event: 54.168 Thread 0x000002215b4bb3f0 8246       4       org.jetbrains.kotlin.com.intellij.util.SmartList::asArray (8 bytes)
Event: 54.168 Thread 0x000002215b4bb3f0 nmethod 8246 0x000002214eda4710 code [0x000002214eda48a0, 0x000002214eda4968]
Event: 54.169 Thread 0x000002215b4bb3f0 8256       4       org.jetbrains.kotlin.com.intellij.openapi.vfs.impl.jar.CoreJarHandler::getOrCreateFile (106 bytes)
Event: 54.203 Thread 0x000002215b4c1b50 8262       2       java.util.ArrayList::hashCodeRange (68 bytes)
Event: 54.203 Thread 0x000002215b4c1b50 nmethod 8262 0x000002214705f110 code [0x000002214705f2e0, 0x000002214705f5c0]
Event: 54.203 Thread 0x000002215b4c1b50 8263       2       java.util.AbstractMap$SimpleEntry::<init> (15 bytes)
Event: 54.203 Thread 0x000002215b4c1b50 nmethod 8263 0x0000022147176f10 code [0x00000221471770a0, 0x0000022147177250]
Event: 54.203 Thread 0x000002215b4c1b50 8261       2       java.util.ArrayList::hashCode (22 bytes)
Event: 54.203 Thread 0x000002215b4c1b50 nmethod 8261 0x0000022146ff6710 code [0x0000022146ff68c0, 0x0000022146ff6ae0]
Event: 54.203 Thread 0x000002215b4c1b50 8264       2       org.jetbrains.kotlin.com.intellij.util.containers.FactoryMap$$Lambda/0x000002215dc174e0::fun (8 bytes)
Event: 54.204 Thread 0x000002215b4c1b50 nmethod 8264 0x000002214730a690 code [0x000002214730a860, 0x000002214730ab80]
Event: 54.204 Thread 0x000002215b4c1b50 8265       2       java.util.AbstractMap$SimpleEntry::hashCode (38 bytes)
Event: 54.204 Thread 0x000002215b4c1b50 nmethod 8265 0x0000022147240e10 code [0x0000022147240fc0, 0x0000022147241170]
Event: 54.205 Thread 0x000002215b4c1b50 8266 %     3       java.util.ArrayList::hashCodeRange @ 25 (68 bytes)
Event: 54.205 Thread 0x000002215b4c1b50 nmethod 8266% 0x000002214727c610 code [0x000002214727c800, 0x000002214727cce8]
Event: 54.207 Thread 0x000002215b4c1b50 8267       3       java.util.ArrayList::hashCode (22 bytes)

GC Heap History (20 events):
Event: 36.138 GC heap before
{Heap before GC invocations=11 (full 0):
 garbage-first heap   total reserved 2097152K, committed 91136K, used 81019K [0x0000000080000000, 0x0000000100000000)
  region size 1024K, 41 young (41984K), 4 survivors (4096K)
 Metaspace       used 46345K, committed 48000K, reserved 1114112K
  class space    used 6655K, committed 7424K, reserved 1048576K
}
Event: 36.142 GC heap after
{Heap after GC invocations=12 (full 0):
 garbage-first heap   total reserved 2097152K, committed 91136K, used 42431K [0x0000000080000000, 0x0000000100000000)
  region size 1024K, 5 young (5120K), 5 survivors (5120K)
 Metaspace       used 46345K, committed 48000K, reserved 1114112K
  class space    used 6655K, committed 7424K, reserved 1048576K
}
Event: 37.716 GC heap before
{Heap before GC invocations=12 (full 0):
 garbage-first heap   total reserved 2097152K, committed 91136K, used 80319K [0x0000000080000000, 0x0000000100000000)
  region size 1024K, 42 young (43008K), 5 survivors (5120K)
 Metaspace       used 51449K, committed 53120K, reserved 1114112K
  class space    used 7396K, committed 8192K, reserved 1048576K
}
Event: 37.724 GC heap after
{Heap after GC invocations=13 (full 0):
 garbage-first heap   total reserved 2097152K, committed 91136K, used 44148K [0x0000000080000000, 0x0000000100000000)
  region size 1024K, 4 young (4096K), 4 survivors (4096K)
 Metaspace       used 51449K, committed 53120K, reserved 1114112K
  class space    used 7396K, committed 8192K, reserved 1048576K
}
Event: 40.164 GC heap before
{Heap before GC invocations=13 (full 0):
 garbage-first heap   total reserved 2097152K, committed 91136K, used 81012K [0x0000000080000000, 0x0000000100000000)
  region size 1024K, 40 young (40960K), 4 survivors (4096K)
 Metaspace       used 58905K, committed 60544K, reserved 1114112K
  class space    used 8319K, committed 9088K, reserved 1048576K
}
Event: 40.177 GC heap after
{Heap after GC invocations=14 (full 0):
 garbage-first heap   total reserved 2097152K, committed 93184K, used 51368K [0x0000000080000000, 0x0000000100000000)
  region size 1024K, 5 young (5120K), 5 survivors (5120K)
 Metaspace       used 58905K, committed 60544K, reserved 1114112K
  class space    used 8319K, committed 9088K, reserved 1048576K
}
Event: 40.340 GC heap before
{Heap before GC invocations=14 (full 0):
 garbage-first heap   total reserved 2097152K, committed 93184K, used 53416K [0x0000000080000000, 0x0000000100000000)
  region size 1024K, 8 young (8192K), 5 survivors (5120K)
 Metaspace       used 59130K, committed 60800K, reserved 1114112K
  class space    used 8335K, committed 9152K, reserved 1048576K
}
Event: 40.346 GC heap after
{Heap after GC invocations=15 (full 0):
 garbage-first heap   total reserved 2097152K, committed 93184K, used 52816K [0x0000000080000000, 0x0000000100000000)
  region size 1024K, 1 young (1024K), 1 survivors (1024K)
 Metaspace       used 59130K, committed 60800K, reserved 1114112K
  class space    used 8335K, committed 9152K, reserved 1048576K
}
Event: 44.689 GC heap before
{Heap before GC invocations=16 (full 0):
 garbage-first heap   total reserved 2097152K, committed 93184K, used 81488K [0x0000000080000000, 0x0000000100000000)
  region size 1024K, 29 young (29696K), 1 survivors (1024K)
 Metaspace       used 61678K, committed 63360K, reserved 1114112K
  class space    used 8677K, committed 9472K, reserved 1048576K
}
Event: 44.694 GC heap after
{Heap after GC invocations=17 (full 0):
 garbage-first heap   total reserved 2097152K, committed 93184K, used 54764K [0x0000000080000000, 0x0000000100000000)
  region size 1024K, 3 young (3072K), 3 survivors (3072K)
 Metaspace       used 61678K, committed 63360K, reserved 1114112K
  class space    used 8677K, committed 9472K, reserved 1048576K
}
Event: 47.197 GC heap before
{Heap before GC invocations=17 (full 0):
 garbage-first heap   total reserved 2097152K, committed 93184K, used 81388K [0x0000000080000000, 0x0000000100000000)
  region size 1024K, 30 young (30720K), 3 survivors (3072K)
 Metaspace       used 64369K, committed 66176K, reserved 1114112K
  class space    used 9082K, committed 9920K, reserved 1048576K
}
Event: 47.206 GC heap after
{Heap after GC invocations=18 (full 0):
 garbage-first heap   total reserved 2097152K, committed 93184K, used 55229K [0x0000000080000000, 0x0000000100000000)
  region size 1024K, 2 young (2048K), 2 survivors (2048K)
 Metaspace       used 64369K, committed 66176K, reserved 1114112K
  class space    used 9082K, committed 9920K, reserved 1048576K
}
Event: 51.298 GC heap before
{Heap before GC invocations=18 (full 0):
 garbage-first heap   total reserved 2097152K, committed 93184K, used 82877K [0x0000000080000000, 0x0000000100000000)
  region size 1024K, 29 young (29696K), 2 survivors (2048K)
 Metaspace       used 69337K, committed 71104K, reserved 1114112K
  class space    used 10118K, committed 10944K, reserved 1048576K
}
Event: 51.303 GC heap after
{Heap after GC invocations=19 (full 0):
 garbage-first heap   total reserved 2097152K, committed 93184K, used 56023K [0x0000000080000000, 0x0000000100000000)
  region size 1024K, 3 young (3072K), 3 survivors (3072K)
 Metaspace       used 69337K, committed 71104K, reserved 1114112K
  class space    used 10118K, committed 10944K, reserved 1048576K
}
Event: 53.011 GC heap before
{Heap before GC invocations=20 (full 0):
 garbage-first heap   total reserved 2097152K, committed 96256K, used 81623K [0x0000000080000000, 0x0000000100000000)
  region size 1024K, 29 young (29696K), 3 survivors (3072K)
 Metaspace       used 72805K, committed 74688K, reserved 1114112K
  class space    used 10585K, committed 11456K, reserved 1048576K
}
Event: 53.017 GC heap after
{Heap after GC invocations=21 (full 0):
 garbage-first heap   total reserved 2097152K, committed 96256K, used 56998K [0x0000000080000000, 0x0000000100000000)
  region size 1024K, 2 young (2048K), 2 survivors (2048K)
 Metaspace       used 72805K, committed 74688K, reserved 1114112K
  class space    used 10585K, committed 11456K, reserved 1048576K
}
Event: 53.788 GC heap before
{Heap before GC invocations=21 (full 0):
 garbage-first heap   total reserved 2097152K, committed 96256K, used 87718K [0x0000000080000000, 0x0000000100000000)
  region size 1024K, 32 young (32768K), 2 survivors (2048K)
 Metaspace       used 77533K, committed 79424K, reserved 1179648K
  class space    used 11187K, committed 12096K, reserved 1048576K
}
Event: 53.792 GC heap after
{Heap after GC invocations=22 (full 0):
 garbage-first heap   total reserved 2097152K, committed 96256K, used 55236K [0x0000000080000000, 0x0000000100000000)
  region size 1024K, 3 young (3072K), 3 survivors (3072K)
 Metaspace       used 77533K, committed 79424K, reserved 1179648K
  class space    used 11187K, committed 12096K, reserved 1048576K
}
Event: 53.934 GC heap before
{Heap before GC invocations=22 (full 0):
 garbage-first heap   total reserved 2097152K, committed 96256K, used 65476K [0x0000000080000000, 0x0000000100000000)
  region size 1024K, 14 young (14336K), 3 survivors (3072K)
 Metaspace       used 79350K, committed 81280K, reserved 1179648K
  class space    used 11421K, committed 12352K, reserved 1048576K
}
Event: 53.938 GC heap after
{Heap after GC invocations=23 (full 0):
 garbage-first heap   total reserved 2097152K, committed 96256K, used 55441K [0x0000000080000000, 0x0000000100000000)
  region size 1024K, 3 young (3072K), 3 survivors (3072K)
 Metaspace       used 79350K, committed 81280K, reserved 1179648K
  class space    used 11421K, committed 12352K, reserved 1048576K
}

Dll operation events (15 events):
Event: 0.094 Loaded shared library C:\Program Files\Java\jdk-22\bin\java.dll
Event: 0.809 Loaded shared library C:\Program Files\Java\jdk-22\bin\jsvml.dll
Event: 1.062 Loaded shared library C:\Program Files\Java\jdk-22\bin\zip.dll
Event: 1.076 Loaded shared library C:\Program Files\Java\jdk-22\bin\instrument.dll
Event: 1.096 Loaded shared library C:\Program Files\Java\jdk-22\bin\net.dll
Event: 1.103 Loaded shared library C:\Program Files\Java\jdk-22\bin\nio.dll
Event: 1.111 Loaded shared library C:\Program Files\Java\jdk-22\bin\zip.dll
Event: 2.255 Loaded shared library C:\Program Files\Java\jdk-22\bin\jimage.dll
Event: 3.609 Loaded shared library C:\Program Files\Java\jdk-22\bin\verify.dll
Event: 5.079 Loaded shared library C:\Users\UsEr\.gradle\native\c067742578af261105cb4f569cf0c3c89f3d7b1fecec35dd04571415982c5e48\windows-amd64\native-platform.dll
Event: 5.101 Loaded shared library C:\Users\UsEr\.gradle\native\100fb08df4bc3b14c8652ba06237920a3bd2aa13389f12d3474272988ae205f9\windows-amd64\native-platform-file-events.dll
Event: 10.303 Loaded shared library C:\Program Files\Java\jdk-22\bin\management.dll
Event: 10.314 Loaded shared library C:\Program Files\Java\jdk-22\bin\management_ext.dll
Event: 11.218 Loaded shared library C:\Program Files\Java\jdk-22\bin\extnet.dll
Event: 11.581 Loaded shared library C:\Program Files\Java\jdk-22\bin\sunmscapi.dll

Deoptimization events (20 events):
Event: 54.050 Thread 0x00000221a1fc28b0 Uncommon trap: trap_request=0xffffff45 fr.pc=0x000002214ed2114c relative=0x000000000000086c
Event: 54.050 Thread 0x00000221a1fc28b0 Uncommon trap: reason=unstable_if action=reinterpret pc=0x000002214ed2114c method=org.jetbrains.kotlin.com.intellij.openapi.vfs.impl.ZipEntryMap.get(Ljava/lang/Object;)Lorg/jetbrains/kotlin/com/intellij/openapi/vfs/impl/ArchiveHandler$EntryInfo; @ 61 c2
Event: 54.051 Thread 0x00000221a1fc28b0 DEOPT PACKING pc=0x000002214ed2114c sp=0x0000009e818f53c0
Event: 54.051 Thread 0x00000221a1fc28b0 DEOPT UNPACKING pc=0x000002214e4e46a2 sp=0x0000009e818f5320 mode 2
Event: 54.051 Thread 0x00000221a1fc28b0 Uncommon trap: trap_request=0xffffff45 fr.pc=0x000002214ed2e80c relative=0x00000000000005ec
Event: 54.051 Thread 0x00000221a1fc28b0 Uncommon trap: reason=unstable_if action=reinterpret pc=0x000002214ed2e80c method=org.jetbrains.kotlin.com.intellij.openapi.vfs.impl.ZipEntryMap.isTheOne(Lorg/jetbrains/kotlin/com/intellij/openapi/vfs/impl/ArchiveHandler$EntryInfo;Ljava/lang/CharSequence;
Event: 54.051 Thread 0x00000221a1fc28b0 DEOPT PACKING pc=0x000002214ed2e80c sp=0x0000009e818f52e0
Event: 54.051 Thread 0x00000221a1fc28b0 DEOPT UNPACKING pc=0x000002214e4e46a2 sp=0x0000009e818f52a8 mode 2
Event: 54.051 Thread 0x00000221a1fc28b0 Uncommon trap: trap_request=0xffffff45 fr.pc=0x000002214eda99a4 relative=0x0000000000000344
Event: 54.051 Thread 0x00000221a1fc28b0 Uncommon trap: reason=unstable_if action=reinterpret pc=0x000002214eda99a4 method=org.jetbrains.kotlin.com.intellij.openapi.vfs.impl.ZipEntryMap.put(Ljava/lang/String;Lorg/jetbrains/kotlin/com/intellij/openapi/vfs/impl/ArchiveHandler$EntryInfo;[Lorg/jetbr
Event: 54.051 Thread 0x00000221a1fc28b0 DEOPT PACKING pc=0x000002214eda99a4 sp=0x0000009e818f5350
Event: 54.051 Thread 0x00000221a1fc28b0 DEOPT UNPACKING pc=0x000002214e4e46a2 sp=0x0000009e818f52f8 mode 2
Event: 54.085 Thread 0x00000221a1fc28b0 Uncommon trap: trap_request=0xffffff45 fr.pc=0x000002214eb80f88 relative=0x00000000000007a8
Event: 54.085 Thread 0x00000221a1fc28b0 Uncommon trap: reason=unstable_if action=reinterpret pc=0x000002214eb80f88 method=org.jetbrains.kotlin.com.intellij.openapi.vfs.impl.ZipEntryMap.isTheOne(Lorg/jetbrains/kotlin/com/intellij/openapi/vfs/impl/ArchiveHandler$EntryInfo;Ljava/lang/CharSequence;
Event: 54.085 Thread 0x00000221a1fc28b0 DEOPT PACKING pc=0x000002214eb80f88 sp=0x0000009e818f5390
Event: 54.085 Thread 0x00000221a1fc28b0 DEOPT UNPACKING pc=0x000002214e4e46a2 sp=0x0000009e818f52d8 mode 2
Event: 54.121 Thread 0x00000221a1fc28b0 Uncommon trap: trap_request=0xffffff45 fr.pc=0x000002214ea76cf0 relative=0x0000000000000070
Event: 54.121 Thread 0x00000221a1fc28b0 Uncommon trap: reason=unstable_if action=reinterpret pc=0x000002214ea76cf0 method=java.util.zip.ZipFile$ZipEntryIterator.hasNext()Z @ 8 c2
Event: 54.121 Thread 0x00000221a1fc28b0 DEOPT PACKING pc=0x000002214ea76cf0 sp=0x0000009e818f5540
Event: 54.121 Thread 0x00000221a1fc28b0 DEOPT UNPACKING pc=0x000002214e4e46a2 sp=0x0000009e818f5478 mode 2

Classes loaded (20 events):
Event: 53.910 Loading class java/nio/channels/FileChannel$MapMode
Event: 53.911 Loading class java/nio/channels/FileChannel$MapMode done
Event: 53.911 Loading class jdk/internal/misc/ExtendedMapMode
Event: 53.911 Loading class jdk/internal/misc/ExtendedMapMode done
Event: 53.911 Loading class sun/nio/ch/FileChannelImpl$DefaultUnmapper
Event: 53.912 Loading class sun/nio/ch/FileChannelImpl$Unmapper
Event: 53.912 Loading class jdk/internal/access/foreign/UnmapperProxy
Event: 53.912 Loading class jdk/internal/access/foreign/UnmapperProxy done
Event: 53.912 Loading class sun/nio/ch/FileChannelImpl$Unmapper done
Event: 53.912 Loading class sun/nio/ch/FileChannelImpl$DefaultUnmapper done
Event: 53.912 Loading class sun/nio/ch/Util$4
Event: 53.912 Loading class sun/nio/ch/Util$4 done
Event: 53.917 Loading class java/io/UTFDataFormatException
Event: 53.917 Loading class java/io/UTFDataFormatException done
Event: 53.931 Loading class java/util/DualPivotQuicksort$PartitionOperation
Event: 53.932 Loading class java/util/DualPivotQuicksort$PartitionOperation done
Event: 53.932 Loading class java/util/DualPivotQuicksort$SortOperation
Event: 53.932 Loading class java/util/DualPivotQuicksort$SortOperation done
Event: 53.957 Loading class java/util/zip/ZipFile$ZipEntryIterator
Event: 53.957 Loading class java/util/zip/ZipFile$ZipEntryIterator done

Classes unloaded (0 events):
No events

Classes redefined (0 events):
No events

Internal exceptions (20 events):
Event: 45.843 Thread 0x00000221a1fc28b0 Exception <a 'java/lang/ClassNotFoundException'{0x0000000084a17418}: org/gradle/plugins/ide/eclipse/model/EclipseProject_DecoratedCustomizer> (0x0000000084a17418) 
thrown [s\open\src\hotspot\share\classfile\systemDictionary.cpp, line 313]
Event: 46.236 Thread 0x00000221a1fc35d0 Exception <a 'java/lang/NoSuchMethodError'{0x000000008498b0e8}: static Lorg/gradle/internal/build/event/types/DefaultProjectConfigurationDescriptor;.<clinit>()V> (0x000000008498b0e8) 
thrown [s\open\src\hotspot\share\prims\jni.cpp, line 1111]
Event: 48.540 Thread 0x00000221a1fc28b0 Exception <a 'java/lang/NoSuchMethodError'{0x0000000084bd3438}: 'java.lang.Object java.lang.invoke.DirectMethodHandle$Holder.invokeStaticInit(java.lang.Object, int)'> (0x0000000084bd3438) 
thrown [s\open\src\hotspot\share\interpreter\linkResolver.cpp, line 774]
Event: 50.358 Thread 0x00000221a1fc28b0 Implicit null exception at 0x000002214ed0aec4 to 0x000002214ed0b028
Event: 51.871 Thread 0x00000221a1fc28b0 Exception <a 'sun/nio/fs/WindowsException'{0x0000000085155fd8}> (0x0000000085155fd8) 
thrown [s\open\src\hotspot\share\prims\jni.cpp, line 520]
Event: 51.872 Thread 0x00000221a1fc28b0 Exception <a 'sun/nio/fs/WindowsException'{0x0000000085157d88}> (0x0000000085157d88) 
thrown [s\open\src\hotspot\share\prims\jni.cpp, line 520]
Event: 52.805 Thread 0x00000221a1fc28b0 Exception <a 'java/lang/NoSuchMethodError'{0x00000000847214f8}: 'long java.lang.invoke.DirectMethodHandle$Holder.invokeStatic(java.lang.Object)'> (0x00000000847214f8) 
thrown [s\open\src\hotspot\share\interpreter\linkResolver.cpp, line 774]
Event: 52.806 Thread 0x00000221a1fc28b0 Exception <a 'java/lang/NoSuchMethodError'{0x0000000084725d90}: 'long java.lang.invoke.DirectMethodHandle$Holder.invokeStaticInit(java.lang.Object)'> (0x0000000084725d90) 
thrown [s\open\src\hotspot\share\interpreter\linkResolver.cpp, line 774]
Event: 52.970 Thread 0x00000221a1fc28b0 Exception <a 'java/lang/NoSuchMethodError'{0x00000000842209d0}: 'long java.lang.invoke.Invokers$Holder.invoke_MT(java.lang.Object, java.lang.Object, java.lang.Object, java.lang.Object)'> (0x00000000842209d0) 
thrown [s\open\src\hotspot\share\interpreter\linkResolver.cpp, line 774]
Event: 52.972 Thread 0x00000221a1fc28b0 Exception <a 'java/lang/NoSuchMethodError'{0x00000000842293a8}: 'int java.lang.invoke.Invokers$Holder.invoke_MT(java.lang.Object, java.lang.Object, java.lang.Object, java.lang.Object)'> (0x00000000842293a8) 
thrown [s\open\src\hotspot\share\interpreter\linkResolver.cpp, line 774]
Event: 52.974 Thread 0x00000221a1fc28b0 Exception <a 'java/lang/NoSuchMethodError'{0x0000000084232220}: 'void java.lang.invoke.DelegatingMethodHandle$Holder.reinvoke_L(java.lang.Object, java.lang.Object, java.lang.Object, long, java.lang.Object)'> (0x0000000084232220) 
thrown [s\open\src\hotspot\share\interpreter\linkResolver.cpp, line 774]
Event: 52.976 Thread 0x00000221a1fc28b0 Exception <a 'java/lang/NoSuchMethodError'{0x0000000084244d18}: 'int java.lang.invoke.DelegatingMethodHandle$Holder.reinvoke_L(java.lang.Object, java.lang.Object, java.lang.Object, long, java.lang.Object, java.lang.Object)'> (0x0000000084244d18) 
thrown [s\open\src\hotspot\share\interpreter\linkResolver.cpp, line 774]
Event: 52.980 Thread 0x00000221a1fc28b0 Exception <a 'java/lang/NoSuchMethodError'{0x0000000084254370}: 'int java.lang.invoke.DelegatingMethodHandle$Holder.reinvoke_L(java.lang.Object, java.lang.Object, java.lang.Object, long, int, int)'> (0x0000000084254370) 
thrown [s\open\src\hotspot\share\interpreter\linkResolver.cpp, line 774]
Event: 52.984 Thread 0x00000221a1fc28b0 Exception <a 'java/lang/NoSuchMethodError'{0x0000000084263778}: 'int java.lang.invoke.DelegatingMethodHandle$Holder.reinvoke_L(java.lang.Object, java.lang.Object, java.lang.Object, long, long, long)'> (0x0000000084263778) 
thrown [s\open\src\hotspot\share\interpreter\linkResolver.cpp, line 774]
Event: 52.986 Thread 0x00000221a1fc28b0 Exception <a 'java/lang/NoSuchMethodError'{0x0000000084272840}: 'int java.lang.invoke.DelegatingMethodHandle$Holder.reinvoke_L(java.lang.Object, java.lang.Object, java.lang.Object, long, int)'> (0x0000000084272840) 
thrown [s\open\src\hotspot\share\interpreter\linkResolver.cpp, line 774]
Event: 53.881 Thread 0x00000221a1fc28b0 Exception <a 'java/lang/NoSuchMethodError'{0x00000000857b7ed8}: 'java.lang.Object java.lang.invoke.Invokers$Holder.invokeExact_MT(java.lang.Object, java.lang.Object, long, java.lang.Object)'> (0x00000000857b7ed8) 
thrown [s\open\src\hotspot\share\interpreter\linkResolver.cpp, line 774]
Event: 53.914 Thread 0x00000221a1fc28b0 Exception <a 'java/lang/NoSuchMethodError'{0x0000000085406880}: 'long java.lang.invoke.DirectMethodHandle$Holder.invokeStatic(java.lang.Object, java.lang.Object, int)'> (0x0000000085406880) 
thrown [s\open\src\hotspot\share\interpreter\linkResolver.cpp, line 774]
Event: 53.915 Thread 0x00000221a1fc28b0 Exception <a 'java/lang/NoSuchMethodError'{0x0000000085412e40}: 'java.lang.Object java.lang.invoke.DelegatingMethodHandle$Holder.reinvoke_L(java.lang.Object, int, long, java.lang.Object, java.lang.Object, int, java.lang.Object)'> (0x0000000085412e40) 
thrown [s\open\src\hotspot\share\interpreter\linkResolver.cpp, line 774]
Event: 53.932 Thread 0x00000221a1fc28b0 Exception <a 'java/lang/NoSuchMethodError'{0x00000000853640f0}: 'void java.lang.invoke.DirectMethodHandle$Holder.invokeStatic(java.lang.Object, java.lang.Object, int, int)'> (0x00000000853640f0) 
thrown [s\open\src\hotspot\share\interpreter\linkResolver.cpp, line 774]
Event: 53.957 Thread 0x00000221a1fc28b0 Implicit null exception at 0x000002214ec2f6ef to 0x000002214ec302d4

ZGC Phase Switch (0 events):
No events

VM Operations (20 events):
Event: 51.856 Executing VM operation: HandshakeAllThreads (Deoptimize)
Event: 51.856 Executing VM operation: HandshakeAllThreads (Deoptimize) done
Event: 52.824 Executing VM operation: HandshakeAllThreads (Deoptimize)
Event: 52.824 Executing VM operation: HandshakeAllThreads (Deoptimize) done
Event: 52.824 Executing VM operation: Cleanup
Event: 52.824 Executing VM operation: Cleanup done
Event: 53.011 Executing VM operation: G1CollectForAllocation (G1 Evacuation Pause)
Event: 53.017 Executing VM operation: G1CollectForAllocation (G1 Evacuation Pause) done
Event: 53.788 Executing VM operation: G1CollectForAllocation (G1 Evacuation Pause)
Event: 53.792 Executing VM operation: G1CollectForAllocation (G1 Evacuation Pause) done
Event: 53.798 Executing VM operation: HandshakeAllThreads (Deoptimize)
Event: 53.798 Executing VM operation: HandshakeAllThreads (Deoptimize) done
Event: 53.828 Executing VM operation: HandshakeAllThreads (Deoptimize)
Event: 53.828 Executing VM operation: HandshakeAllThreads (Deoptimize) done
Event: 53.934 Executing VM operation: G1TryInitiateConcMark (G1 Humongous Allocation)
Event: 53.938 Executing VM operation: G1TryInitiateConcMark (G1 Humongous Allocation) done
Event: 53.992 Executing VM operation: G1PauseRemark
Event: 53.999 Executing VM operation: G1PauseRemark done
Event: 54.040 Executing VM operation: G1PauseCleanup
Event: 54.040 Executing VM operation: G1PauseCleanup done

Memory protections (0 events):
No events

Nmethod flushes (20 events):
Event: 53.998 Thread 0x000002215b490bf0 flushing  nmethod 0x000002214772a510
Event: 53.998 Thread 0x000002215b490bf0 flushing  nmethod 0x000002214772a890
Event: 53.998 Thread 0x000002215b490bf0 flushing  nmethod 0x000002214772ca10
Event: 53.998 Thread 0x000002215b490bf0 flushing  nmethod 0x000002214772cd90
Event: 53.998 Thread 0x000002215b490bf0 flushing  nmethod 0x000002214772d810
Event: 53.998 Thread 0x000002215b490bf0 flushing  nmethod 0x0000022147738d10
Event: 53.998 Thread 0x000002215b490bf0 flushing  nmethod 0x000002214773e090
Event: 53.998 Thread 0x000002215b490bf0 flushing  nmethod 0x0000022147780e90
Event: 53.998 Thread 0x000002215b490bf0 flushing  nmethod 0x00000221477c6510
Event: 53.998 Thread 0x000002215b490bf0 flushing  nmethod 0x00000221477c6a90
Event: 53.998 Thread 0x000002215b490bf0 flushing  nmethod 0x00000221479c7e10
Event: 53.998 Thread 0x000002215b490bf0 flushing  nmethod 0x00000221479cae10
Event: 53.998 Thread 0x000002215b490bf0 flushing  nmethod 0x0000022147a93a10
Event: 53.998 Thread 0x000002215b490bf0 flushing  nmethod 0x0000022147af6490
Event: 53.998 Thread 0x000002215b490bf0 flushing  nmethod 0x0000022147af9490
Event: 53.998 Thread 0x000002215b490bf0 flushing  nmethod 0x0000022147b4a610
Event: 53.998 Thread 0x000002215b490bf0 flushing  nmethod 0x0000022147c83990
Event: 53.998 Thread 0x000002215b490bf0 flushing  nmethod 0x0000022147de1510
Event: 53.998 Thread 0x000002215b490bf0 flushing  nmethod 0x0000022147deda10
Event: 53.998 Thread 0x000002215b490bf0 flushing  nmethod 0x0000022147df4810

Events (20 events):
Event: 25.795 Thread 0x00000221a1fc28b0 Thread added: 0x00000221a5cfa780
Event: 26.932 Thread 0x000002215b4c1b50 Thread added: 0x00000221a1e00160
Event: 29.332 Thread 0x00000221a1e00160 Thread exited: 0x00000221a1e00160
Event: 30.979 Thread 0x000002215b4c1b50 Thread added: 0x00000221a465aad0
Event: 31.115 Thread 0x00000221a465aad0 Thread exited: 0x00000221a465aad0
Event: 31.967 Thread 0x000002215b4c1b50 Thread added: 0x00000221a4742b40
Event: 31.968 Thread 0x00000221a1fc28b0 Thread added: 0x00000221a5cf6c70
Event: 32.088 Thread 0x00000221a4742b40 Thread exited: 0x00000221a4742b40
Event: 32.138 Thread 0x00000221a1fc28b0 Thread added: 0x00000221a5cfae10
Event: 32.228 Thread 0x00000221a1fc28b0 Thread added: 0x00000221a5cfb4a0
Event: 32.698 Thread 0x000002215b4c1b50 Thread added: 0x00000221a4742b40
Event: 33.812 Thread 0x00000221a4742b40 Thread exited: 0x00000221a4742b40
Event: 37.647 Thread 0x000002215b4c1b50 Thread added: 0x00000221a3ed4420
Event: 38.309 Thread 0x00000221a3ed4420 Thread exited: 0x00000221a3ed4420
Event: 40.996 Thread 0x000002215b4c1b50 Thread added: 0x00000221a372f3a0
Event: 41.844 Thread 0x00000221a372f3a0 Thread exited: 0x00000221a372f3a0
Event: 46.841 Thread 0x000002215b4c1b50 Thread added: 0x00000221a306a9b0
Event: 47.003 Thread 0x00000221a1fc28b0 Thread added: 0x00000221a60a5ac0
Event: 47.706 Thread 0x00000221a306a9b0 Thread exited: 0x00000221a306a9b0
Event: 54.000 Thread 0x000002215b4bb3f0 Thread added: 0x00000221a306a9b0


Dynamic libraries:
0x00007ff741750000 - 0x00007ff741760000 	C:\Program Files\Java\jdk-22\bin\java.exe
0x00007ffd1c010000 - 0x00007ffd1c208000 	C:\Windows\SYSTEM32\ntdll.dll
0x00007ffd1bba0000 - 0x00007ffd1bc62000 	C:\Windows\System32\KERNEL32.DLL
0x00007ffd198a0000 - 0x00007ffd19b96000 	C:\Windows\System32\KERNELBASE.dll
0x00007ffd19d60000 - 0x00007ffd19e60000 	C:\Windows\System32\ucrtbase.dll
0x00007ffcf18a0000 - 0x00007ffcf18b7000 	C:\Program Files\Java\jdk-22\bin\jli.dll
0x00007ffd1aaf0000 - 0x00007ffd1ac8d000 	C:\Windows\System32\USER32.dll
0x00007ffd19700000 - 0x00007ffd19722000 	C:\Windows\System32\win32u.dll
0x00007ffd1b810000 - 0x00007ffd1b83b000 	C:\Windows\System32\GDI32.dll
0x00007ffd19ba0000 - 0x00007ffd19cba000 	C:\Windows\System32\gdi32full.dll
0x00007ffd19cc0000 - 0x00007ffd19d5d000 	C:\Windows\System32\msvcp_win.dll
0x00007ffcf1d00000 - 0x00007ffcf1d1b000 	C:\Program Files\Java\jdk-22\bin\VCRUNTIME140.dll
0x00007ffd059d0000 - 0x00007ffd05c6a000 	C:\Windows\WinSxS\amd64_microsoft.windows.common-controls_6595b64144ccf1df_6.0.19041.5794_none_60bcd33171f2783c\COMCTL32.dll
0x00007ffd1a0e0000 - 0x00007ffd1a17e000 	C:\Windows\System32\msvcrt.dll
0x00007ffd1a260000 - 0x00007ffd1a28f000 	C:\Windows\System32\IMM32.DLL
0x00007ffd127c0000 - 0x00007ffd127cc000 	C:\Program Files\Java\jdk-22\bin\vcruntime140_1.dll
0x00007ffceb700000 - 0x00007ffceb78e000 	C:\Program Files\Java\jdk-22\bin\msvcp140.dll
0x00007ffc90af0000 - 0x00007ffc91839000 	C:\Program Files\Java\jdk-22\bin\server\jvm.dll
0x00007ffd1a770000 - 0x00007ffd1a81f000 	C:\Windows\System32\ADVAPI32.dll
0x00007ffd1bb00000 - 0x00007ffd1bb9f000 	C:\Windows\System32\sechost.dll
0x00007ffd1ac90000 - 0x00007ffd1adb3000 	C:\Windows\System32\RPCRT4.dll
0x00007ffd19870000 - 0x00007ffd19897000 	C:\Windows\System32\bcrypt.dll
0x00007ffd1a8f0000 - 0x00007ffd1a95b000 	C:\Windows\System32\WS2_32.dll
0x00007ffd18c40000 - 0x00007ffd18c8b000 	C:\Windows\SYSTEM32\POWRPROF.dll
0x00007ffd06840000 - 0x00007ffd06867000 	C:\Windows\SYSTEM32\WINMM.dll
0x00007ffd06d70000 - 0x00007ffd06d7a000 	C:\Windows\SYSTEM32\VERSION.dll
0x00007ffd18ab0000 - 0x00007ffd18ac2000 	C:\Windows\SYSTEM32\UMPDC.dll
0x00007ffd17ed0000 - 0x00007ffd17ee2000 	C:\Windows\SYSTEM32\kernel.appcore.dll
0x00007ffcf2340000 - 0x00007ffcf234a000 	C:\Program Files\Java\jdk-22\bin\jimage.dll
0x00007ffd17c00000 - 0x00007ffd17de4000 	C:\Windows\SYSTEM32\DBGHELP.DLL
0x00007ffce9c10000 - 0x00007ffce9c44000 	C:\Windows\SYSTEM32\dbgcore.DLL
0x00007ffd19730000 - 0x00007ffd197b2000 	C:\Windows\System32\bcryptPrimitives.dll
0x00007ffcf2460000 - 0x00007ffcf246f000 	C:\Program Files\Java\jdk-22\bin\instrument.dll
0x00007ffcf1880000 - 0x00007ffcf189e000 	C:\Program Files\Java\jdk-22\bin\java.dll
0x00007ffd1b0a0000 - 0x00007ffd1b80e000 	C:\Windows\System32\SHELL32.dll
0x00007ffd1b9d0000 - 0x00007ffd1bafb000 	C:\Windows\System32\ole32.dll
0x00007ffd1bc70000 - 0x00007ffd1bfc3000 	C:\Windows\System32\combase.dll
0x00007ffd17380000 - 0x00007ffd17b23000 	C:\Windows\SYSTEM32\windows.storage.dll
0x00007ffd190e0000 - 0x00007ffd1910b000 	C:\Windows\SYSTEM32\Wldp.dll
0x00007ffd1b8a0000 - 0x00007ffd1b96d000 	C:\Windows\System32\OLEAUT32.dll
0x00007ffd1a840000 - 0x00007ffd1a8ed000 	C:\Windows\System32\SHCORE.dll
0x00007ffd1b970000 - 0x00007ffd1b9c5000 	C:\Windows\System32\shlwapi.dll
0x00007ffd195e0000 - 0x00007ffd19605000 	C:\Windows\SYSTEM32\profapi.dll
0x00007ffceb1a0000 - 0x00007ffceb277000 	C:\Program Files\Java\jdk-22\bin\jsvml.dll
0x00007ffcf08f0000 - 0x00007ffcf0907000 	C:\Program Files\Java\jdk-22\bin\zip.dll
0x00007ffcf2190000 - 0x00007ffcf21a0000 	C:\Program Files\Java\jdk-22\bin\net.dll
0x00007ffd18e40000 - 0x00007ffd18eac000 	C:\Windows\system32\mswsock.dll
0x00007ffcf1860000 - 0x00007ffcf1876000 	C:\Program Files\Java\jdk-22\bin\nio.dll
0x00007ffcf1cf0000 - 0x00007ffcf1d00000 	C:\Program Files\Java\jdk-22\bin\verify.dll
0x00007ffcf21a0000 - 0x00007ffcf21c7000 	C:\Users\UsEr\.gradle\native\c067742578af261105cb4f569cf0c3c89f3d7b1fecec35dd04571415982c5e48\windows-amd64\native-platform.dll
0x00007ffceb050000 - 0x00007ffceb194000 	C:\Users\UsEr\.gradle\native\100fb08df4bc3b14c8652ba06237920a3bd2aa13389f12d3474272988ae205f9\windows-amd64\native-platform-file-events.dll
0x00007ffcf2450000 - 0x00007ffcf245a000 	C:\Program Files\Java\jdk-22\bin\management.dll
0x00007ffcf08e0000 - 0x00007ffcf08eb000 	C:\Program Files\Java\jdk-22\bin\management_ext.dll
0x00007ffd1b090000 - 0x00007ffd1b098000 	C:\Windows\System32\PSAPI.DLL
0x00007ffd19040000 - 0x00007ffd19058000 	C:\Windows\SYSTEM32\CRYPTSP.dll
0x00007ffd186f0000 - 0x00007ffd18728000 	C:\Windows\system32\rsaenh.dll
0x00007ffd195a0000 - 0x00007ffd195ce000 	C:\Windows\SYSTEM32\USERENV.dll
0x00007ffd19030000 - 0x00007ffd1903c000 	C:\Windows\SYSTEM32\CRYPTBASE.dll
0x00007ffd18ad0000 - 0x00007ffd18b0b000 	C:\Windows\SYSTEM32\IPHLPAPI.DLL
0x00007ffd1a040000 - 0x00007ffd1a048000 	C:\Windows\System32\NSI.dll
0x00007ffcf08d0000 - 0x00007ffcf08d9000 	C:\Program Files\Java\jdk-22\bin\extnet.dll
0x00007ffcf08c0000 - 0x00007ffcf08ce000 	C:\Program Files\Java\jdk-22\bin\sunmscapi.dll
0x00007ffd19ee0000 - 0x00007ffd1a03d000 	C:\Windows\System32\CRYPT32.dll
0x00007ffd19150000 - 0x00007ffd19177000 	C:\Windows\SYSTEM32\ncrypt.dll
0x00007ffd19110000 - 0x00007ffd1914b000 	C:\Windows\SYSTEM32\NTASN1.dll
0x00007ffd134c0000 - 0x00007ffd134c7000 	C:\Windows\system32\wshunix.dll
0x00007ffd18940000 - 0x00007ffd18973000 	C:\Windows\SYSTEM32\ntmarta.dll

dbghelp: loaded successfully - version: 4.0.5 - missing functions: none
symbol engine: initialized successfully - sym options: 0x614 - pdb path: .;C:\Program Files\Java\jdk-22\bin;C:\Windows\SYSTEM32;C:\Windows\WinSxS\amd64_microsoft.windows.common-controls_6595b64144ccf1df_6.0.19041.5794_none_60bcd33171f2783c;C:\Program Files\Java\jdk-22\bin\server;C:\Users\UsEr\.gradle\native\c067742578af261105cb4f569cf0c3c89f3d7b1fecec35dd04571415982c5e48\windows-amd64;C:\Users\UsEr\.gradle\native\100fb08df4bc3b14c8652ba06237920a3bd2aa13389f12d3474272988ae205f9\windows-amd64

VM Arguments:
jvm_args: --add-opens=java.base/java.util=ALL-UNNAMED --add-opens=java.base/java.lang=ALL-UNNAMED --add-opens=java.base/java.lang.invoke=ALL-UNNAMED --add-opens=java.prefs/java.util.prefs=ALL-UNNAMED --add-exports=jdk.compiler/com.sun.tools.javac.api=ALL-UNNAMED --add-exports=jdk.compiler/com.sun.tools.javac.util=ALL-UNNAMED --add-opens=java.base/java.nio.charset=ALL-UNNAMED --add-opens=java.base/java.net=ALL-UNNAMED --add-opens=java.base/java.util.concurrent.atomic=ALL-UNNAMED -Xmx2048m -Dfile.encoding=UTF-8 -Duser.country=ID -Duser.language=en -Duser.variant -javaagent:C:\Users\UsEr\.gradle\wrapper\dists\gradle-8.9-bin\90cnw93cvbtalezasaz0blq0a\gradle-8.9\lib\agents\gradle-instrumentation-agent-8.9.jar 
java_command: org.gradle.launcher.daemon.bootstrap.GradleDaemon 8.9
java_class_path (initial): C:\Users\UsEr\.gradle\wrapper\dists\gradle-8.9-bin\90cnw93cvbtalezasaz0blq0a\gradle-8.9\lib\gradle-daemon-main-8.9.jar
Launcher Type: SUN_STANDARD

[Global flags]
     intx CICompilerCount                          = 4                                         {product} {ergonomic}
     uint ConcGCThreads                            = 2                                         {product} {ergonomic}
     uint G1ConcRefinementThreads                  = 8                                         {product} {ergonomic}
   size_t G1HeapRegionSize                         = 1048576                                   {product} {ergonomic}
   size_t InitialHeapSize                          = 127926272                                 {product} {ergonomic}
   size_t MarkStackSize                            = 4194304                                   {product} {ergonomic}
   size_t MaxHeapSize                              = 2147483648                                {product} {command line}
   size_t MaxNewSize                               = 1287651328                                {product} {ergonomic}
   size_t MinHeapDeltaBytes                        = 1048576                                   {product} {ergonomic}
   size_t MinHeapSize                              = 8388608                                   {product} {ergonomic}
    uintx NonNMethodCodeHeapSize                   = 5839372                                {pd product} {ergonomic}
    uintx NonProfiledCodeHeapSize                  = 122909434                              {pd product} {ergonomic}
    uintx ProfiledCodeHeapSize                     = 122909434                              {pd product} {ergonomic}
    uintx ReservedCodeCacheSize                    = 251658240                              {pd product} {ergonomic}
     bool SegmentedCodeCache                       = true                                      {product} {ergonomic}
   size_t SoftMaxHeapSize                          = 2147483648                             {manageable} {ergonomic}
     bool UseCompressedOops                        = true                           {product lp64_product} {ergonomic}
     bool UseG1GC                                  = true                                      {product} {ergonomic}
     bool UseLargePagesIndividualAllocation        = false                                  {pd product} {ergonomic}

Logging:
Log output configuration:
 #0: stdout all=warning uptime,level,tags foldmultilines=false
 #1: stderr all=off uptime,level,tags foldmultilines=false

Environment Variables:
PATH=C:\Program Files\Common Files\Oracle\Java\javapath;c:\Users\UsEr\AppData\Local\Programs\cursor\resources\app\bin;C:\Program Files (x86)\Common Files\Intel\Shared Files\cpp\bin\Intel64;C:\Windows\system32;C:\Windows;C:\Windows\System32\Wbem;C:\Windows\System32\WindowsPowerShell\v1.0\;C:\Windows\System32\OpenSSH\;C:\Program Files\Intel\WiFi\bin\;C:\Program Files\Common Files\Intel\WirelessCommon\;C:\Program Files\Git\cmd;C:\msys64\mingw64\bin;C:\Program Files\OpenSSL-Win64;C:\xampp\php;C:\ProgramData\ComposerSetup\bin;C:\Users\UsEr\AppData\Local\Microsoft\WindowsApps;C:\Users\UsEr\AppData\Roaming\Composer\vendor\bin;C:\Users\UsEr\AppData\Roaming\npm;c:\Users\UsEr\AppData\Local\Programs\cursor\resources\app\bin;c:\Users\UsEr\AppData\Local\Programs\cursor\resources\app\bin;C:\Program Files\nodejs\;C:\src\flutter\bin;C:\Program Files\Microsoft VS Code\bin;C:\Users\UsEr\AppData\Local\Packages\PythonSoftwareFoundation.Python.3.11_qbz5n2kfra8p0\LocalCache\local-packages\Python311\site-packages;C:\Users\UsEr\AppData\Local\Programs\Python\Python310\Scripts\;C:\Users\UsEr\AppData\Local\Programs\Python\Python310\;C:\Users\UsEr\AppData\Local\Microsoft\WindowsApps;C:\Users\UsEr\AppData\Roaming\Composer\vendor\bin;C:\Program Files\JetBrains\IntelliJ IDEA Community Edition 2024.2.0.2\bin;C:\Users\UsEr\AppData\Roaming\npm;C:\Users\UsEr\AppData\Local\GitHubDesktop\bin;C:\Windows\System32\WindowsPowerShell\v1.0;C:\src\flutter\bin;C:\Users\UsEr\.lmstudio\bin;C:\Program Files\kotlinc\bin;C:\Users\UsEr\AppData\Local\Programs\cursor\resources\app\bin
USERNAME=UsEr
OS=Windows_NT
PROCESSOR_IDENTIFIER=Intel64 Family 6 Model 142 Stepping 10, GenuineIntel
TMP=C:\Users\UsEr\AppData\Local\Temp
TEMP=C:\Users\UsEr\AppData\Local\Temp




Periodic native trim disabled

---------------  S Y S T E M  ---------------

OS:
 Windows 10 , 64 bit Build 19041 (10.0.19041.5794)
OS uptime: 0 days 16:42 hours

CPU: total 8 (initial active 8) (4 cores per cpu, 2 threads per core) family 6 model 142 stepping 10 microcode 0xb4, cx8, cmov, fxsr, ht, mmx, 3dnowpref, sse, sse2, sse3, ssse3, sse4.1, sse4.2, popcnt, lzcnt, tsc, tscinvbit, avx, avx2, aes, erms, clmul, bmi1, bmi2, rtm, adx, fma, vzeroupper, clflush, clflushopt, rdtscp, f16c
Processor Information for all 8 processors :
  Max Mhz: 1896, Current Mhz: 1696, Mhz Limit: 1687

Memory: 4k page, system-wide physical 7797M (452M free)
TotalPageFile size 19075M (AvailPageFile size 0M)
current process WorkingSet (physical memory assigned to process): 325M, peak: 325M
current process commit charge ("private bytes"): 360M, peak: 360M

vm_info: Java HotSpot(TM) 64-Bit Server VM (22.0.2+9-70) for windows-amd64 JRE (22.0.2+9-70), built on 2024-06-04T16:52:23Z by "mach5one" with MS VC++ 17.6 (VS2022)

END.
