#
# There is insufficient memory for the Java Runtime Environment to continue.
# Native memory allocation (malloc) failed to allocate 637776 bytes. Error detail: Chunk::new
# Possible reasons:
#   The system is out of physical RAM or swap space
#   This process is running with CompressedOops enabled, and the Java Heap may be blocking the growth of the native heap
# Possible solutions:
#   Reduce memory load on the system
#   Increase physical memory or swap space
#   Check if swap backing store is full
#   Decrease Java heap size (-Xmx/-Xms)
#   Decrease number of Java threads
#   Decrease Java thread stack sizes (-Xss)
#   Set larger code cache with -XX:ReservedCodeCacheSize=
#   JVM is running with Unscaled Compressed Oops mode in which the Java heap is
#     placed in the first 4GB address space. The Java Heap base address is the
#     maximum limit for the native heap growth. Please use -XX:HeapBaseMinAddress
#     to set the Java Heap base and to place the Java Heap above 4GB virtual address.
# This output file may be truncated or incomplete.
#
#  Out of Memory Error (arena.cpp:150), pid=16044, tid=11292
#
# JRE version: Java(TM) SE Runtime Environment (22.0.2+9) (build 22.0.2+9-70)
# Java VM: Java HotSpot(TM) 64-Bit Server VM (22.0.2+9-70, mixed mode, sharing, tiered, compressed oops, compressed class ptrs, g1 gc, windows-amd64)
# No core dump will be written. Minidumps are not enabled by default on client versions of Windows
#

---------------  S U M M A R Y ------------

Command Line: --add-opens=java.base/java.util=ALL-UNNAMED --add-opens=java.base/java.lang=ALL-UNNAMED --add-opens=java.base/java.lang.invoke=ALL-UNNAMED --add-opens=java.prefs/java.util.prefs=ALL-UNNAMED --add-exports=jdk.compiler/com.sun.tools.javac.api=ALL-UNNAMED --add-exports=jdk.compiler/com.sun.tools.javac.util=ALL-UNNAMED --add-opens=java.base/java.nio.charset=ALL-UNNAMED --add-opens=java.base/java.net=ALL-UNNAMED --add-opens=java.base/java.util.concurrent.atomic=ALL-UNNAMED -Xmx2048m -Dfile.encoding=UTF-8 -Duser.country=ID -Duser.language=en -Duser.variant -javaagent:C:\Users\UsEr\.gradle\wrapper\dists\gradle-8.9-bin\90cnw93cvbtalezasaz0blq0a\gradle-8.9\lib\agents\gradle-instrumentation-agent-8.9.jar org.gradle.launcher.daemon.bootstrap.GradleDaemon 8.9

Host: Intel(R) Core(TM) i5-8350U CPU @ 1.70GHz, 8 cores, 7G,  Windows 10 , 64 bit Build 19041 (10.0.19041.5794)
Time: Wed May  7 15:08:44 2025 SE Asia Standard Time elapsed time: 19.800191 seconds (0d 0h 0m 19s)

---------------  T H R E A D  ---------------

Current thread (0x000001754c233fd0):  JavaThread "C2 CompilerThread2" daemon [_thread_in_native, id=11292, stack(0x0000001dffe00000,0x0000001dfff00000) (1024K)]


Current CompileTask:
C2:19800 5862   !   4       java.net.URLClassLoader$1::run (81 bytes)

Stack: [0x0000001dffe00000,0x0000001dfff00000]
Native frames: (J=compiled Java code, j=interpreted, Vv=VM code, C=native code)
V  [jvm.dll+0x6e26e9]  (no source info available)
V  [jvm.dll+0x875753]  (no source info available)
V  [jvm.dll+0x877b7e]  (no source info available)
V  [jvm.dll+0x878253]  (no source info available)
V  [jvm.dll+0x27fc86]  (no source info available)
V  [jvm.dll+0xc3d0f]  (no source info available)
V  [jvm.dll+0xc3f6b]  (no source info available)
V  [jvm.dll+0x2f3c7f]  (no source info available)
V  [jvm.dll+0x60c0fa]  (no source info available)
V  [jvm.dll+0x250c92]  (no source info available)
V  [jvm.dll+0x2492a6]  (no source info available)
V  [jvm.dll+0x246da6]  (no source info available)
V  [jvm.dll+0x1c4e80]  (no source info available)
V  [jvm.dll+0x2568f3]  (no source info available)
V  [jvm.dll+0x254baa]  (no source info available)
V  [jvm.dll+0x3f57a6]  (no source info available)
V  [jvm.dll+0x81dc0b]  (no source info available)
V  [jvm.dll+0x6e0d85]  (no source info available)
C  [ucrtbase.dll+0x21bb2]  (no source info available)
C  [KERNEL32.DLL+0x17374]  (no source info available)
C  [ntdll.dll+0x4cc91]  (no source info available)


---------------  P R O C E S S  ---------------

Threads class SMR info:
_java_thread_list=0x00000175472e92a0, length=36, elements={
0x0000017564ef5550, 0x000001757f79da80, 0x000001757f79e9a0, 0x000001757f7a52c0,
0x000001757f7a7fb0, 0x000001757f7a8a10, 0x000001757f7ac1c0, 0x000001757f7bd950,
0x000001757f7c0840, 0x00000175471c63b0, 0x00000175473a3ab0, 0x0000017548aee4c0,
0x0000017548c6c040, 0x0000017564efeca0, 0x0000017547349500, 0x0000017547d00270,
0x0000017547361760, 0x000001754765e5f0, 0x000001754765ec80, 0x000001754765f310,
0x000001754765f9a0, 0x000001754765df60, 0x0000017547660030, 0x000001754765cbb0,
0x000001754765d8d0, 0x000001754ac63960, 0x000001754ac63ff0, 0x000001754ac66de0,
0x000001754ac653a0, 0x000001754ac64d10, 0x000001754ac65a30, 0x000001754ac61890,
0x000001754ac61f20, 0x000001754ac632d0, 0x0000017549586030, 0x000001754c233fd0
}

Java Threads: ( => current thread )
  0x0000017564ef5550 JavaThread "main"                              [_thread_blocked, id=1196, stack(0x0000001dfcc00000,0x0000001dfcd00000) (1024K)]
  0x000001757f79da80 JavaThread "Reference Handler"          daemon [_thread_blocked, id=17440, stack(0x0000001dfd400000,0x0000001dfd500000) (1024K)]
  0x000001757f79e9a0 JavaThread "Finalizer"                  daemon [_thread_blocked, id=15968, stack(0x0000001dfd500000,0x0000001dfd600000) (1024K)]
  0x000001757f7a52c0 JavaThread "Signal Dispatcher"          daemon [_thread_blocked, id=18128, stack(0x0000001dfd600000,0x0000001dfd700000) (1024K)]
  0x000001757f7a7fb0 JavaThread "Attach Listener"            daemon [_thread_blocked, id=16160, stack(0x0000001dfd700000,0x0000001dfd800000) (1024K)]
  0x000001757f7a8a10 JavaThread "Service Thread"             daemon [_thread_blocked, id=9604, stack(0x0000001dfd800000,0x0000001dfd900000) (1024K)]
  0x000001757f7ac1c0 JavaThread "Monitor Deflation Thread"   daemon [_thread_blocked, id=6768, stack(0x0000001dfd900000,0x0000001dfda00000) (1024K)]
  0x000001757f7bd950 JavaThread "C2 CompilerThread0"         daemon [_thread_blocked, id=11772, stack(0x0000001dfda00000,0x0000001dfdb00000) (1024K)]
  0x000001757f7c0840 JavaThread "C1 CompilerThread0"         daemon [_thread_blocked, id=7040, stack(0x0000001dfdb00000,0x0000001dfdc00000) (1024K)]
  0x00000175471c63b0 JavaThread "Common-Cleaner"             daemon [_thread_blocked, id=17652, stack(0x0000001dfdc00000,0x0000001dfdd00000) (1024K)]
  0x00000175473a3ab0 JavaThread "Notification Thread"        daemon [_thread_blocked, id=13940, stack(0x0000001dfdd00000,0x0000001dfde00000) (1024K)]
  0x0000017548aee4c0 JavaThread "Daemon health stats"               [_thread_blocked, id=12336, stack(0x0000001dfde00000,0x0000001dfdf00000) (1024K)]
  0x0000017548c6c040 JavaThread "Incoming local TCP Connector on port 55870"        [_thread_in_native, id=6224, stack(0x0000001dfe400000,0x0000001dfe500000) (1024K)]
  0x0000017564efeca0 JavaThread "Daemon periodic checks"            [_thread_blocked, id=5608, stack(0x0000001dfe300000,0x0000001dfe400000) (1024K)]
  0x0000017547349500 JavaThread "Daemon"                            [_thread_blocked, id=16352, stack(0x0000001dfe500000,0x0000001dfe600000) (1024K)]
  0x0000017547d00270 JavaThread "Handler for socket connection from /127.0.0.1:55870 to /127.0.0.1:55871"        [_thread_in_native, id=1576, stack(0x0000001dfe600000,0x0000001dfe700000) (1024K)]
  0x0000017547361760 JavaThread "Cancel handler"                    [_thread_blocked, id=9760, stack(0x0000001dfe700000,0x0000001dfe800000) (1024K)]
  0x000001754765e5f0 JavaThread "Daemon worker"                     [_thread_in_native, id=11576, stack(0x0000001dfe800000,0x0000001dfe900000) (1024K)]
  0x000001754765ec80 JavaThread "Asynchronous log dispatcher for DefaultDaemonConnection: socket connection from /127.0.0.1:55870 to /127.0.0.1:55871"        [_thread_blocked, id=10488, stack(0x0000001dfe900000,0x0000001dfea00000) (1024K)]
  0x000001754765f310 JavaThread "Stdin handler"                     [_thread_blocked, id=7140, stack(0x0000001dfea00000,0x0000001dfeb00000) (1024K)]
  0x000001754765f9a0 JavaThread "Daemon client event forwarder"        [_thread_blocked, id=8256, stack(0x0000001dfeb00000,0x0000001dfec00000) (1024K)]
  0x000001754765df60 JavaThread "Cache worker for journal cache (C:\Users\UsEr\.gradle\caches\journal-1)"        [_thread_blocked, id=1736, stack(0x0000001dfef00000,0x0000001dff000000) (1024K)]
  0x0000017547660030 JavaThread "File lock request listener"        [_thread_in_native, id=16536, stack(0x0000001dff000000,0x0000001dff100000) (1024K)]
  0x000001754765cbb0 JavaThread "Cache worker for file hash cache (C:\Users\UsEr\.gradle\caches\8.9\fileHashes)"        [_thread_blocked, id=7324, stack(0x0000001dff100000,0x0000001dff200000) (1024K)]
  0x000001754765d8d0 JavaThread "Cache worker for file hash cache (C:\Users\UsEr\AndroidStudioProjects\undistract-mobileapps\.gradle\8.9\fileHashes)"        [_thread_blocked, id=14452, stack(0x0000001dff400000,0x0000001dff500000) (1024K)]
  0x000001754ac63960 JavaThread "Cache worker for Build Output Cleanup Cache (C:\Users\UsEr\AndroidStudioProjects\undistract-mobileapps\.gradle\buildOutputCleanup)"        [_thread_blocked, id=9480, stack(0x0000001dff500000,0x0000001dff600000) (1024K)]
  0x000001754ac63ff0 JavaThread "File watcher server"        daemon [_thread_in_native, id=6280, stack(0x0000001dff600000,0x0000001dff700000) (1024K)]
  0x000001754ac66de0 JavaThread "File watcher consumer"      daemon [_thread_blocked, id=4972, stack(0x0000001dff700000,0x0000001dff800000) (1024K)]
  0x000001754ac653a0 JavaThread "Cache worker for checksums cache (C:\Users\UsEr\AndroidStudioProjects\undistract-mobileapps\.gradle\8.9\checksums)"        [_thread_blocked, id=6196, stack(0x0000001dff800000,0x0000001dff900000) (1024K)]
  0x000001754ac64d10 JavaThread "Cache worker for file content cache (C:\Users\UsEr\.gradle\caches\8.9\fileContent)"        [_thread_blocked, id=6160, stack(0x0000001dff900000,0x0000001dffa00000) (1024K)]
  0x000001754ac65a30 JavaThread "Cache worker for cache directory md-rule (C:\Users\UsEr\.gradle\caches\8.9\md-rule)"        [_thread_blocked, id=15640, stack(0x0000001dffa00000,0x0000001dffb00000) (1024K)]
  0x000001754ac61890 JavaThread "Cache worker for cache directory md-supplier (C:\Users\UsEr\.gradle\caches\8.9\md-supplier)"        [_thread_blocked, id=6028, stack(0x0000001dffb00000,0x0000001dffc00000) (1024K)]
  0x000001754ac61f20 JavaThread "jar transforms"                    [_thread_blocked, id=4516, stack(0x0000001dffc00000,0x0000001dffd00000) (1024K)]
  0x000001754ac632d0 JavaThread "jar transforms Thread 2"           [_thread_blocked, id=8016, stack(0x0000001dffd00000,0x0000001dffe00000) (1024K)]
  0x0000017549586030 JavaThread "C2 CompilerThread1"         daemon [_thread_in_native, id=3248, stack(0x0000001dff200000,0x0000001dff300000) (1024K)]
=>0x000001754c233fd0 JavaThread "C2 CompilerThread2"         daemon [_thread_in_native, id=11292, stack(0x0000001dffe00000,0x0000001dfff00000) (1024K)]
Total: 36

Other Threads:
  0x000001757f783fe0 VMThread "VM Thread"                           [id=16516, stack(0x0000001dfd300000,0x0000001dfd400000) (1024K)]
  0x000001757f76eaf0 WatcherThread "VM Periodic Task Thread"        [id=16048, stack(0x0000001dfd200000,0x0000001dfd300000) (1024K)]
  0x0000017564f4f550 WorkerThread "GC Thread#0"                     [id=17816, stack(0x0000001dfcd00000,0x0000001dfce00000) (1024K)]
  0x0000017547e9a180 WorkerThread "GC Thread#1"                     [id=5916, stack(0x0000001dfdf00000,0x0000001dfe000000) (1024K)]
  0x0000017547d2e360 WorkerThread "GC Thread#2"                     [id=5672, stack(0x0000001dfe000000,0x0000001dfe100000) (1024K)]
  0x00000175474e3740 WorkerThread "GC Thread#3"                     [id=7524, stack(0x0000001dfe100000,0x0000001dfe200000) (1024K)]
  0x0000017547dc9170 WorkerThread "GC Thread#4"                     [id=12564, stack(0x0000001dfe200000,0x0000001dfe300000) (1024K)]
  0x0000017547dca030 WorkerThread "GC Thread#5"                     [id=5360, stack(0x0000001dfec00000,0x0000001dfed00000) (1024K)]
  0x0000017547dca3e0 WorkerThread "GC Thread#6"                     [id=4636, stack(0x0000001dfed00000,0x0000001dfee00000) (1024K)]
  0x0000017548deb620 WorkerThread "GC Thread#7"                     [id=17756, stack(0x0000001dfee00000,0x0000001dfef00000) (1024K)]
  0x0000017564f606f0 ConcurrentGCThread "G1 Main Marker"            [id=1556, stack(0x0000001dfce00000,0x0000001dfcf00000) (1024K)]
  0x0000017564f621b0 WorkerThread "G1 Conc#0"                       [id=11352, stack(0x0000001dfcf00000,0x0000001dfd000000) (1024K)]
  0x0000017548deab10 WorkerThread "G1 Conc#1"                       [id=17944, stack(0x0000001dff300000,0x0000001dff400000) (1024K)]
  0x000001757f63f540 ConcurrentGCThread "G1 Refine#0"               [id=12040, stack(0x0000001dfd000000,0x0000001dfd100000) (1024K)]
  0x000001757f63fd70 ConcurrentGCThread "G1 Service"                [id=10720, stack(0x0000001dfd100000,0x0000001dfd200000) (1024K)]
Total: 15

Threads with active compile tasks:
C2 CompilerThread1  21110 5861       4       java.net.URLClassLoader$1::run (5 bytes)
C2 CompilerThread2  21111 5862   !   4       java.net.URLClassLoader$1::run (81 bytes)
Total: 2

VM state: not at safepoint (normal execution)

VM Mutex/Monitor currently owned by a thread: None

Heap address: 0x0000000080000000, size: 2048 MB, Compressed Oops mode: 32-bit

CDS archive(s) mapped at: [0x0000017502000000-0x0000017502c60000-0x0000017502c60000), size 12976128, SharedBaseAddress: 0x0000017502000000, ArchiveRelocationMode: 1.
Compressed class space mapped at: 0x0000017503000000-0x0000017543000000, reserved size: 1073741824
Narrow klass base: 0x0000017502000000, Narrow klass shift: 0, Narrow klass range: 0x41000000

GC Precious Log:
 CardTable entry size: 512
 Card Set container configuration: InlinePtr #cards 5 size 8 Array Of Cards #cards 12 size 40 Howl #buckets 4 coarsen threshold 1843 Howl Bitmap #cards 512 size 80 coarsen threshold 460 Card regions per heap region 1 cards per card region 2048
 CPUs: 8 total, 8 available
 Memory: 7797M
 Large Page Support: Disabled
 NUMA Support: Disabled
 Compressed Oops: Enabled (32-bit)
 Heap Region Size: 1M
 Heap Min Capacity: 8M
 Heap Initial Capacity: 122M
 Heap Max Capacity: 2G
 Pre-touch: Disabled
 Parallel Workers: 8
 Concurrent Workers: 2
 Concurrent Refinement Workers: 8
 Periodic GC: Disabled

Heap:
 garbage-first heap   total reserved 2097152K, committed 86016K, used 64037K [0x0000000080000000, 0x0000000100000000)
  region size 1024K, 31 young (31744K), 6 survivors (6144K)
 Metaspace       used 53169K, committed 54976K, reserved 1114112K
  class space    used 7769K, committed 8640K, reserved 1048576K

Heap Regions: E=young(eden), S=young(survivor), O=old, HS=humongous(starts), HC=humongous(continues), CS=collection set, F=free, TAMS=top-at-mark-start, PB=parsable bottom
|   0|0x0000000080000000, 0x0000000080100000, 0x0000000080100000|100%|HS|  |TAMS 0x0000000080000000| PB 0x0000000080000000| Complete |  0
|   1|0x0000000080100000, 0x0000000080200000, 0x0000000080200000|100%|HC|  |TAMS 0x0000000080100000| PB 0x0000000080100000| Complete |  0
|   2|0x0000000080200000, 0x0000000080300000, 0x0000000080300000|100%|HC|  |TAMS 0x0000000080200000| PB 0x0000000080200000| Complete |  0
|   3|0x0000000080300000, 0x0000000080400000, 0x0000000080400000|100%|HC|  |TAMS 0x0000000080300000| PB 0x0000000080300000| Complete |  0
|   4|0x0000000080400000, 0x0000000080500000, 0x0000000080500000|100%| O|  |TAMS 0x0000000080400000| PB 0x0000000080400000| Untracked |  0
|   5|0x0000000080500000, 0x0000000080600000, 0x0000000080600000|100%| O|  |TAMS 0x0000000080500000| PB 0x0000000080500000| Untracked |  0
|   6|0x0000000080600000, 0x0000000080700000, 0x0000000080700000|100%| O|  |TAMS 0x0000000080600000| PB 0x0000000080600000| Untracked |  0
|   7|0x0000000080700000, 0x0000000080800000, 0x0000000080800000|100%| O|  |TAMS 0x0000000080700000| PB 0x0000000080700000| Untracked |  0
|   8|0x0000000080800000, 0x0000000080900000, 0x0000000080900000|100%| O|  |TAMS 0x0000000080800000| PB 0x0000000080800000| Untracked |  0
|   9|0x0000000080900000, 0x0000000080a00000, 0x0000000080a00000|100%| O|  |TAMS 0x0000000080900000| PB 0x0000000080900000| Untracked |  0
|  10|0x0000000080a00000, 0x0000000080b00000, 0x0000000080b00000|100%| O|  |TAMS 0x0000000080a00000| PB 0x0000000080a00000| Untracked |  0
|  11|0x0000000080b00000, 0x0000000080c00000, 0x0000000080c00000|100%|HS|  |TAMS 0x0000000080b00000| PB 0x0000000080b00000| Complete |  0
|  12|0x0000000080c00000, 0x0000000080d00000, 0x0000000080d00000|100%| O|  |TAMS 0x0000000080c00000| PB 0x0000000080c00000| Untracked |  0
|  13|0x0000000080d00000, 0x0000000080e00000, 0x0000000080e00000|100%| O|  |TAMS 0x0000000080d00000| PB 0x0000000080d00000| Untracked |  0
|  14|0x0000000080e00000, 0x0000000080f00000, 0x0000000080f00000|100%| O|  |TAMS 0x0000000080e00000| PB 0x0000000080e00000| Untracked |  0
|  15|0x0000000080f00000, 0x0000000081000000, 0x0000000081000000|100%| O|  |TAMS 0x0000000080f00000| PB 0x0000000080f00000| Untracked |  0
|  16|0x0000000081000000, 0x0000000081100000, 0x0000000081100000|100%| O|  |TAMS 0x0000000081000000| PB 0x0000000081000000| Untracked |  0
|  17|0x0000000081100000, 0x0000000081200000, 0x0000000081200000|100%| O|  |TAMS 0x0000000081100000| PB 0x0000000081100000| Untracked |  0
|  18|0x0000000081200000, 0x0000000081300000, 0x0000000081300000|100%| O|  |TAMS 0x0000000081200000| PB 0x0000000081200000| Untracked |  0
|  19|0x0000000081300000, 0x0000000081400000, 0x0000000081400000|100%| O|  |TAMS 0x0000000081300000| PB 0x0000000081300000| Untracked |  0
|  20|0x0000000081400000, 0x0000000081500000, 0x0000000081500000|100%| O|  |TAMS 0x0000000081400000| PB 0x0000000081400000| Untracked |  0
|  21|0x0000000081500000, 0x0000000081600000, 0x0000000081600000|100%| O|  |TAMS 0x0000000081500000| PB 0x0000000081500000| Untracked |  0
|  22|0x0000000081600000, 0x0000000081700000, 0x0000000081700000|100%| O|  |TAMS 0x0000000081600000| PB 0x0000000081600000| Untracked |  0
|  23|0x0000000081700000, 0x0000000081800000, 0x0000000081800000|100%| O|  |TAMS 0x0000000081700000| PB 0x0000000081700000| Untracked |  0
|  24|0x0000000081800000, 0x0000000081800000, 0x0000000081900000|  0%| F|  |TAMS 0x0000000081800000| PB 0x0000000081800000| Untracked |  0
|  25|0x0000000081900000, 0x0000000081a00000, 0x0000000081a00000|100%| O|  |TAMS 0x0000000081900000| PB 0x0000000081900000| Untracked |  0
|  26|0x0000000081a00000, 0x0000000081b00000, 0x0000000081b00000|100%| O|  |TAMS 0x0000000081a00000| PB 0x0000000081a00000| Untracked |  0
|  27|0x0000000081b00000, 0x0000000081c00000, 0x0000000081c00000|100%| O|  |TAMS 0x0000000081b00000| PB 0x0000000081b00000| Untracked |  0
|  28|0x0000000081c00000, 0x0000000081d00000, 0x0000000081d00000|100%| O|  |TAMS 0x0000000081c00000| PB 0x0000000081c00000| Untracked |  0
|  29|0x0000000081d00000, 0x0000000081e00000, 0x0000000081e00000|100%| O|  |TAMS 0x0000000081d00000| PB 0x0000000081d00000| Untracked |  0
|  30|0x0000000081e00000, 0x0000000081f00000, 0x0000000081f00000|100%| O|  |TAMS 0x0000000081e00000| PB 0x0000000081e00000| Untracked |  0
|  31|0x0000000081f00000, 0x0000000082000000, 0x0000000082000000|100%| O|  |TAMS 0x0000000081f00000| PB 0x0000000081f00000| Untracked |  0
|  32|0x0000000082000000, 0x0000000082100000, 0x0000000082100000|100%| O|  |TAMS 0x0000000082000000| PB 0x0000000082000000| Untracked |  0
|  33|0x0000000082100000, 0x0000000082200000, 0x0000000082200000|100%| O|  |TAMS 0x0000000082100000| PB 0x0000000082100000| Untracked |  0
|  34|0x0000000082200000, 0x00000000822db050, 0x0000000082300000| 85%| O|  |TAMS 0x0000000082200000| PB 0x0000000082200000| Untracked |  0
|  35|0x0000000082300000, 0x0000000082300000, 0x0000000082400000|  0%| F|  |TAMS 0x0000000082300000| PB 0x0000000082300000| Untracked |  0
|  36|0x0000000082400000, 0x0000000082400000, 0x0000000082500000|  0%| F|  |TAMS 0x0000000082400000| PB 0x0000000082400000| Untracked |  0
|  37|0x0000000082500000, 0x00000000825ae510, 0x0000000082600000| 68%| S|CS|TAMS 0x0000000082500000| PB 0x0000000082500000| Complete |  0
|  38|0x0000000082600000, 0x0000000082700000, 0x0000000082700000|100%| S|CS|TAMS 0x0000000082600000| PB 0x0000000082600000| Complete |  0
|  39|0x0000000082700000, 0x0000000082800000, 0x0000000082800000|100%| S|CS|TAMS 0x0000000082700000| PB 0x0000000082700000| Complete |  0
|  40|0x0000000082800000, 0x0000000082800000, 0x0000000082900000|  0%| F|  |TAMS 0x0000000082800000| PB 0x0000000082800000| Untracked |  0
|  41|0x0000000082900000, 0x0000000082900000, 0x0000000082a00000|  0%| F|  |TAMS 0x0000000082900000| PB 0x0000000082900000| Untracked |  0
|  42|0x0000000082a00000, 0x0000000082a00000, 0x0000000082b00000|  0%| F|  |TAMS 0x0000000082a00000| PB 0x0000000082a00000| Untracked |  0
|  43|0x0000000082b00000, 0x0000000082b00000, 0x0000000082c00000|  0%| F|  |TAMS 0x0000000082b00000| PB 0x0000000082b00000| Untracked |  0
|  44|0x0000000082c00000, 0x0000000082d00000, 0x0000000082d00000|100%| S|CS|TAMS 0x0000000082c00000| PB 0x0000000082c00000| Complete |  0
|  45|0x0000000082d00000, 0x0000000082e00000, 0x0000000082e00000|100%| S|CS|TAMS 0x0000000082d00000| PB 0x0000000082d00000| Complete |  0
|  46|0x0000000082e00000, 0x0000000082f00000, 0x0000000082f00000|100%| S|CS|TAMS 0x0000000082e00000| PB 0x0000000082e00000| Complete |  0
|  47|0x0000000082f00000, 0x0000000082f00000, 0x0000000083000000|  0%| F|  |TAMS 0x0000000082f00000| PB 0x0000000082f00000| Untracked |  0
|  48|0x0000000083000000, 0x0000000083000000, 0x0000000083100000|  0%| F|  |TAMS 0x0000000083000000| PB 0x0000000083000000| Untracked |  0
|  49|0x0000000083100000, 0x0000000083100000, 0x0000000083200000|  0%| F|  |TAMS 0x0000000083100000| PB 0x0000000083100000| Untracked |  0
|  50|0x0000000083200000, 0x0000000083200000, 0x0000000083300000|  0%| F|  |TAMS 0x0000000083200000| PB 0x0000000083200000| Untracked |  0
|  51|0x0000000083300000, 0x0000000083300000, 0x0000000083400000|  0%| F|  |TAMS 0x0000000083300000| PB 0x0000000083300000| Untracked |  0
|  52|0x0000000083400000, 0x0000000083400000, 0x0000000083500000|  0%| F|  |TAMS 0x0000000083400000| PB 0x0000000083400000| Untracked |  0
|  53|0x0000000083500000, 0x0000000083500000, 0x0000000083600000|  0%| F|  |TAMS 0x0000000083500000| PB 0x0000000083500000| Untracked |  0
|  54|0x0000000083600000, 0x0000000083600000, 0x0000000083700000|  0%| F|  |TAMS 0x0000000083600000| PB 0x0000000083600000| Untracked |  0
|  55|0x0000000083700000, 0x0000000083700000, 0x0000000083800000|  0%| F|  |TAMS 0x0000000083700000| PB 0x0000000083700000| Untracked |  0
|  56|0x0000000083800000, 0x0000000083800000, 0x0000000083900000|  0%| F|  |TAMS 0x0000000083800000| PB 0x0000000083800000| Untracked |  0
|  57|0x0000000083900000, 0x0000000083900000, 0x0000000083a00000|  0%| F|  |TAMS 0x0000000083900000| PB 0x0000000083900000| Untracked |  0
|  58|0x0000000083a00000, 0x0000000083a00000, 0x0000000083b00000|  0%| F|  |TAMS 0x0000000083a00000| PB 0x0000000083a00000| Untracked |  0
|  59|0x0000000083b00000, 0x0000000083c00000, 0x0000000083c00000|100%| E|  |TAMS 0x0000000083b00000| PB 0x0000000083b00000| Complete |  0
|  60|0x0000000083c00000, 0x0000000083d00000, 0x0000000083d00000|100%| E|CS|TAMS 0x0000000083c00000| PB 0x0000000083c00000| Complete |  0
|  61|0x0000000083d00000, 0x0000000083e00000, 0x0000000083e00000|100%| E|CS|TAMS 0x0000000083d00000| PB 0x0000000083d00000| Complete |  0
|  62|0x0000000083e00000, 0x0000000083f00000, 0x0000000083f00000|100%| E|CS|TAMS 0x0000000083e00000| PB 0x0000000083e00000| Complete |  0
|  63|0x0000000083f00000, 0x0000000084000000, 0x0000000084000000|100%| E|CS|TAMS 0x0000000083f00000| PB 0x0000000083f00000| Complete |  0
|  64|0x0000000084000000, 0x0000000084100000, 0x0000000084100000|100%| E|CS|TAMS 0x0000000084000000| PB 0x0000000084000000| Complete |  0
|  65|0x0000000084100000, 0x0000000084200000, 0x0000000084200000|100%| E|CS|TAMS 0x0000000084100000| PB 0x0000000084100000| Complete |  0
|  66|0x0000000084200000, 0x0000000084300000, 0x0000000084300000|100%| E|CS|TAMS 0x0000000084200000| PB 0x0000000084200000| Complete |  0
|  67|0x0000000084300000, 0x0000000084400000, 0x0000000084400000|100%| E|  |TAMS 0x0000000084300000| PB 0x0000000084300000| Complete |  0
|  68|0x0000000084400000, 0x0000000084500000, 0x0000000084500000|100%| E|CS|TAMS 0x0000000084400000| PB 0x0000000084400000| Complete |  0
|  69|0x0000000084500000, 0x0000000084600000, 0x0000000084600000|100%| E|CS|TAMS 0x0000000084500000| PB 0x0000000084500000| Complete |  0
|  70|0x0000000084600000, 0x0000000084700000, 0x0000000084700000|100%| E|CS|TAMS 0x0000000084600000| PB 0x0000000084600000| Complete |  0
|  71|0x0000000084700000, 0x0000000084800000, 0x0000000084800000|100%| E|CS|TAMS 0x0000000084700000| PB 0x0000000084700000| Complete |  0
|  72|0x0000000084800000, 0x0000000084900000, 0x0000000084900000|100%| E|CS|TAMS 0x0000000084800000| PB 0x0000000084800000| Complete |  0
|  73|0x0000000084900000, 0x0000000084a00000, 0x0000000084a00000|100%| E|CS|TAMS 0x0000000084900000| PB 0x0000000084900000| Complete |  0
|  74|0x0000000084a00000, 0x0000000084b00000, 0x0000000084b00000|100%| E|CS|TAMS 0x0000000084a00000| PB 0x0000000084a00000| Complete |  0
|  75|0x0000000084b00000, 0x0000000084c00000, 0x0000000084c00000|100%| E|CS|TAMS 0x0000000084b00000| PB 0x0000000084b00000| Complete |  0
|  76|0x0000000084c00000, 0x0000000084d00000, 0x0000000084d00000|100%| E|CS|TAMS 0x0000000084c00000| PB 0x0000000084c00000| Complete |  0
|  77|0x0000000084d00000, 0x0000000084e00000, 0x0000000084e00000|100%| E|CS|TAMS 0x0000000084d00000| PB 0x0000000084d00000| Complete |  0
|  78|0x0000000084e00000, 0x0000000084f00000, 0x0000000084f00000|100%| E|CS|TAMS 0x0000000084e00000| PB 0x0000000084e00000| Complete |  0
|  79|0x0000000084f00000, 0x0000000085000000, 0x0000000085000000|100%| E|CS|TAMS 0x0000000084f00000| PB 0x0000000084f00000| Complete |  0
|  80|0x0000000085000000, 0x0000000085100000, 0x0000000085100000|100%| E|CS|TAMS 0x0000000085000000| PB 0x0000000085000000| Complete |  0
|  81|0x0000000085100000, 0x0000000085200000, 0x0000000085200000|100%| E|CS|TAMS 0x0000000085100000| PB 0x0000000085100000| Complete |  0
| 120|0x0000000087800000, 0x0000000087900000, 0x0000000087900000|100%| E|CS|TAMS 0x0000000087800000| PB 0x0000000087800000| Complete |  0
| 121|0x0000000087900000, 0x0000000087a00000, 0x0000000087a00000|100%| E|CS|TAMS 0x0000000087900000| PB 0x0000000087900000| Complete |  0

Card table byte_map: [0x000001757c980000,0x000001757cd80000] _byte_map_base: 0x000001757c580000

Marking Bits: (CMBitMap*) 0x0000017564f4fc60
 Bits: [0x000001757cd80000, 0x000001757ed80000)

Polling page: 0x00000175646c0000

Metaspace:

Usage:
  Non-class:     44.34 MB used.
      Class:      7.59 MB used.
       Both:     51.92 MB used.

Virtual space:
  Non-class space:       64.00 MB reserved,      45.25 MB ( 71%) committed,  1 nodes.
      Class space:        1.00 GB reserved,       8.44 MB ( <1%) committed,  1 nodes.
             Both:        1.06 GB reserved,      53.69 MB (  5%) committed. 

Chunk freelists:
   Non-Class:  2.42 MB
       Class:  7.48 MB
        Both:  9.91 MB

MaxMetaspaceSize: unlimited
CompressedClassSpaceSize: 1.00 GB
Initial GC threshold: 21.00 MB
Current GC threshold: 59.00 MB
CDS: on
 - commit_granule_bytes: 65536.
 - commit_granule_words: 8192.
 - virtual_space_node_default_size: 8388608.
 - enlarge_chunks_in_place: 1.
 - use_allocation_guard: 0.


Internal statistics:

num_allocs_failed_limit: 6.
num_arena_births: 2932.
num_arena_deaths: 0.
num_vsnodes_births: 2.
num_vsnodes_deaths: 0.
num_space_committed: 859.
num_space_uncommitted: 0.
num_chunks_returned_to_freelist: 6.
num_chunks_taken_from_freelist: 5246.
num_chunk_merges: 6.
num_chunk_splits: 3464.
num_chunks_enlarged: 2266.
num_inconsistent_stats: 0.

CodeHeap 'non-profiled nmethods': size=120000Kb used=3163Kb max_used=3163Kb free=116836Kb
 bounds [0x0000017574d20000, 0x0000017575040000, 0x000001757c250000]
CodeHeap 'profiled nmethods': size=120000Kb used=10137Kb max_used=10137Kb free=109862Kb
 bounds [0x000001756d250000, 0x000001756dc40000, 0x0000017574780000]
CodeHeap 'non-nmethods': size=5760Kb used=2763Kb max_used=2835Kb free=2996Kb
 bounds [0x0000017574780000, 0x0000017574a60000, 0x0000017574d20000]
 total_blobs=6241 nmethods=5356 adapters=789
 compilation: enabled
              stopped_count=0, restarted_count=0
 full_count=0

Compilation events (20 events):
Event: 19.411 Thread 0x000001754c233fd0 nmethod 5855 0x000001757501ec90 code [0x000001757501ee40, 0x000001757501f200]
Event: 19.413 Thread 0x000001757f7c0840 5856       1       org.gradle.internal.logging.events.ProgressStartEvent::getLoggingHeader (5 bytes)
Event: 19.413 Thread 0x000001757f7c0840 nmethod 5856 0x000001757501f410 code [0x000001757501f5a0, 0x000001757501f668]
Event: 19.413 Thread 0x000001757f7c0840 5857       1       java.nio.DirectByteBuffer::isReadOnly (2 bytes)
Event: 19.413 Thread 0x000001757f7c0840 nmethod 5857 0x000001757501f710 code [0x000001757501f8a0, 0x000001757501f968]
Event: 19.424 Thread 0x000001757f7c0840 5858       3       java.lang.StringUTF16::length (5 bytes)
Event: 19.424 Thread 0x000001757f7c0840 nmethod 5858 0x000001756dc2f110 code [0x000001756dc2f2a0, 0x000001756dc2f398]
Event: 19.424 Thread 0x000001757f7c0840 5859       3       java.lang.StringUTF16::checkIndex (9 bytes)
Event: 19.424 Thread 0x000001757f7c0840 nmethod 5859 0x000001756dc2f490 code [0x000001756dc2f640, 0x000001756dc2f838]
Event: 19.424 Thread 0x000001757f7c0840 5860       3       java.lang.StringUTF16::charAt (11 bytes)
Event: 19.424 Thread 0x000001757f7c0840 nmethod 5860 0x000001756dc2f990 code [0x000001756dc2fb40, 0x000001756dc2fda8]
Event: 19.481 Thread 0x0000017549586030 5861       4       java.net.URLClassLoader$1::run (5 bytes)
Event: 19.483 Thread 0x000001754c233fd0 5862   !   4       java.net.URLClassLoader$1::run (81 bytes)
Event: 19.496 Thread 0x000001757f7c0840 5864       1       org.jetbrains.kotlin.com.intellij.psi.tree.IElementType::getIndex (5 bytes)
Event: 19.496 Thread 0x000001757f7c0840 nmethod 5864 0x000001757501fa10 code [0x000001757501fba0, 0x000001757501fc70]
Event: 19.524 Thread 0x000001757f7c0840 5865       3       java.util.Collections$EmptyList::spliterator (4 bytes)
Event: 19.524 Thread 0x000001757f7c0840 nmethod 5865 0x000001756dc2ff10 code [0x000001756dc300a0, 0x000001756dc30210]
Event: 19.595 Thread 0x000001757f7bd950 nmethod 5694 0x000001757501fd10 code [0x00000175750206a0, 0x000001757502a6e8]
Event: 19.597 Thread 0x000001757f7bd950 5863       4       java.lang.ClassLoader::getDefinedPackage (36 bytes)
Event: 19.611 Thread 0x000001757f7bd950 nmethod 5863 0x0000017575032110 code [0x0000017575032360, 0x0000017575032fa8]

GC Heap History (20 events):
Event: 1.699 GC heap before
{Heap before GC invocations=1 (full 0):
 garbage-first heap   total reserved 2097152K, committed 124928K, used 41088K [0x0000000080000000, 0x0000000100000000)
  region size 1024K, 33 young (33792K), 3 survivors (3072K)
 Metaspace       used 4227K, committed 4416K, reserved 1114112K
  class space    used 534K, committed 640K, reserved 1048576K
}
Event: 1.704 GC heap after
{Heap after GC invocations=2 (full 0):
 garbage-first heap   total reserved 2097152K, committed 124928K, used 12056K [0x0000000080000000, 0x0000000100000000)
  region size 1024K, 2 young (2048K), 2 survivors (2048K)
 Metaspace       used 4227K, committed 4416K, reserved 1114112K
  class space    used 534K, committed 640K, reserved 1048576K
}
Event: 6.634 GC heap before
{Heap before GC invocations=2 (full 0):
 garbage-first heap   total reserved 2097152K, committed 124928K, used 85784K [0x0000000080000000, 0x0000000100000000)
  region size 1024K, 73 young (74752K), 2 survivors (2048K)
 Metaspace       used 12954K, committed 13376K, reserved 1114112K
  class space    used 1774K, committed 1984K, reserved 1048576K
}
Event: 6.646 GC heap after
{Heap after GC invocations=3 (full 0):
 garbage-first heap   total reserved 2097152K, committed 124928K, used 21352K [0x0000000080000000, 0x0000000100000000)
  region size 1024K, 10 young (10240K), 10 survivors (10240K)
 Metaspace       used 12954K, committed 13376K, reserved 1114112K
  class space    used 1774K, committed 1984K, reserved 1048576K
}
Event: 8.812 GC heap before
{Heap before GC invocations=3 (full 0):
 garbage-first heap   total reserved 2097152K, committed 124928K, used 74600K [0x0000000080000000, 0x0000000100000000)
  region size 1024K, 64 young (65536K), 10 survivors (10240K)
 Metaspace       used 20762K, committed 21504K, reserved 1114112K
  class space    used 3074K, committed 3392K, reserved 1048576K
}
Event: 8.824 GC heap after
{Heap after GC invocations=4 (full 0):
 garbage-first heap   total reserved 2097152K, committed 124928K, used 25264K [0x0000000080000000, 0x0000000100000000)
  region size 1024K, 4 young (4096K), 4 survivors (4096K)
 Metaspace       used 20762K, committed 21504K, reserved 1114112K
  class space    used 3074K, committed 3392K, reserved 1048576K
}
Event: 10.629 GC heap before
{Heap before GC invocations=5 (full 0):
 garbage-first heap   total reserved 2097152K, committed 86016K, used 72368K [0x0000000080000000, 0x0000000100000000)
  region size 1024K, 50 young (51200K), 4 survivors (4096K)
 Metaspace       used 26619K, committed 27648K, reserved 1114112K
  class space    used 4058K, committed 4544K, reserved 1048576K
}
Event: 10.638 GC heap after
{Heap after GC invocations=6 (full 0):
 garbage-first heap   total reserved 2097152K, committed 86016K, used 27412K [0x0000000080000000, 0x0000000100000000)
  region size 1024K, 7 young (7168K), 7 survivors (7168K)
 Metaspace       used 26619K, committed 27648K, reserved 1114112K
  class space    used 4058K, committed 4544K, reserved 1048576K
}
Event: 12.446 GC heap before
{Heap before GC invocations=6 (full 0):
 garbage-first heap   total reserved 2097152K, committed 86016K, used 69396K [0x0000000080000000, 0x0000000100000000)
  region size 1024K, 49 young (50176K), 7 survivors (7168K)
 Metaspace       used 34160K, committed 35392K, reserved 1114112K
  class space    used 5083K, committed 5696K, reserved 1048576K
}
Event: 12.458 GC heap after
{Heap after GC invocations=7 (full 0):
 garbage-first heap   total reserved 2097152K, committed 86016K, used 31351K [0x0000000080000000, 0x0000000100000000)
  region size 1024K, 7 young (7168K), 7 survivors (7168K)
 Metaspace       used 34160K, committed 35392K, reserved 1114112K
  class space    used 5083K, committed 5696K, reserved 1048576K
}
Event: 12.549 GC heap before
{Heap before GC invocations=7 (full 0):
 garbage-first heap   total reserved 2097152K, committed 86016K, used 34423K [0x0000000080000000, 0x0000000100000000)
  region size 1024K, 11 young (11264K), 7 survivors (7168K)
 Metaspace       used 34769K, committed 35968K, reserved 1114112K
  class space    used 5172K, committed 5760K, reserved 1048576K
}
Event: 12.557 GC heap after
{Heap after GC invocations=8 (full 0):
 garbage-first heap   total reserved 2097152K, committed 86016K, used 32357K [0x0000000080000000, 0x0000000100000000)
  region size 1024K, 2 young (2048K), 2 survivors (2048K)
 Metaspace       used 34769K, committed 35968K, reserved 1114112K
  class space    used 5172K, committed 5760K, reserved 1048576K
}
Event: 14.128 GC heap before
{Heap before GC invocations=9 (full 0):
 garbage-first heap   total reserved 2097152K, committed 86016K, used 77413K [0x0000000080000000, 0x0000000100000000)
  region size 1024K, 42 young (43008K), 2 survivors (2048K)
 Metaspace       used 37979K, committed 39360K, reserved 1114112K
  class space    used 5518K, committed 6144K, reserved 1048576K
}
Event: 14.133 GC heap after
{Heap after GC invocations=10 (full 0):
 garbage-first heap   total reserved 2097152K, committed 86016K, used 35753K [0x0000000080000000, 0x0000000100000000)
  region size 1024K, 5 young (5120K), 5 survivors (5120K)
 Metaspace       used 37979K, committed 39360K, reserved 1114112K
  class space    used 5518K, committed 6144K, reserved 1048576K
}
Event: 15.278 GC heap before
{Heap before GC invocations=10 (full 0):
 garbage-first heap   total reserved 2097152K, committed 86016K, used 73641K [0x0000000080000000, 0x0000000100000000)
  region size 1024K, 42 young (43008K), 5 survivors (5120K)
 Metaspace       used 40089K, committed 41664K, reserved 1114112K
  class space    used 5851K, committed 6592K, reserved 1048576K
}
Event: 15.284 GC heap after
{Heap after GC invocations=11 (full 0):
 garbage-first heap   total reserved 2097152K, committed 86016K, used 36786K [0x0000000080000000, 0x0000000100000000)
  region size 1024K, 3 young (3072K), 3 survivors (3072K)
 Metaspace       used 40089K, committed 41664K, reserved 1114112K
  class space    used 5851K, committed 6592K, reserved 1048576K
}
Event: 17.489 GC heap before
{Heap before GC invocations=11 (full 0):
 garbage-first heap   total reserved 2097152K, committed 86016K, used 76722K [0x0000000080000000, 0x0000000100000000)
  region size 1024K, 40 young (40960K), 3 survivors (3072K)
 Metaspace       used 45503K, committed 47168K, reserved 1114112K
  class space    used 6573K, committed 7360K, reserved 1048576K
}
Event: 17.491 GC heap after
{Heap after GC invocations=12 (full 0):
 garbage-first heap   total reserved 2097152K, committed 86016K, used 38004K [0x0000000080000000, 0x0000000100000000)
  region size 1024K, 4 young (4096K), 4 survivors (4096K)
 Metaspace       used 45503K, committed 47168K, reserved 1114112K
  class space    used 6573K, committed 7360K, reserved 1048576K
}
Event: 18.863 GC heap before
{Heap before GC invocations=12 (full 0):
 garbage-first heap   total reserved 2097152K, committed 86016K, used 75892K [0x0000000080000000, 0x0000000100000000)
  region size 1024K, 41 young (41984K), 4 survivors (4096K)
 Metaspace       used 50209K, committed 51904K, reserved 1114112K
  class space    used 7289K, committed 8128K, reserved 1048576K
}
Event: 18.876 GC heap after
{Heap after GC invocations=13 (full 0):
 garbage-first heap   total reserved 2097152K, committed 86016K, used 40485K [0x0000000080000000, 0x0000000100000000)
  region size 1024K, 6 young (6144K), 6 survivors (6144K)
 Metaspace       used 50209K, committed 51904K, reserved 1114112K
  class space    used 7289K, committed 8128K, reserved 1048576K
}

Dll operation events (15 events):
Event: 0.012 Loaded shared library C:\Program Files\Java\jdk-22\bin\java.dll
Event: 0.057 Loaded shared library C:\Program Files\Java\jdk-22\bin\jsvml.dll
Event: 0.130 Loaded shared library C:\Program Files\Java\jdk-22\bin\zip.dll
Event: 0.136 Loaded shared library C:\Program Files\Java\jdk-22\bin\instrument.dll
Event: 0.140 Loaded shared library C:\Program Files\Java\jdk-22\bin\net.dll
Event: 0.143 Loaded shared library C:\Program Files\Java\jdk-22\bin\nio.dll
Event: 0.147 Loaded shared library C:\Program Files\Java\jdk-22\bin\zip.dll
Event: 0.535 Loaded shared library C:\Program Files\Java\jdk-22\bin\jimage.dll
Event: 0.869 Loaded shared library C:\Program Files\Java\jdk-22\bin\verify.dll
Event: 1.152 Loaded shared library C:\Users\UsEr\.gradle\native\c067742578af261105cb4f569cf0c3c89f3d7b1fecec35dd04571415982c5e48\windows-amd64\native-platform.dll
Event: 1.157 Loaded shared library C:\Users\UsEr\.gradle\native\100fb08df4bc3b14c8652ba06237920a3bd2aa13389f12d3474272988ae205f9\windows-amd64\native-platform-file-events.dll
Event: 2.457 Loaded shared library C:\Program Files\Java\jdk-22\bin\management.dll
Event: 2.464 Loaded shared library C:\Program Files\Java\jdk-22\bin\management_ext.dll
Event: 4.134 Loaded shared library C:\Program Files\Java\jdk-22\bin\extnet.dll
Event: 6.200 Loaded shared library C:\Program Files\Java\jdk-22\bin\sunmscapi.dll

Deoptimization events (20 events):
Event: 19.130 Thread 0x000001754765e5f0 DEOPT PACKING pc=0x0000017574f05828 sp=0x0000001dfe8f9b70
Event: 19.130 Thread 0x000001754765e5f0 DEOPT UNPACKING pc=0x00000175747d46a2 sp=0x0000001dfe8f9ac8 mode 2
Event: 19.170 Thread 0x000001754765e5f0 Uncommon trap: trap_request=0xffffffc6 fr.pc=0x0000017574e8fbe8 relative=0x0000000000000288
Event: 19.170 Thread 0x000001754765e5f0 Uncommon trap: reason=bimorphic_or_optimized_type_check action=maybe_recompile pc=0x0000017574e8fbe8 method=java.util.Spliterators$IteratorSpliterator.tryAdvance(Ljava/util/function/Consumer;)Z @ 50 c2
Event: 19.170 Thread 0x000001754765e5f0 DEOPT PACKING pc=0x0000017574e8fbe8 sp=0x0000001dfe8f9f60
Event: 19.170 Thread 0x000001754765e5f0 DEOPT UNPACKING pc=0x00000175747d46a2 sp=0x0000001dfe8f9f00 mode 2
Event: 19.217 Thread 0x000001754765e5f0 Uncommon trap: trap_request=0xffffffc6 fr.pc=0x0000017574e8fbe8 relative=0x0000000000000288
Event: 19.217 Thread 0x000001754765e5f0 Uncommon trap: reason=bimorphic_or_optimized_type_check action=maybe_recompile pc=0x0000017574e8fbe8 method=java.util.Spliterators$IteratorSpliterator.tryAdvance(Ljava/util/function/Consumer;)Z @ 50 c2
Event: 19.217 Thread 0x000001754765e5f0 DEOPT PACKING pc=0x0000017574e8fbe8 sp=0x0000001dfe8f9f60
Event: 19.217 Thread 0x000001754765e5f0 DEOPT UNPACKING pc=0x00000175747d46a2 sp=0x0000001dfe8f9f00 mode 2
Event: 19.222 Thread 0x000001754765e5f0 Uncommon trap: trap_request=0xffffffc6 fr.pc=0x0000017574e8fbe8 relative=0x0000000000000288
Event: 19.222 Thread 0x000001754765e5f0 Uncommon trap: reason=bimorphic_or_optimized_type_check action=maybe_recompile pc=0x0000017574e8fbe8 method=java.util.Spliterators$IteratorSpliterator.tryAdvance(Ljava/util/function/Consumer;)Z @ 50 c2
Event: 19.222 Thread 0x000001754765e5f0 DEOPT PACKING pc=0x0000017574e8fbe8 sp=0x0000001dfe8f9f60
Event: 19.222 Thread 0x000001754765e5f0 DEOPT UNPACKING pc=0x00000175747d46a2 sp=0x0000001dfe8f9f00 mode 2
Event: 19.389 Thread 0x000001754765e5f0 DEOPT PACKING pc=0x000001756d79e3fe sp=0x0000001dfe8f4040
Event: 19.390 Thread 0x000001754765e5f0 DEOPT UNPACKING pc=0x00000175747d4e42 sp=0x0000001dfe8f35c0 mode 0
Event: 19.407 Thread 0x000001754765e5f0 Uncommon trap: trap_request=0xffffff45 fr.pc=0x0000017574fb41a0 relative=0x0000000000000300
Event: 19.407 Thread 0x000001754765e5f0 Uncommon trap: reason=unstable_if action=reinterpret pc=0x0000017574fb41a0 method=java.lang.String.indexOf([BBILjava/lang/String;I)I @ 22 c2
Event: 19.407 Thread 0x000001754765e5f0 DEOPT PACKING pc=0x0000017574fb41a0 sp=0x0000001dfe8f7920
Event: 19.407 Thread 0x000001754765e5f0 DEOPT UNPACKING pc=0x00000175747d46a2 sp=0x0000001dfe8f7830 mode 2

Classes loaded (20 events):
Event: 18.162 Loading class java/nio/file/AtomicMoveNotSupportedException
Event: 18.163 Loading class java/nio/file/AtomicMoveNotSupportedException done
Event: 18.186 Loading class java/io/FileWriter
Event: 18.187 Loading class java/io/FileWriter done
Event: 18.537 Loading class java/util/function/IntBinaryOperator
Event: 18.617 Loading class java/util/function/IntBinaryOperator done
Event: 18.885 Loading class sun/reflect/generics/tree/BooleanSignature
Event: 18.886 Loading class sun/reflect/generics/tree/BooleanSignature done
Event: 18.900 Loading class org/xml/sax/Locator
Event: 18.900 Loading class org/xml/sax/Locator done
Event: 18.901 Loading class org/xml/sax/SAXParseException
Event: 18.901 Loading class org/xml/sax/SAXParseException done
Event: 18.902 Loading class org/xml/sax/Attributes
Event: 18.902 Loading class org/xml/sax/Attributes done
Event: 18.976 Loading class java/io/SerialCallbackContext
Event: 18.976 Loading class java/io/SerialCallbackContext done
Event: 19.125 Loading class java/util/function/LongUnaryOperator
Event: 19.125 Loading class java/util/function/LongUnaryOperator done
Event: 19.141 Loading class java/util/DualPivotQuicksort
Event: 19.144 Loading class java/util/DualPivotQuicksort done

Classes unloaded (0 events):
No events

Classes redefined (0 events):
No events

Internal exceptions (20 events):
Event: 17.740 Thread 0x000001754765e5f0 Exception <a 'sun/nio/fs/WindowsException'{0x000000008469cd80}> (0x000000008469cd80) 
thrown [s\open\src\hotspot\share\prims\jni.cpp, line 520]
Event: 17.779 Thread 0x000001754765e5f0 Exception <a 'sun/nio/fs/WindowsException'{0x000000008437ce08}> (0x000000008437ce08) 
thrown [s\open\src\hotspot\share\prims\jni.cpp, line 520]
Event: 17.960 Thread 0x000001754765e5f0 Exception <a 'java/lang/NoSuchMethodError'{0x0000000083a706c0}: 'void java.lang.invoke.DirectMethodHandle$Holder.invokeStatic(java.lang.Object, java.lang.Object, java.lang.Object, java.lang.Object, java.lang.Object, java.lang.Object, java.lang.Object)'> (0x0000000083a706c0) 
thrown [s\open\src\hotspot\share\interpreter\linkResolver.cpp, line 774]
Event: 18.528 Thread 0x000001754765e5f0 Exception <a 'java/lang/ClassNotFoundException'{0x00000000830536f0}: org/gradle/internal/metaobject/ConfigureDelegateBeanInfo> (0x00000000830536f0) 
thrown [s\open\src\hotspot\share\classfile\systemDictionary.cpp, line 313]
Event: 18.529 Thread 0x000001754765e5f0 Exception <a 'java/lang/ClassNotFoundException'{0x000000008305e040}: org/gradle/internal/metaobject/ConfigureDelegateCustomizer> (0x000000008305e040) 
thrown [s\open\src\hotspot\share\classfile\systemDictionary.cpp, line 313]
Event: 18.860 Thread 0x000001754765e5f0 Exception <a 'java/lang/ClassNotFoundException'{0x0000000082fef858}: org/gradle/api/internal/project/DefaultProject_DecoratedBeanInfo> (0x0000000082fef858) 
thrown [s\open\src\hotspot\share\classfile\systemDictionary.cpp, line 313]
Event: 18.862 Thread 0x000001754765e5f0 Exception <a 'java/lang/ClassNotFoundException'{0x0000000082ffb108}: org/gradle/api/internal/project/DefaultProjectBeanInfo> (0x0000000082ffb108) 
thrown [s\open\src\hotspot\share\classfile\systemDictionary.cpp, line 313]
Event: 18.878 Thread 0x000001754765e5f0 Exception <a 'java/lang/ClassNotFoundException'{0x00000000879069f8}: org/gradle/api/internal/project/DefaultProjectCustomizer> (0x00000000879069f8) 
thrown [s\open\src\hotspot\share\classfile\systemDictionary.cpp, line 313]
Event: 18.894 Thread 0x000001754765e5f0 Exception <a 'java/lang/ClassNotFoundException'{0x00000000879d2a50}: org/gradle/api/internal/project/DefaultProject_DecoratedCustomizer> (0x00000000879d2a50) 
thrown [s\open\src\hotspot\share\classfile\systemDictionary.cpp, line 313]
Event: 18.907 Thread 0x000001754765e5f0 Exception <a 'java/lang/ClassNotFoundException'{0x0000000087880458}: org/gradle/configuration/internal/DefaultListenerBuildOperationDecorator$BuildOperationEmittingClosureBeanInfo> (0x0000000087880458) 
thrown [s\open\src\hotspot\share\classfile\systemDictionary.cpp, line 313]
Event: 18.907 Thread 0x000001754765e5f0 Exception <a 'java/lang/ClassNotFoundException'{0x000000008788c7e8}: org/gradle/configuration/internal/DefaultListenerBuildOperationDecorator$BuildOperationEmittingClosureCustomizer> (0x000000008788c7e8) 
thrown [s\open\src\hotspot\share\classfile\systemDictionary.cpp, line 313]
Event: 18.973 Thread 0x000001754765f9a0 Exception <a 'java/lang/NoSuchMethodError'{0x0000000085189778}: static Lorg/gradle/internal/build/event/types/DefaultProjectConfigurationDescriptor;.<clinit>()V> (0x0000000085189778) 
thrown [s\open\src\hotspot\share\prims\jni.cpp, line 1111]
Event: 19.125 Thread 0x000001754765e5f0 Exception <a 'java/lang/NoSuchMethodError'{0x0000000084ba72f0}: 'long java.lang.invoke.DirectMethodHandle$Holder.invokeStatic(java.lang.Object, long)'> (0x0000000084ba72f0) 
thrown [s\open\src\hotspot\share\interpreter\linkResolver.cpp, line 774]
Event: 19.224 Thread 0x000001754765e5f0 Exception <a 'java/lang/NoSuchMethodError'{0x000000008454c918}: 'java.lang.Object java.lang.invoke.DirectMethodHandle$Holder.invokeVirtual(java.lang.Object, java.lang.Object, java.lang.Object, java.lang.Object, java.lang.Object, java.lang.Object, java.lang.Object, java.lang.Object, java.lang.Object, java.lang.Object, java.lang.Object, java.lang.Object, java.lang.Object, java.lang.Object, java.lang.Object, java.lang.Object, java.lang.Object)'> (0x000000008454c918) 
thrown [s\open\src\hotspot\share\interpret
Event: 19.225 Thread 0x000001754765e5f0 Exception <a 'java/lang/NoSuchMethodError'{0x00000000845528f0}: 'java.lang.Object java.lang.invoke.DirectMethodHandle$Holder.invokeSpecial(java.lang.Object, java.lang.Object, java.lang.Object, java.lang.Object, java.lang.Object, java.lang.Object, java.lang.Object, java.lang.Object, java.lang.Object, java.lang.Object, java.lang.Object, java.lang.Object, java.lang.Object, java.lang.Object, java.lang.Object, java.lang.Object, java.lang.Object, java.lang.Object)'> (0x00000000845528f0) 
thrown [s\open\src\hotsp
Event: 19.225 Thread 0x000001754765e5f0 Exception <a 'java/lang/NoSuchMethodError'{0x0000000084557e38}: 'java.lang.Object java.lang.invoke.DelegatingMethodHandle$Holder.reinvoke_L(java.lang.Object, java.lang.Object, java.lang.Object, java.lang.Object, java.lang.Object, java.lang.Object, java.lang.Object, java.lang.Object, java.lang.Object, java.lang.Object, java.lang.Object, java.lang.Object, java.lang.Object, java.lang.Object, java.lang.Object, java.lang.Object, java.lang.Object)'> (0x0000000084557e38) 
thrown [s\open\src\hotspot\share\interpre
Event: 19.230 Thread 0x000001754765e5f0 Exception <a 'java/lang/NoSuchMethodError'{0x00000000845e2f08}: 'void java.lang.invoke.DirectMethodHandle$Holder.invokeStatic(java.lang.Object, java.lang.Object, java.lang.Object, java.lang.Object, java.lang.Object, java.lang.Object)'> (0x00000000845e2f08) 
thrown [s\open\src\hotspot\share\interpreter\linkResolver.cpp, line 774]
Event: 19.381 Thread 0x000001754765e5f0 Exception <a 'java/lang/IncompatibleClassChangeError'{0x00000000843eae28}: Found class java.lang.Object, but interface was expected> (0x00000000843eae28) 
thrown [s\open\src\hotspot\share\interpreter\linkResolver.cpp, line 841]
Event: 19.400 Thread 0x000001754765e5f0 Exception <a 'java/lang/NoSuchMethodError'{0x00000000842bc5a0}: 'void java.lang.invoke.DirectMethodHandle$Holder.invokeVirtual(java.lang.Object, java.lang.Object)'> (0x00000000842bc5a0) 
thrown [s\open\src\hotspot\share\interpreter\linkResolver.cpp, line 774]
Event: 19.435 Thread 0x000001754765e5f0 Exception <a 'java/lang/NoSuchMethodError'{0x0000000084060840}: 'java.lang.Object java.lang.invoke.DirectMethodHandle$Holder.invokeStaticInit(java.lang.Object, int)'> (0x0000000084060840) 
thrown [s\open\src\hotspot\share\interpreter\linkResolver.cpp, line 774]

ZGC Phase Switch (0 events):
No events

VM Operations (20 events):
Event: 15.278 Executing VM operation: G1CollectForAllocation (G1 Evacuation Pause)
Event: 15.284 Executing VM operation: G1CollectForAllocation (G1 Evacuation Pause) done
Event: 15.994 Executing VM operation: HandshakeAllThreads (Deoptimize)
Event: 15.994 Executing VM operation: HandshakeAllThreads (Deoptimize) done
Event: 17.007 Executing VM operation: Cleanup
Event: 17.007 Executing VM operation: Cleanup done
Event: 17.489 Executing VM operation: G1CollectForAllocation (G1 Evacuation Pause)
Event: 17.492 Executing VM operation: G1CollectForAllocation (G1 Evacuation Pause) done
Event: 18.016 Executing VM operation: HandshakeAllThreads (Deoptimize)
Event: 18.016 Executing VM operation: HandshakeAllThreads (Deoptimize) done
Event: 18.020 Executing VM operation: ICBufferFull
Event: 18.020 Executing VM operation: ICBufferFull done
Event: 18.192 Executing VM operation: HandshakeAllThreads (Deoptimize)
Event: 18.192 Executing VM operation: HandshakeAllThreads (Deoptimize) done
Event: 18.863 Executing VM operation: G1CollectForAllocation (G1 Evacuation Pause)
Event: 18.876 Executing VM operation: G1CollectForAllocation (G1 Evacuation Pause) done
Event: 19.425 Executing VM operation: HandshakeAllThreads (Deoptimize)
Event: 19.425 Executing VM operation: HandshakeAllThreads (Deoptimize) done
Event: 19.434 Executing VM operation: HandshakeAllThreads (Deoptimize)
Event: 19.434 Executing VM operation: HandshakeAllThreads (Deoptimize) done

Memory protections (0 events):
No events

Nmethod flushes (20 events):
Event: 12.595 Thread 0x000001757f783fe0 flushing  nmethod 0x000001756d3c3910
Event: 12.595 Thread 0x000001757f783fe0 flushing  nmethod 0x000001756d3c8f10
Event: 12.595 Thread 0x000001757f783fe0 flushing  nmethod 0x000001756d3f6590
Event: 12.595 Thread 0x000001757f783fe0 flushing  nmethod 0x000001756d3f7e10
Event: 12.595 Thread 0x000001757f783fe0 flushing  nmethod 0x000001756d408290
Event: 12.595 Thread 0x000001757f783fe0 flushing  nmethod 0x000001756d437190
Event: 12.595 Thread 0x000001757f783fe0 flushing  nmethod 0x000001756d517790
Event: 12.595 Thread 0x000001757f783fe0 flushing  nmethod 0x000001756d518210
Event: 12.595 Thread 0x000001757f783fe0 flushing  nmethod 0x000001756d5aab90
Event: 12.595 Thread 0x000001757f783fe0 flushing  nmethod 0x000001756d5add10
Event: 12.595 Thread 0x000001757f783fe0 flushing  nmethod 0x000001756d5af610
Event: 12.595 Thread 0x000001757f783fe0 flushing  nmethod 0x000001756d5b0890
Event: 12.595 Thread 0x000001757f783fe0 flushing  nmethod 0x000001756d5fd510
Event: 12.595 Thread 0x000001757f783fe0 flushing  nmethod 0x000001756d5fde10
Event: 12.595 Thread 0x000001757f783fe0 flushing  nmethod 0x000001756d606590
Event: 12.595 Thread 0x000001757f783fe0 flushing  nmethod 0x000001756d607490
Event: 12.595 Thread 0x000001757f783fe0 flushing  nmethod 0x000001756d6c9290
Event: 12.595 Thread 0x000001757f783fe0 flushing  nmethod 0x000001756d6c9810
Event: 12.595 Thread 0x000001757f783fe0 flushing  nmethod 0x000001756d6c9c90
Event: 12.595 Thread 0x000001757f783fe0 flushing  nmethod 0x000001756d6ecf10

Events (20 events):
Event: 9.004 Thread 0x000001754765e5f0 Thread added: 0x000001754ac63960
Event: 9.617 Thread 0x000001754765e5f0 Thread added: 0x000001754ac63ff0
Event: 9.633 Thread 0x000001754765e5f0 Thread added: 0x000001754ac66de0
Event: 10.230 Thread 0x000001754765e5f0 Thread added: 0x000001754ac653a0
Event: 10.312 Thread 0x000001754765e5f0 Thread added: 0x000001754ac64d10
Event: 10.703 Thread 0x000001754765e5f0 Thread added: 0x000001754ac65a30
Event: 11.103 Thread 0x000001754765e5f0 Thread added: 0x000001754ac61890
Event: 11.468 Thread 0x00000175496d1260 Thread exited: 0x00000175496d1260
Event: 11.480 Thread 0x000001757f7c0840 Thread added: 0x00000175496d1260
Event: 11.624 Thread 0x000001754765e5f0 Thread added: 0x000001754ac61f20
Event: 11.735 Thread 0x000001754765e5f0 Thread added: 0x000001754ac632d0
Event: 14.123 Thread 0x00000175496d1260 Thread exited: 0x00000175496d1260
Event: 16.351 Thread 0x000001757f7c0840 Thread added: 0x000001754a93b020
Event: 17.114 Thread 0x000001754a93b020 Thread exited: 0x000001754a93b020
Event: 17.597 Thread 0x000001757f7c0840 Thread added: 0x000001754932c210
Event: 17.790 Thread 0x000001754932c210 Thread exited: 0x000001754932c210
Event: 17.981 Thread 0x000001757f7c0840 Thread added: 0x000001754a7dc2c0
Event: 18.394 Thread 0x000001754a7dc2c0 Thread exited: 0x000001754a7dc2c0
Event: 19.198 Thread 0x000001757f7c0840 Thread added: 0x0000017549586030
Event: 19.219 Thread 0x000001757f7c0840 Thread added: 0x000001754c233fd0


Dynamic libraries:
0x00007ff741750000 - 0x00007ff741760000 	C:\Program Files\Java\jdk-22\bin\java.exe
0x00007ffd1c010000 - 0x00007ffd1c208000 	C:\Windows\SYSTEM32\ntdll.dll
0x00007ffd1bba0000 - 0x00007ffd1bc62000 	C:\Windows\System32\KERNEL32.DLL
0x00007ffd198a0000 - 0x00007ffd19b96000 	C:\Windows\System32\KERNELBASE.dll
0x00007ffd19d60000 - 0x00007ffd19e60000 	C:\Windows\System32\ucrtbase.dll
0x00007ffcf1d00000 - 0x00007ffcf1d1b000 	C:\Program Files\Java\jdk-22\bin\VCRUNTIME140.dll
0x00007ffcf18a0000 - 0x00007ffcf18b7000 	C:\Program Files\Java\jdk-22\bin\jli.dll
0x00007ffd1aaf0000 - 0x00007ffd1ac8d000 	C:\Windows\System32\USER32.dll
0x00007ffd059d0000 - 0x00007ffd05c6a000 	C:\Windows\WinSxS\amd64_microsoft.windows.common-controls_6595b64144ccf1df_6.0.19041.5794_none_60bcd33171f2783c\COMCTL32.dll
0x00007ffd19700000 - 0x00007ffd19722000 	C:\Windows\System32\win32u.dll
0x00007ffd1a0e0000 - 0x00007ffd1a17e000 	C:\Windows\System32\msvcrt.dll
0x00007ffd1b810000 - 0x00007ffd1b83b000 	C:\Windows\System32\GDI32.dll
0x00007ffd19ba0000 - 0x00007ffd19cba000 	C:\Windows\System32\gdi32full.dll
0x00007ffd19cc0000 - 0x00007ffd19d5d000 	C:\Windows\System32\msvcp_win.dll
0x00007ffd1a260000 - 0x00007ffd1a28f000 	C:\Windows\System32\IMM32.DLL
0x00007ffd127c0000 - 0x00007ffd127cc000 	C:\Program Files\Java\jdk-22\bin\vcruntime140_1.dll
0x00007ffceb700000 - 0x00007ffceb78e000 	C:\Program Files\Java\jdk-22\bin\msvcp140.dll
0x00007ffc90af0000 - 0x00007ffc91839000 	C:\Program Files\Java\jdk-22\bin\server\jvm.dll
0x00007ffd1a770000 - 0x00007ffd1a81f000 	C:\Windows\System32\ADVAPI32.dll
0x00007ffd1bb00000 - 0x00007ffd1bb9f000 	C:\Windows\System32\sechost.dll
0x00007ffd1ac90000 - 0x00007ffd1adb3000 	C:\Windows\System32\RPCRT4.dll
0x00007ffd19870000 - 0x00007ffd19897000 	C:\Windows\System32\bcrypt.dll
0x00007ffd1a8f0000 - 0x00007ffd1a95b000 	C:\Windows\System32\WS2_32.dll
0x00007ffd18c40000 - 0x00007ffd18c8b000 	C:\Windows\SYSTEM32\POWRPROF.dll
0x00007ffd06840000 - 0x00007ffd06867000 	C:\Windows\SYSTEM32\WINMM.dll
0x00007ffd06d70000 - 0x00007ffd06d7a000 	C:\Windows\SYSTEM32\VERSION.dll
0x00007ffd18ab0000 - 0x00007ffd18ac2000 	C:\Windows\SYSTEM32\UMPDC.dll
0x00007ffd17ed0000 - 0x00007ffd17ee2000 	C:\Windows\SYSTEM32\kernel.appcore.dll
0x00007ffcf2340000 - 0x00007ffcf234a000 	C:\Program Files\Java\jdk-22\bin\jimage.dll
0x00007ffd17c00000 - 0x00007ffd17de4000 	C:\Windows\SYSTEM32\DBGHELP.DLL
0x00007ffce9c10000 - 0x00007ffce9c44000 	C:\Windows\SYSTEM32\dbgcore.DLL
0x00007ffd19730000 - 0x00007ffd197b2000 	C:\Windows\System32\bcryptPrimitives.dll
0x00007ffcf2460000 - 0x00007ffcf246f000 	C:\Program Files\Java\jdk-22\bin\instrument.dll
0x00007ffcf1880000 - 0x00007ffcf189e000 	C:\Program Files\Java\jdk-22\bin\java.dll
0x00007ffd1b0a0000 - 0x00007ffd1b80e000 	C:\Windows\System32\SHELL32.dll
0x00007ffd1b9d0000 - 0x00007ffd1bafb000 	C:\Windows\System32\ole32.dll
0x00007ffd1bc70000 - 0x00007ffd1bfc3000 	C:\Windows\System32\combase.dll
0x00007ffd17380000 - 0x00007ffd17b23000 	C:\Windows\SYSTEM32\windows.storage.dll
0x00007ffd190e0000 - 0x00007ffd1910b000 	C:\Windows\SYSTEM32\Wldp.dll
0x00007ffd1b8a0000 - 0x00007ffd1b96d000 	C:\Windows\System32\OLEAUT32.dll
0x00007ffd1a840000 - 0x00007ffd1a8ed000 	C:\Windows\System32\SHCORE.dll
0x00007ffd1b970000 - 0x00007ffd1b9c5000 	C:\Windows\System32\shlwapi.dll
0x00007ffd195e0000 - 0x00007ffd19605000 	C:\Windows\SYSTEM32\profapi.dll
0x00007ffceb1a0000 - 0x00007ffceb277000 	C:\Program Files\Java\jdk-22\bin\jsvml.dll
0x00007ffcf08f0000 - 0x00007ffcf0907000 	C:\Program Files\Java\jdk-22\bin\zip.dll
0x00007ffcf2190000 - 0x00007ffcf21a0000 	C:\Program Files\Java\jdk-22\bin\net.dll
0x00007ffd18e40000 - 0x00007ffd18eac000 	C:\Windows\system32\mswsock.dll
0x00007ffcf1860000 - 0x00007ffcf1876000 	C:\Program Files\Java\jdk-22\bin\nio.dll
0x00007ffcf1cf0000 - 0x00007ffcf1d00000 	C:\Program Files\Java\jdk-22\bin\verify.dll
0x00007ffcf21a0000 - 0x00007ffcf21c7000 	C:\Users\UsEr\.gradle\native\c067742578af261105cb4f569cf0c3c89f3d7b1fecec35dd04571415982c5e48\windows-amd64\native-platform.dll
0x00007ffceb050000 - 0x00007ffceb194000 	C:\Users\UsEr\.gradle\native\100fb08df4bc3b14c8652ba06237920a3bd2aa13389f12d3474272988ae205f9\windows-amd64\native-platform-file-events.dll
0x00007ffcf2450000 - 0x00007ffcf245a000 	C:\Program Files\Java\jdk-22\bin\management.dll
0x00007ffcf08e0000 - 0x00007ffcf08eb000 	C:\Program Files\Java\jdk-22\bin\management_ext.dll
0x00007ffd1b090000 - 0x00007ffd1b098000 	C:\Windows\System32\PSAPI.DLL
0x00007ffd19040000 - 0x00007ffd19058000 	C:\Windows\SYSTEM32\CRYPTSP.dll
0x00007ffd186f0000 - 0x00007ffd18728000 	C:\Windows\system32\rsaenh.dll
0x00007ffd195a0000 - 0x00007ffd195ce000 	C:\Windows\SYSTEM32\USERENV.dll
0x00007ffd19030000 - 0x00007ffd1903c000 	C:\Windows\SYSTEM32\CRYPTBASE.dll
0x00007ffd18ad0000 - 0x00007ffd18b0b000 	C:\Windows\SYSTEM32\IPHLPAPI.DLL
0x00007ffd1a040000 - 0x00007ffd1a048000 	C:\Windows\System32\NSI.dll
0x00007ffcf08d0000 - 0x00007ffcf08d9000 	C:\Program Files\Java\jdk-22\bin\extnet.dll
0x00007ffcf08c0000 - 0x00007ffcf08ce000 	C:\Program Files\Java\jdk-22\bin\sunmscapi.dll
0x00007ffd19ee0000 - 0x00007ffd1a03d000 	C:\Windows\System32\CRYPT32.dll
0x00007ffd19150000 - 0x00007ffd19177000 	C:\Windows\SYSTEM32\ncrypt.dll
0x00007ffd19110000 - 0x00007ffd1914b000 	C:\Windows\SYSTEM32\NTASN1.dll
0x00007ffd134c0000 - 0x00007ffd134c7000 	C:\Windows\system32\wshunix.dll

dbghelp: loaded successfully - version: 4.0.5 - missing functions: none
symbol engine: initialized successfully - sym options: 0x614 - pdb path: .;C:\Program Files\Java\jdk-22\bin;C:\Windows\SYSTEM32;C:\Windows\WinSxS\amd64_microsoft.windows.common-controls_6595b64144ccf1df_6.0.19041.5794_none_60bcd33171f2783c;C:\Program Files\Java\jdk-22\bin\server;C:\Users\UsEr\.gradle\native\c067742578af261105cb4f569cf0c3c89f3d7b1fecec35dd04571415982c5e48\windows-amd64;C:\Users\UsEr\.gradle\native\100fb08df4bc3b14c8652ba06237920a3bd2aa13389f12d3474272988ae205f9\windows-amd64

VM Arguments:
jvm_args: --add-opens=java.base/java.util=ALL-UNNAMED --add-opens=java.base/java.lang=ALL-UNNAMED --add-opens=java.base/java.lang.invoke=ALL-UNNAMED --add-opens=java.prefs/java.util.prefs=ALL-UNNAMED --add-exports=jdk.compiler/com.sun.tools.javac.api=ALL-UNNAMED --add-exports=jdk.compiler/com.sun.tools.javac.util=ALL-UNNAMED --add-opens=java.base/java.nio.charset=ALL-UNNAMED --add-opens=java.base/java.net=ALL-UNNAMED --add-opens=java.base/java.util.concurrent.atomic=ALL-UNNAMED -Xmx2048m -Dfile.encoding=UTF-8 -Duser.country=ID -Duser.language=en -Duser.variant -javaagent:C:\Users\UsEr\.gradle\wrapper\dists\gradle-8.9-bin\90cnw93cvbtalezasaz0blq0a\gradle-8.9\lib\agents\gradle-instrumentation-agent-8.9.jar 
java_command: org.gradle.launcher.daemon.bootstrap.GradleDaemon 8.9
java_class_path (initial): C:\Users\UsEr\.gradle\wrapper\dists\gradle-8.9-bin\90cnw93cvbtalezasaz0blq0a\gradle-8.9\lib\gradle-daemon-main-8.9.jar
Launcher Type: SUN_STANDARD

[Global flags]
     intx CICompilerCount                          = 4                                         {product} {ergonomic}
     uint ConcGCThreads                            = 2                                         {product} {ergonomic}
     uint G1ConcRefinementThreads                  = 8                                         {product} {ergonomic}
   size_t G1HeapRegionSize                         = 1048576                                   {product} {ergonomic}
   size_t InitialHeapSize                          = 127926272                                 {product} {ergonomic}
   size_t MarkStackSize                            = 4194304                                   {product} {ergonomic}
   size_t MaxHeapSize                              = 2147483648                                {product} {command line}
   size_t MaxNewSize                               = 1287651328                                {product} {ergonomic}
   size_t MinHeapDeltaBytes                        = 1048576                                   {product} {ergonomic}
   size_t MinHeapSize                              = 8388608                                   {product} {ergonomic}
    uintx NonNMethodCodeHeapSize                   = 5839372                                {pd product} {ergonomic}
    uintx NonProfiledCodeHeapSize                  = 122909434                              {pd product} {ergonomic}
    uintx ProfiledCodeHeapSize                     = 122909434                              {pd product} {ergonomic}
    uintx ReservedCodeCacheSize                    = 251658240                              {pd product} {ergonomic}
     bool SegmentedCodeCache                       = true                                      {product} {ergonomic}
   size_t SoftMaxHeapSize                          = 2147483648                             {manageable} {ergonomic}
     bool UseCompressedOops                        = true                           {product lp64_product} {ergonomic}
     bool UseG1GC                                  = true                                      {product} {ergonomic}
     bool UseLargePagesIndividualAllocation        = false                                  {pd product} {ergonomic}

Logging:
Log output configuration:
 #0: stdout all=warning uptime,level,tags foldmultilines=false
 #1: stderr all=off uptime,level,tags foldmultilines=false

Environment Variables:
PATH=C:\Program Files\Common Files\Oracle\Java\javapath;c:\Users\UsEr\AppData\Local\Programs\cursor\resources\app\bin;C:\Program Files (x86)\Common Files\Intel\Shared Files\cpp\bin\Intel64;C:\Windows\system32;C:\Windows;C:\Windows\System32\Wbem;C:\Windows\System32\WindowsPowerShell\v1.0\;C:\Windows\System32\OpenSSH\;C:\Program Files\Intel\WiFi\bin\;C:\Program Files\Common Files\Intel\WirelessCommon\;C:\Program Files\Git\cmd;C:\msys64\mingw64\bin;C:\Program Files\OpenSSL-Win64;C:\xampp\php;C:\ProgramData\ComposerSetup\bin;C:\Users\UsEr\AppData\Local\Microsoft\WindowsApps;C:\Users\UsEr\AppData\Roaming\Composer\vendor\bin;C:\Users\UsEr\AppData\Roaming\npm;c:\Users\UsEr\AppData\Local\Programs\cursor\resources\app\bin;c:\Users\UsEr\AppData\Local\Programs\cursor\resources\app\bin;C:\Program Files\nodejs\;C:\src\flutter\bin;C:\Program Files\Microsoft VS Code\bin;C:\Users\UsEr\AppData\Local\Packages\PythonSoftwareFoundation.Python.3.11_qbz5n2kfra8p0\LocalCache\local-packages\Python311\site-packages;C:\Users\UsEr\AppData\Local\Programs\Python\Python310\Scripts\;C:\Users\UsEr\AppData\Local\Programs\Python\Python310\;C:\Users\UsEr\AppData\Local\Microsoft\WindowsApps;C:\Users\UsEr\AppData\Roaming\Composer\vendor\bin;C:\Program Files\JetBrains\IntelliJ IDEA Community Edition 2024.2.0.2\bin;C:\Users\UsEr\AppData\Roaming\npm;C:\Users\UsEr\AppData\Local\GitHubDesktop\bin;C:\Windows\System32\WindowsPowerShell\v1.0;C:\src\flutter\bin;C:\Users\UsEr\.lmstudio\bin;C:\Program Files\kotlinc\bin;C:\Users\UsEr\AppData\Local\Programs\cursor\resources\app\bin
USERNAME=UsEr
OS=Windows_NT
PROCESSOR_IDENTIFIER=Intel64 Family 6 Model 142 Stepping 10, GenuineIntel
TMP=C:\Users\UsEr\AppData\Local\Temp
TEMP=C:\Users\UsEr\AppData\Local\Temp




Periodic native trim disabled

---------------  S Y S T E M  ---------------

OS:
 Windows 10 , 64 bit Build 19041 (10.0.19041.5794)
OS uptime: 0 days 16:43 hours

CPU: total 8 (initial active 8) (4 cores per cpu, 2 threads per core) family 6 model 142 stepping 10 microcode 0xb4, cx8, cmov, fxsr, ht, mmx, 3dnowpref, sse, sse2, sse3, ssse3, sse4.1, sse4.2, popcnt, lzcnt, tsc, tscinvbit, avx, avx2, aes, erms, clmul, bmi1, bmi2, rtm, adx, fma, vzeroupper, clflush, clflushopt, rdtscp, f16c
Processor Information for all 8 processors :
  Max Mhz: 1896, Current Mhz: 1696, Mhz Limit: 1687

Memory: 4k page, system-wide physical 7797M (821M free)
TotalPageFile size 19075M (AvailPageFile size 15M)
current process WorkingSet (physical memory assigned to process): 276M, peak: 282M
current process commit charge ("private bytes"): 318M, peak: 325M

vm_info: Java HotSpot(TM) 64-Bit Server VM (22.0.2+9-70) for windows-amd64 JRE (22.0.2+9-70), built on 2024-06-04T16:52:23Z by "mach5one" with MS VC++ 17.6 (VS2022)

END.
