#
# There is insufficient memory for the Java Runtime Environment to continue.
# Native memory allocation (mmap) failed to map 219152384 bytes. Error detail: G1 virtual space
# Possible reasons:
#   The system is out of physical RAM or swap space
#   This process is running with CompressedOops enabled, and the Java Heap may be blocking the growth of the native heap
# Possible solutions:
#   Reduce memory load on the system
#   Increase physical memory or swap space
#   Check if swap backing store is full
#   Decrease Java heap size (-Xmx/-Xms)
#   Decrease number of Java threads
#   Decrease Java thread stack sizes (-Xss)
#   Set larger code cache with -XX:ReservedCodeCacheSize=
#   JVM is running with Unscaled Compressed Oops mode in which the Java heap is
#     placed in the first 4GB address space. The Java Heap base address is the
#     maximum limit for the native heap growth. Please use -XX:HeapBaseMinAddress
#     to set the Java Heap base and to place the Java Heap above 4GB virtual address.
# This output file may be truncated or incomplete.
#
#  Out of Memory Error (os_windows.cpp:3631), pid=22324, tid=1636
#
# JRE version: Java(TM) SE Runtime Environment (22.0.2+9) (build 22.0.2+9-70)
# Java VM: Java HotSpot(TM) 64-Bit Server VM (22.0.2+9-70, mixed mode, sharing, tiered, compressed oops, compressed class ptrs, g1 gc, windows-amd64)
# No core dump will be written. Minidumps are not enabled by default on client versions of Windows
#

---------------  S U M M A R Y ------------

Command Line: -DkotlinLanguageServer.version=1.3.13 org.javacs.kt.MainKt

Host: Intel(R) Core(TM) i5-8350U CPU @ 1.70GHz, 8 cores, 7G,  Windows 10 , 64 bit Build 19041 (10.0.19041.5794)
Time: Tue May 13 21:01:28 2025 SE Asia Standard Time elapsed time: 81.920508 seconds (0d 0h 1m 21s)

---------------  T H R E A D  ---------------

Current thread (0x000002436e7f9270):  VMThread "VM Thread"          [id=1636, stack(0x000000eef2f00000,0x000000eef3000000) (1024K)]

Stack: [0x000000eef2f00000,0x000000eef3000000]
Native frames: (J=compiled Java code, j=interpreted, Vv=VM code, C=native code)
V  [jvm.dll+0x6e26e9]  (no source info available)
V  [jvm.dll+0x875753]  (no source info available)
V  [jvm.dll+0x877b7e]  (no source info available)
V  [jvm.dll+0x878253]  (no source info available)
V  [jvm.dll+0x27fc86]  (no source info available)
V  [jvm.dll+0x6ded85]  (no source info available)
V  [jvm.dll+0x6d388a]  (no source info available)
V  [jvm.dll+0x358b8a]  (no source info available)
V  [jvm.dll+0x3610b6]  (no source info available)
V  [jvm.dll+0x3b419e]  (no source info available)
V  [jvm.dll+0x3b4448]  (no source info available)
V  [jvm.dll+0x32c5ec]  (no source info available)
V  [jvm.dll+0x32c677]  (no source info available)
V  [jvm.dll+0x37244c]  (no source info available)
V  [jvm.dll+0x370b46]  (no source info available)
V  [jvm.dll+0x32bcd7]  (no source info available)
V  [jvm.dll+0x370618]  (no source info available)
V  [jvm.dll+0x87e0f0]  (no source info available)
V  [jvm.dll+0x87f477]  (no source info available)
V  [jvm.dll+0x87f9f0]  (no source info available)
V  [jvm.dll+0x87fc93]  (no source info available)
V  [jvm.dll+0x81dc0b]  (no source info available)
V  [jvm.dll+0x6e0d85]  (no source info available)
C  [ucrtbase.dll+0x21bb2]  (no source info available)
C  [KERNEL32.DLL+0x17374]  (no source info available)
C  [ntdll.dll+0x4cc91]  (no source info available)

VM_Operation (0x000000eef45fbdd8): G1TryInitiateConcMark, mode: safepoint, requested by thread 0x000002434681a160


---------------  P R O C E S S  ---------------

Threads class SMR info:
_java_thread_list=0x00000243702f1f30, length=17, elements={
0x000002436e811ad0, 0x000002436e8127f0, 0x000002436e8163d0, 0x000002436e816e30,
0x000002436e817890, 0x000002436e8182f0, 0x000002436e81d090, 0x000002436e81fb50,
0x000002434517a660, 0x000002434519ce70, 0x000002436f630030, 0x000002435213ae90,
0x0000024346dee0c0, 0x0000024345953f90, 0x000002434681a160, 0x000002436f7e3fe0,
0x000002436f7c6e50
}

Java Threads: ( => current thread )
  0x000002436e811ad0 JavaThread "Reference Handler"          daemon [_thread_blocked, id=3660, stack(0x000000eef3000000,0x000000eef3100000) (1024K)]
  0x000002436e8127f0 JavaThread "Finalizer"                  daemon [_thread_blocked, id=11412, stack(0x000000eef3100000,0x000000eef3200000) (1024K)]
  0x000002436e8163d0 JavaThread "Signal Dispatcher"          daemon [_thread_blocked, id=13704, stack(0x000000eef3200000,0x000000eef3300000) (1024K)]
  0x000002436e816e30 JavaThread "Attach Listener"            daemon [_thread_blocked, id=2248, stack(0x000000eef3300000,0x000000eef3400000) (1024K)]
  0x000002436e817890 JavaThread "Service Thread"             daemon [_thread_blocked, id=8024, stack(0x000000eef3400000,0x000000eef3500000) (1024K)]
  0x000002436e8182f0 JavaThread "Monitor Deflation Thread"   daemon [_thread_blocked, id=21840, stack(0x000000eef3500000,0x000000eef3600000) (1024K)]
  0x000002436e81d090 JavaThread "C2 CompilerThread0"         daemon [_thread_blocked, id=21900, stack(0x000000eef3600000,0x000000eef3700000) (1024K)]
  0x000002436e81fb50 JavaThread "C1 CompilerThread0"         daemon [_thread_blocked, id=19840, stack(0x000000eef3700000,0x000000eef3800000) (1024K)]
  0x000002434517a660 JavaThread "Notification Thread"        daemon [_thread_blocked, id=20836, stack(0x000000eef3800000,0x000000eef3900000) (1024K)]
  0x000002434519ce70 JavaThread "Common-Cleaner"             daemon [_thread_blocked, id=13960, stack(0x000000eef3900000,0x000000eef3a00000) (1024K)]
  0x000002436f630030 JavaThread "client"                            [_thread_in_native, id=17000, stack(0x000000eef4200000,0x000000eef4300000) (1024K)]
  0x000002435213ae90 JavaThread "DestroyJavaVM"                     [_thread_blocked, id=14708, stack(0x000000eef2800000,0x000000eef2900000) (1024K)]
  0x0000024346dee0c0 JavaThread "async0"                            [_thread_blocked, id=11520, stack(0x000000eef4300000,0x000000eef4400000) (1024K)]
  0x0000024345953f90 JavaThread "async1"                            [_thread_blocked, id=21092, stack(0x000000eef4400000,0x000000eef4500000) (1024K)]
  0x000002434681a160 JavaThread "debounce0"                         [_thread_blocked, id=22032, stack(0x000000eef4500000,0x000000eef4600000) (1024K)]
  0x000002436f7e3fe0 JavaThread "async2"                            [_thread_blocked, id=1528, stack(0x000000eef4700000,0x000000eef4800000) (1024K)]
  0x000002436f7c6e50 JavaThread "C2 CompilerThread1"         daemon [_thread_blocked, id=14088, stack(0x000000eef2600000,0x000000eef2700000) (1024K)]
Total: 17

Other Threads:
=>0x000002436e7f9270 VMThread "VM Thread"                           [id=1636, stack(0x000000eef2f00000,0x000000eef3000000) (1024K)]
  0x000002436e7dcdd0 WatcherThread "VM Periodic Task Thread"        [id=10500, stack(0x000000eef2e00000,0x000000eef2f00000) (1024K)]
  0x0000024352192c80 WorkerThread "GC Thread#0"                     [id=2836, stack(0x000000eef2900000,0x000000eef2a00000) (1024K)]
  0x0000024345bb0de0 WorkerThread "GC Thread#1"                     [id=3000, stack(0x000000eef3b00000,0x000000eef3c00000) (1024K)]
  0x0000024345bec0f0 WorkerThread "GC Thread#2"                     [id=15952, stack(0x000000eef3c00000,0x000000eef3d00000) (1024K)]
  0x0000024345bec4a0 WorkerThread "GC Thread#3"                     [id=14644, stack(0x000000eef3d00000,0x000000eef3e00000) (1024K)]
  0x0000024345bec850 WorkerThread "GC Thread#4"                     [id=12508, stack(0x000000eef3e00000,0x000000eef3f00000) (1024K)]
  0x0000024345becc00 WorkerThread "GC Thread#5"                     [id=20600, stack(0x000000eef3f00000,0x000000eef4000000) (1024K)]
  0x0000024345becfb0 WorkerThread "GC Thread#6"                     [id=21368, stack(0x000000eef4000000,0x000000eef4100000) (1024K)]
  0x00000243464fea10 WorkerThread "GC Thread#7"                     [id=16772, stack(0x000000eef4100000,0x000000eef4200000) (1024K)]
  0x00000243521a3030 ConcurrentGCThread "G1 Main Marker"            [id=21172, stack(0x000000eef2a00000,0x000000eef2b00000) (1024K)]
  0x00000243521a3b40 WorkerThread "G1 Conc#0"                       [id=2148, stack(0x000000eef2b00000,0x000000eef2c00000) (1024K)]
  0x0000024346acb3b0 WorkerThread "G1 Conc#1"                       [id=15388, stack(0x000000eef3a00000,0x000000eef3b00000) (1024K)]
  0x000002436e6ae540 ConcurrentGCThread "G1 Refine#0"               [id=10044, stack(0x000000eef2c00000,0x000000eef2d00000) (1024K)]
  0x000002436e6aed70 ConcurrentGCThread "G1 Service"                [id=10148, stack(0x000000eef2d00000,0x000000eef2e00000) (1024K)]
Total: 15

Threads with active compile tasks:
C2 CompilerThread0  82103 13929       4       org.jetbrains.kotlin.container.StorageComponentContainer::resolve (33 bytes)
C2 CompilerThread1  82104 13925       4       org.jetbrains.kotlin.metadata.jvm.deserialization.ModuleMappingKt::internalNameOf (58 bytes)
Total: 2

VM state: at safepoint (normal execution)

VM Mutex/Monitor currently owned by a thread:  ([mutex/lock_event])
[0x00007ffdc2d0cb80] Threads_lock - owner thread: 0x000002436e7f9270
[0x00007ffdc2d0cc80] Heap_lock - owner thread: 0x000002434681a160

Heap address: 0x0000000086200000, size: 1950 MB, Compressed Oops mode: 32-bit

CDS archive(s) mapped at: [0x0000024300000000-0x0000024300c60000-0x0000024300c60000), size 12976128, SharedBaseAddress: 0x0000024300000000, ArchiveRelocationMode: 1.
Compressed class space mapped at: 0x0000024301000000-0x0000024341000000, reserved size: 1073741824
Narrow klass base: 0x0000024300000000, Narrow klass shift: 0, Narrow klass range: 0x41000000

GC Precious Log:
 CardTable entry size: 512
 Card Set container configuration: InlinePtr #cards 5 size 8 Array Of Cards #cards 12 size 40 Howl #buckets 4 coarsen threshold 1843 Howl Bitmap #cards 512 size 80 coarsen threshold 460 Card regions per heap region 1 cards per card region 2048
 CPUs: 8 total, 8 available
 Memory: 7797M
 Large Page Support: Disabled
 NUMA Support: Disabled
 Compressed Oops: Enabled (32-bit)
 Heap Region Size: 1M
 Heap Min Capacity: 8M
 Heap Initial Capacity: 122M
 Heap Max Capacity: 1950M
 Pre-touch: Disabled
 Parallel Workers: 8
 Concurrent Workers: 2
 Concurrent Refinement Workers: 8
 Periodic GC: Disabled

Heap:
 garbage-first heap   total reserved 1996800K, committed 214016K, used 138155K [0x0000000086200000, 0x0000000100000000)
  region size 1024K, 3 young (3072K), 3 survivors (3072K)
 Metaspace       used 74773K, committed 75840K, reserved 1179648K
  class space    used 8755K, committed 9280K, reserved 1048576K

Heap Regions: E=young(eden), S=young(survivor), O=old, HS=humongous(starts), HC=humongous(continues), CS=collection set, F=free, TAMS=top-at-mark-start, PB=parsable bottom
|   0|0x0000000086200000, 0x0000000086300000, 0x0000000086300000|100%|HS|  |TAMS 0x0000000086300000| PB 0x0000000086200000| Complete |  0
|   1|0x0000000086300000, 0x0000000086400000, 0x0000000086400000|100%|HC|  |TAMS 0x0000000086400000| PB 0x0000000086300000| Complete |  0
|   2|0x0000000086400000, 0x0000000086500000, 0x0000000086500000|100%|HC|  |TAMS 0x0000000086500000| PB 0x0000000086400000| Complete |  0
|   3|0x0000000086500000, 0x0000000086600000, 0x0000000086600000|100%|HC|  |TAMS 0x0000000086600000| PB 0x0000000086500000| Complete |  0
|   4|0x0000000086600000, 0x0000000086700000, 0x0000000086700000|100%| O|  |TAMS 0x0000000086700000| PB 0x0000000086600000| Untracked |  0
|   5|0x0000000086700000, 0x0000000086800000, 0x0000000086800000|100%| O|  |TAMS 0x0000000086800000| PB 0x0000000086700000| Untracked |  0
|   6|0x0000000086800000, 0x0000000086900000, 0x0000000086900000|100%| O|  |TAMS 0x0000000086900000| PB 0x0000000086800000| Untracked |  0
|   7|0x0000000086900000, 0x0000000086a00000, 0x0000000086a00000|100%| O|  |TAMS 0x0000000086a00000| PB 0x0000000086900000| Untracked |  0
|   8|0x0000000086a00000, 0x0000000086b00000, 0x0000000086b00000|100%| O|  |TAMS 0x0000000086b00000| PB 0x0000000086a00000| Untracked |  0
|   9|0x0000000086b00000, 0x0000000086c00000, 0x0000000086c00000|100%| O|  |TAMS 0x0000000086c00000| PB 0x0000000086b00000| Untracked |  0
|  10|0x0000000086c00000, 0x0000000086d00000, 0x0000000086d00000|100%| O|  |TAMS 0x0000000086d00000| PB 0x0000000086c00000| Untracked |  0
|  11|0x0000000086d00000, 0x0000000086e00000, 0x0000000086e00000|100%| O|  |TAMS 0x0000000086e00000| PB 0x0000000086d00000| Untracked |  0
|  12|0x0000000086e00000, 0x0000000086f00000, 0x0000000086f00000|100%| O|  |TAMS 0x0000000086f00000| PB 0x0000000086e00000| Untracked |  0
|  13|0x0000000086f00000, 0x0000000087000000, 0x0000000087000000|100%| O|  |TAMS 0x0000000087000000| PB 0x0000000086f00000| Untracked |  0
|  14|0x0000000087000000, 0x0000000087100000, 0x0000000087100000|100%| O|  |TAMS 0x0000000087100000| PB 0x0000000087000000| Untracked |  0
|  15|0x0000000087100000, 0x0000000087200000, 0x0000000087200000|100%| O|  |TAMS 0x0000000087200000| PB 0x0000000087100000| Untracked |  0
|  16|0x0000000087200000, 0x0000000087300000, 0x0000000087300000|100%| O|  |TAMS 0x0000000087300000| PB 0x0000000087200000| Untracked |  0
|  17|0x0000000087300000, 0x0000000087400000, 0x0000000087400000|100%| O|  |TAMS 0x0000000087400000| PB 0x0000000087300000| Untracked |  0
|  18|0x0000000087400000, 0x0000000087500000, 0x0000000087500000|100%| O|  |TAMS 0x0000000087500000| PB 0x0000000087400000| Untracked |  0
|  19|0x0000000087500000, 0x0000000087600000, 0x0000000087600000|100%| O|  |TAMS 0x0000000087600000| PB 0x0000000087500000| Untracked |  0
|  20|0x0000000087600000, 0x0000000087700000, 0x0000000087700000|100%| O|  |TAMS 0x0000000087700000| PB 0x0000000087600000| Untracked |  0
|  21|0x0000000087700000, 0x0000000087800000, 0x0000000087800000|100%| O|  |TAMS 0x0000000087800000| PB 0x0000000087700000| Untracked |  0
|  22|0x0000000087800000, 0x0000000087900000, 0x0000000087900000|100%| O|  |TAMS 0x0000000087900000| PB 0x0000000087800000| Untracked |  0
|  23|0x0000000087900000, 0x0000000087a00000, 0x0000000087a00000|100%| O|  |TAMS 0x0000000087a00000| PB 0x0000000087900000| Untracked |  0
|  24|0x0000000087a00000, 0x0000000087b00000, 0x0000000087b00000|100%| O|  |TAMS 0x0000000087b00000| PB 0x0000000087a00000| Untracked |  0
|  25|0x0000000087b00000, 0x0000000087c00000, 0x0000000087c00000|100%| O|  |TAMS 0x0000000087c00000| PB 0x0000000087b00000| Untracked |  0
|  26|0x0000000087c00000, 0x0000000087d00000, 0x0000000087d00000|100%| O|  |TAMS 0x0000000087d00000| PB 0x0000000087c00000| Untracked |  0
|  27|0x0000000087d00000, 0x0000000087e00000, 0x0000000087e00000|100%| O|  |TAMS 0x0000000087e00000| PB 0x0000000087d00000| Untracked |  0
|  28|0x0000000087e00000, 0x0000000087f00000, 0x0000000087f00000|100%| O|  |TAMS 0x0000000087f00000| PB 0x0000000087e00000| Untracked |  0
|  29|0x0000000087f00000, 0x0000000088000000, 0x0000000088000000|100%| O|  |TAMS 0x0000000088000000| PB 0x0000000087f00000| Untracked |  0
|  30|0x0000000088000000, 0x0000000088100000, 0x0000000088100000|100%| O|  |TAMS 0x0000000088100000| PB 0x0000000088000000| Untracked |  0
|  31|0x0000000088100000, 0x0000000088200000, 0x0000000088200000|100%| O|  |TAMS 0x0000000088200000| PB 0x0000000088100000| Untracked |  0
|  32|0x0000000088200000, 0x0000000088300000, 0x0000000088300000|100%| O|  |TAMS 0x0000000088300000| PB 0x0000000088200000| Untracked |  0
|  33|0x0000000088300000, 0x0000000088400000, 0x0000000088400000|100%| O|  |TAMS 0x0000000088400000| PB 0x0000000088300000| Untracked |  0
|  34|0x0000000088400000, 0x0000000088500000, 0x0000000088500000|100%| O|  |TAMS 0x0000000088500000| PB 0x0000000088400000| Untracked |  0
|  35|0x0000000088500000, 0x0000000088600000, 0x0000000088600000|100%| O|  |TAMS 0x0000000088600000| PB 0x0000000088500000| Untracked |  0
|  36|0x0000000088600000, 0x0000000088700000, 0x0000000088700000|100%| O|  |TAMS 0x0000000088700000| PB 0x0000000088600000| Untracked |  0
|  37|0x0000000088700000, 0x0000000088800000, 0x0000000088800000|100%| O|  |TAMS 0x0000000088800000| PB 0x0000000088700000| Untracked |  0
|  38|0x0000000088800000, 0x0000000088900000, 0x0000000088900000|100%| O|  |TAMS 0x0000000088900000| PB 0x0000000088800000| Untracked |  0
|  39|0x0000000088900000, 0x0000000088a00000, 0x0000000088a00000|100%| O|  |TAMS 0x0000000088a00000| PB 0x0000000088900000| Untracked |  0
|  40|0x0000000088a00000, 0x0000000088b00000, 0x0000000088b00000|100%| O|  |TAMS 0x0000000088b00000| PB 0x0000000088a00000| Untracked |  0
|  41|0x0000000088b00000, 0x0000000088c00000, 0x0000000088c00000|100%| O|  |TAMS 0x0000000088c00000| PB 0x0000000088b00000| Untracked |  0
|  42|0x0000000088c00000, 0x0000000088d00000, 0x0000000088d00000|100%| O|  |TAMS 0x0000000088d00000| PB 0x0000000088c00000| Untracked |  0
|  43|0x0000000088d00000, 0x0000000088e00000, 0x0000000088e00000|100%| O|  |TAMS 0x0000000088e00000| PB 0x0000000088d00000| Untracked |  0
|  44|0x0000000088e00000, 0x0000000088f00000, 0x0000000088f00000|100%| O|  |TAMS 0x0000000088f00000| PB 0x0000000088e00000| Untracked |  0
|  45|0x0000000088f00000, 0x0000000089000000, 0x0000000089000000|100%| O|  |TAMS 0x0000000089000000| PB 0x0000000088f00000| Untracked |  0
|  46|0x0000000089000000, 0x0000000089100000, 0x0000000089100000|100%| O|  |TAMS 0x0000000089100000| PB 0x0000000089000000| Untracked |  0
|  47|0x0000000089100000, 0x0000000089200000, 0x0000000089200000|100%| O|  |TAMS 0x0000000089200000| PB 0x0000000089100000| Untracked |  0
|  48|0x0000000089200000, 0x0000000089300000, 0x0000000089300000|100%| O|  |TAMS 0x0000000089300000| PB 0x0000000089200000| Untracked |  0
|  49|0x0000000089300000, 0x0000000089400000, 0x0000000089400000|100%| O|  |TAMS 0x0000000089400000| PB 0x0000000089300000| Untracked |  0
|  50|0x0000000089400000, 0x0000000089500000, 0x0000000089500000|100%| O|  |TAMS 0x0000000089500000| PB 0x0000000089400000| Untracked |  0
|  51|0x0000000089500000, 0x0000000089600000, 0x0000000089600000|100%| O|  |TAMS 0x0000000089600000| PB 0x0000000089500000| Untracked |  0
|  52|0x0000000089600000, 0x0000000089700000, 0x0000000089700000|100%| O|  |TAMS 0x0000000089700000| PB 0x0000000089600000| Untracked |  0
|  53|0x0000000089700000, 0x0000000089800000, 0x0000000089800000|100%| O|  |TAMS 0x0000000089800000| PB 0x0000000089700000| Untracked |  0
|  54|0x0000000089800000, 0x0000000089900000, 0x0000000089900000|100%| O|  |TAMS 0x0000000089900000| PB 0x0000000089800000| Untracked |  0
|  55|0x0000000089900000, 0x0000000089a00000, 0x0000000089a00000|100%| O|  |TAMS 0x0000000089a00000| PB 0x0000000089900000| Untracked |  0
|  56|0x0000000089a00000, 0x0000000089b00000, 0x0000000089b00000|100%| O|  |TAMS 0x0000000089b00000| PB 0x0000000089a00000| Untracked |  0
|  57|0x0000000089b00000, 0x0000000089c00000, 0x0000000089c00000|100%| O|  |TAMS 0x0000000089c00000| PB 0x0000000089b00000| Untracked |  0
|  58|0x0000000089c00000, 0x0000000089d00000, 0x0000000089d00000|100%| O|  |TAMS 0x0000000089d00000| PB 0x0000000089c00000| Untracked |  0
|  59|0x0000000089d00000, 0x0000000089e00000, 0x0000000089e00000|100%| O|  |TAMS 0x0000000089e00000| PB 0x0000000089d00000| Untracked |  0
|  60|0x0000000089e00000, 0x0000000089f00000, 0x0000000089f00000|100%| O|  |TAMS 0x0000000089f00000| PB 0x0000000089e00000| Untracked |  0
|  61|0x0000000089f00000, 0x000000008a000000, 0x000000008a000000|100%| O|  |TAMS 0x000000008a000000| PB 0x0000000089f00000| Untracked |  0
|  62|0x000000008a000000, 0x000000008a100000, 0x000000008a100000|100%| O|  |TAMS 0x000000008a100000| PB 0x000000008a000000| Untracked |  0
|  63|0x000000008a100000, 0x000000008a200000, 0x000000008a200000|100%| O|  |TAMS 0x000000008a200000| PB 0x000000008a100000| Untracked |  0
|  64|0x000000008a200000, 0x000000008a300000, 0x000000008a300000|100%| O|  |TAMS 0x000000008a300000| PB 0x000000008a200000| Untracked |  0
|  65|0x000000008a300000, 0x000000008a400000, 0x000000008a400000|100%| O|  |TAMS 0x000000008a400000| PB 0x000000008a300000| Untracked |  0
|  66|0x000000008a400000, 0x000000008a500000, 0x000000008a500000|100%| O|  |TAMS 0x000000008a500000| PB 0x000000008a400000| Untracked |  0
|  67|0x000000008a500000, 0x000000008a600000, 0x000000008a600000|100%| O|  |TAMS 0x000000008a600000| PB 0x000000008a500000| Untracked |  0
|  68|0x000000008a600000, 0x000000008a700000, 0x000000008a700000|100%| O|  |TAMS 0x000000008a700000| PB 0x000000008a600000| Untracked |  0
|  69|0x000000008a700000, 0x000000008a800000, 0x000000008a800000|100%| O|  |TAMS 0x000000008a800000| PB 0x000000008a700000| Untracked |  0
|  70|0x000000008a800000, 0x000000008a900000, 0x000000008a900000|100%| O|  |TAMS 0x000000008a900000| PB 0x000000008a800000| Untracked |  0
|  71|0x000000008a900000, 0x000000008aa00000, 0x000000008aa00000|100%| O|  |TAMS 0x000000008aa00000| PB 0x000000008a900000| Untracked |  0
|  72|0x000000008aa00000, 0x000000008ab00000, 0x000000008ab00000|100%| O|  |TAMS 0x000000008ab00000| PB 0x000000008aa00000| Untracked |  0
|  73|0x000000008ab00000, 0x000000008ac00000, 0x000000008ac00000|100%| O|  |TAMS 0x000000008ac00000| PB 0x000000008ab00000| Untracked |  0
|  74|0x000000008ac00000, 0x000000008ad00000, 0x000000008ad00000|100%| O|  |TAMS 0x000000008ad00000| PB 0x000000008ac00000| Untracked |  0
|  75|0x000000008ad00000, 0x000000008ae00000, 0x000000008ae00000|100%| O|  |TAMS 0x000000008ae00000| PB 0x000000008ad00000| Untracked |  0
|  76|0x000000008ae00000, 0x000000008af00000, 0x000000008af00000|100%| O|  |TAMS 0x000000008af00000| PB 0x000000008ae00000| Untracked |  0
|  77|0x000000008af00000, 0x000000008b000000, 0x000000008b000000|100%| O|  |TAMS 0x000000008b000000| PB 0x000000008af00000| Untracked |  0
|  78|0x000000008b000000, 0x000000008b100000, 0x000000008b100000|100%| O|  |TAMS 0x000000008b100000| PB 0x000000008b000000| Untracked |  0
|  79|0x000000008b100000, 0x000000008b200000, 0x000000008b200000|100%| O|  |TAMS 0x000000008b200000| PB 0x000000008b100000| Untracked |  0
|  80|0x000000008b200000, 0x000000008b300000, 0x000000008b300000|100%| O|  |TAMS 0x000000008b300000| PB 0x000000008b200000| Untracked |  0
|  81|0x000000008b300000, 0x000000008b400000, 0x000000008b400000|100%| O|  |TAMS 0x000000008b400000| PB 0x000000008b300000| Untracked |  0
|  82|0x000000008b400000, 0x000000008b500000, 0x000000008b500000|100%| O|  |TAMS 0x000000008b500000| PB 0x000000008b400000| Untracked |  0
|  83|0x000000008b500000, 0x000000008b600000, 0x000000008b600000|100%| O|  |TAMS 0x000000008b600000| PB 0x000000008b500000| Untracked |  0
|  84|0x000000008b600000, 0x000000008b700000, 0x000000008b700000|100%| O|  |TAMS 0x000000008b700000| PB 0x000000008b600000| Untracked |  0
|  85|0x000000008b700000, 0x000000008b800000, 0x000000008b800000|100%| O|  |TAMS 0x000000008b800000| PB 0x000000008b700000| Untracked |  0
|  86|0x000000008b800000, 0x000000008b900000, 0x000000008b900000|100%| O|  |TAMS 0x000000008b900000| PB 0x000000008b800000| Untracked |  0
|  87|0x000000008b900000, 0x000000008ba00000, 0x000000008ba00000|100%| O|  |TAMS 0x000000008ba00000| PB 0x000000008b900000| Untracked |  0
|  88|0x000000008ba00000, 0x000000008bb00000, 0x000000008bb00000|100%| O|  |TAMS 0x000000008bb00000| PB 0x000000008ba00000| Untracked |  0
|  89|0x000000008bb00000, 0x000000008bc00000, 0x000000008bc00000|100%| O|  |TAMS 0x000000008bc00000| PB 0x000000008bb00000| Untracked |  0
|  90|0x000000008bc00000, 0x000000008bd00000, 0x000000008bd00000|100%| O|  |TAMS 0x000000008bd00000| PB 0x000000008bc00000| Untracked |  0
|  91|0x000000008bd00000, 0x000000008be00000, 0x000000008be00000|100%| O|  |TAMS 0x000000008be00000| PB 0x000000008bd00000| Untracked |  0
|  92|0x000000008be00000, 0x000000008bf00000, 0x000000008bf00000|100%| O|  |TAMS 0x000000008bf00000| PB 0x000000008be00000| Untracked |  0
|  93|0x000000008bf00000, 0x000000008c000000, 0x000000008c000000|100%| O|  |TAMS 0x000000008c000000| PB 0x000000008bf00000| Untracked |  0
|  94|0x000000008c000000, 0x000000008c100000, 0x000000008c100000|100%| O|  |TAMS 0x000000008c100000| PB 0x000000008c000000| Untracked |  0
|  95|0x000000008c100000, 0x000000008c200000, 0x000000008c200000|100%| O|  |TAMS 0x000000008c200000| PB 0x000000008c100000| Untracked |  0
|  96|0x000000008c200000, 0x000000008c300000, 0x000000008c300000|100%| O|  |TAMS 0x000000008c300000| PB 0x000000008c200000| Untracked |  0
|  97|0x000000008c300000, 0x000000008c400000, 0x000000008c400000|100%| O|  |TAMS 0x000000008c400000| PB 0x000000008c300000| Untracked |  0
|  98|0x000000008c400000, 0x000000008c500000, 0x000000008c500000|100%| O|  |TAMS 0x000000008c500000| PB 0x000000008c400000| Untracked |  0
|  99|0x000000008c500000, 0x000000008c600000, 0x000000008c600000|100%| O|  |TAMS 0x000000008c600000| PB 0x000000008c500000| Untracked |  0
| 100|0x000000008c600000, 0x000000008c700000, 0x000000008c700000|100%| O|  |TAMS 0x000000008c700000| PB 0x000000008c600000| Untracked |  0
| 101|0x000000008c700000, 0x000000008c800000, 0x000000008c800000|100%| O|  |TAMS 0x000000008c800000| PB 0x000000008c700000| Untracked |  0
| 102|0x000000008c800000, 0x000000008c900000, 0x000000008c900000|100%| O|  |TAMS 0x000000008c800000| PB 0x000000008c800000| Untracked |  0
| 103|0x000000008c900000, 0x000000008ca00000, 0x000000008ca00000|100%| O|  |TAMS 0x000000008ca00000| PB 0x000000008c900000| Untracked |  0
| 104|0x000000008ca00000, 0x000000008cb00000, 0x000000008cb00000|100%| O|  |TAMS 0x000000008cb00000| PB 0x000000008ca00000| Untracked |  0
| 105|0x000000008cb00000, 0x000000008cc00000, 0x000000008cc00000|100%| O|  |TAMS 0x000000008cc00000| PB 0x000000008cb00000| Untracked |  0
| 106|0x000000008cc00000, 0x000000008cd00000, 0x000000008cd00000|100%| O|  |TAMS 0x000000008cd00000| PB 0x000000008cc00000| Untracked |  0
| 107|0x000000008cd00000, 0x000000008ce00000, 0x000000008ce00000|100%| O|  |TAMS 0x000000008ce00000| PB 0x000000008cd00000| Untracked |  0
| 108|0x000000008ce00000, 0x000000008cf00000, 0x000000008cf00000|100%| O|  |TAMS 0x000000008cf00000| PB 0x000000008ce00000| Untracked |  0
| 109|0x000000008cf00000, 0x000000008d000000, 0x000000008d000000|100%| O|  |TAMS 0x000000008d000000| PB 0x000000008cf00000| Untracked |  0
| 110|0x000000008d000000, 0x000000008d100000, 0x000000008d100000|100%| O|  |TAMS 0x000000008d100000| PB 0x000000008d000000| Untracked |  0
| 111|0x000000008d100000, 0x000000008d200000, 0x000000008d200000|100%| O|  |TAMS 0x000000008d200000| PB 0x000000008d100000| Untracked |  0
| 112|0x000000008d200000, 0x000000008d300000, 0x000000008d300000|100%| O|  |TAMS 0x000000008d200000| PB 0x000000008d200000| Untracked |  0
| 113|0x000000008d300000, 0x000000008d400000, 0x000000008d400000|100%| O|  |TAMS 0x000000008d400000| PB 0x000000008d300000| Untracked |  0
| 114|0x000000008d400000, 0x000000008d500000, 0x000000008d500000|100%| O|  |TAMS 0x000000008d500000| PB 0x000000008d400000| Untracked |  0
| 115|0x000000008d500000, 0x000000008d600000, 0x000000008d600000|100%| O|  |TAMS 0x000000008d600000| PB 0x000000008d500000| Untracked |  0
| 116|0x000000008d600000, 0x000000008d700000, 0x000000008d700000|100%| O|  |TAMS 0x000000008d700000| PB 0x000000008d600000| Untracked |  0
| 117|0x000000008d700000, 0x000000008d800000, 0x000000008d800000|100%| O|  |TAMS 0x000000008d700000| PB 0x000000008d700000| Untracked |  0
| 118|0x000000008d800000, 0x000000008d900000, 0x000000008d900000|100%| O|  |TAMS 0x000000008d900000| PB 0x000000008d800000| Untracked |  0
| 119|0x000000008d900000, 0x000000008da00000, 0x000000008da00000|100%| O|  |TAMS 0x000000008da00000| PB 0x000000008d900000| Untracked |  0
| 120|0x000000008da00000, 0x000000008db00000, 0x000000008db00000|100%| O|  |TAMS 0x000000008db00000| PB 0x000000008da00000| Untracked |  0
| 121|0x000000008db00000, 0x000000008dc00000, 0x000000008dc00000|100%| O|  |TAMS 0x000000008dc00000| PB 0x000000008db00000| Untracked |  0
| 122|0x000000008dc00000, 0x000000008dd00000, 0x000000008dd00000|100%| O|  |TAMS 0x000000008dd00000| PB 0x000000008dc00000| Untracked |  0
| 123|0x000000008dd00000, 0x000000008de00000, 0x000000008de00000|100%| O|  |TAMS 0x000000008de00000| PB 0x000000008dd00000| Untracked |  0
| 124|0x000000008de00000, 0x000000008df00000, 0x000000008df00000|100%| O|  |TAMS 0x000000008df00000| PB 0x000000008de00000| Untracked |  0
| 125|0x000000008df00000, 0x000000008e000000, 0x000000008e000000|100%| O|  |TAMS 0x000000008e000000| PB 0x000000008df00000| Untracked |  0
| 126|0x000000008e000000, 0x000000008e100000, 0x000000008e100000|100%| O|  |TAMS 0x000000008e100000| PB 0x000000008e000000| Untracked |  0
| 127|0x000000008e100000, 0x000000008e200000, 0x000000008e200000|100%| O|  |TAMS 0x000000008e100000| PB 0x000000008e100000| Untracked |  0
| 128|0x000000008e200000, 0x000000008e300000, 0x000000008e300000|100%| O|  |TAMS 0x000000008e300000| PB 0x000000008e200000| Untracked |  0
| 129|0x000000008e300000, 0x000000008e400000, 0x000000008e400000|100%| O|  |TAMS 0x000000008e400000| PB 0x000000008e300000| Untracked |  0
| 130|0x000000008e400000, 0x000000008e500000, 0x000000008e500000|100%| O|  |TAMS 0x000000008e4f0e00| PB 0x000000008e400000| Untracked |  0
| 131|0x000000008e500000, 0x000000008e600000, 0x000000008e600000|100%| O|  |TAMS 0x000000008e500000| PB 0x000000008e500000| Untracked |  0
| 132|0x000000008e600000, 0x000000008e6485b0, 0x000000008e700000| 28%| O|  |TAMS 0x000000008e600000| PB 0x000000008e600000| Untracked |  0
| 133|0x000000008e700000, 0x000000008e700000, 0x000000008e800000|  0%| F|  |TAMS 0x000000008e700000| PB 0x000000008e700000| Untracked |  0
| 134|0x000000008e800000, 0x000000008e800000, 0x000000008e900000|  0%| F|  |TAMS 0x000000008e800000| PB 0x000000008e800000| Untracked |  0
| 135|0x000000008e900000, 0x000000008e900000, 0x000000008ea00000|  0%| F|  |TAMS 0x000000008e900000| PB 0x000000008e900000| Untracked |  0
| 136|0x000000008ea00000, 0x000000008ea00000, 0x000000008eb00000|  0%| F|  |TAMS 0x000000008ea00000| PB 0x000000008ea00000| Untracked |  0
| 137|0x000000008eb00000, 0x000000008eb00000, 0x000000008ec00000|  0%| F|  |TAMS 0x000000008eb00000| PB 0x000000008eb00000| Untracked |  0
| 138|0x000000008ec00000, 0x000000008ec00000, 0x000000008ed00000|  0%| F|  |TAMS 0x000000008ec00000| PB 0x000000008ec00000| Untracked |  0
| 139|0x000000008ed00000, 0x000000008ed00000, 0x000000008ee00000|  0%| F|  |TAMS 0x000000008ed00000| PB 0x000000008ed00000| Untracked |  0
| 140|0x000000008ee00000, 0x000000008ee00000, 0x000000008ef00000|  0%| F|  |TAMS 0x000000008ee00000| PB 0x000000008ee00000| Untracked |  0
| 141|0x000000008ef00000, 0x000000008ef00000, 0x000000008f000000|  0%| F|  |TAMS 0x000000008ef00000| PB 0x000000008ef00000| Untracked |  0
| 142|0x000000008f000000, 0x000000008f000000, 0x000000008f100000|  0%| F|  |TAMS 0x000000008f000000| PB 0x000000008f000000| Untracked |  0
| 143|0x000000008f100000, 0x000000008f100000, 0x000000008f200000|  0%| F|  |TAMS 0x000000008f100000| PB 0x000000008f100000| Untracked |  0
| 144|0x000000008f200000, 0x000000008f200000, 0x000000008f300000|  0%| F|  |TAMS 0x000000008f200000| PB 0x000000008f200000| Untracked |  0
| 145|0x000000008f300000, 0x000000008f300000, 0x000000008f400000|  0%| F|  |TAMS 0x000000008f300000| PB 0x000000008f300000| Untracked |  0
| 146|0x000000008f400000, 0x000000008f400000, 0x000000008f500000|  0%| F|  |TAMS 0x000000008f400000| PB 0x000000008f400000| Untracked |  0
| 147|0x000000008f500000, 0x000000008f500000, 0x000000008f600000|  0%| F|  |TAMS 0x000000008f500000| PB 0x000000008f500000| Untracked |  0
| 148|0x000000008f600000, 0x000000008f600000, 0x000000008f700000|  0%| F|  |TAMS 0x000000008f600000| PB 0x000000008f600000| Untracked |  0
| 149|0x000000008f700000, 0x000000008f700000, 0x000000008f800000|  0%| F|  |TAMS 0x000000008f700000| PB 0x000000008f700000| Untracked |  0
| 150|0x000000008f800000, 0x000000008f800000, 0x000000008f900000|  0%| F|  |TAMS 0x000000008f800000| PB 0x000000008f800000| Untracked |  0
| 151|0x000000008f900000, 0x000000008f900000, 0x000000008fa00000|  0%| F|  |TAMS 0x000000008f900000| PB 0x000000008f900000| Untracked |  0
| 152|0x000000008fa00000, 0x000000008fa00000, 0x000000008fb00000|  0%| F|  |TAMS 0x000000008fa00000| PB 0x000000008fa00000| Untracked |  0
| 153|0x000000008fb00000, 0x000000008fb00000, 0x000000008fc00000|  0%| F|  |TAMS 0x000000008fb00000| PB 0x000000008fb00000| Untracked |  0
| 154|0x000000008fc00000, 0x000000008fc00000, 0x000000008fd00000|  0%| F|  |TAMS 0x000000008fc00000| PB 0x000000008fc00000| Untracked |  0
| 155|0x000000008fd00000, 0x000000008fd00000, 0x000000008fe00000|  0%| F|  |TAMS 0x000000008fd00000| PB 0x000000008fd00000| Untracked |  0
| 156|0x000000008fe00000, 0x000000008fe00000, 0x000000008ff00000|  0%| F|  |TAMS 0x000000008fe00000| PB 0x000000008fe00000| Untracked |  0
| 157|0x000000008ff00000, 0x000000008ff00000, 0x0000000090000000|  0%| F|  |TAMS 0x000000008ff00000| PB 0x000000008ff00000| Untracked |  0
| 158|0x0000000090000000, 0x0000000090000000, 0x0000000090100000|  0%| F|  |TAMS 0x0000000090000000| PB 0x0000000090000000| Untracked |  0
| 159|0x0000000090100000, 0x0000000090100000, 0x0000000090200000|  0%| F|  |TAMS 0x0000000090100000| PB 0x0000000090100000| Untracked |  0
| 160|0x0000000090200000, 0x0000000090200000, 0x0000000090300000|  0%| F|  |TAMS 0x0000000090200000| PB 0x0000000090200000| Untracked |  0
| 161|0x0000000090300000, 0x0000000090300000, 0x0000000090400000|  0%| F|  |TAMS 0x0000000090300000| PB 0x0000000090300000| Untracked |  0
| 162|0x0000000090400000, 0x0000000090400000, 0x0000000090500000|  0%| F|  |TAMS 0x0000000090400000| PB 0x0000000090400000| Untracked |  0
| 163|0x0000000090500000, 0x0000000090500000, 0x0000000090600000|  0%| F|  |TAMS 0x0000000090500000| PB 0x0000000090500000| Untracked |  0
| 164|0x0000000090600000, 0x0000000090600000, 0x0000000090700000|  0%| F|  |TAMS 0x0000000090600000| PB 0x0000000090600000| Untracked |  0
| 165|0x0000000090700000, 0x0000000090700000, 0x0000000090800000|  0%| F|  |TAMS 0x0000000090700000| PB 0x0000000090700000| Untracked |  0
| 166|0x0000000090800000, 0x0000000090800000, 0x0000000090900000|  0%| F|  |TAMS 0x0000000090800000| PB 0x0000000090800000| Untracked |  0
| 167|0x0000000090900000, 0x0000000090900000, 0x0000000090a00000|  0%| F|  |TAMS 0x0000000090900000| PB 0x0000000090900000| Untracked |  0
| 168|0x0000000090a00000, 0x0000000090a00000, 0x0000000090b00000|  0%| F|  |TAMS 0x0000000090a00000| PB 0x0000000090a00000| Untracked |  0
| 169|0x0000000090b00000, 0x0000000090b00000, 0x0000000090c00000|  0%| F|  |TAMS 0x0000000090b00000| PB 0x0000000090b00000| Untracked |  0
| 170|0x0000000090c00000, 0x0000000090c00000, 0x0000000090d00000|  0%| F|  |TAMS 0x0000000090c00000| PB 0x0000000090c00000| Untracked |  0
| 171|0x0000000090d00000, 0x0000000090d00000, 0x0000000090e00000|  0%| F|  |TAMS 0x0000000090d00000| PB 0x0000000090d00000| Untracked |  0
| 172|0x0000000090e00000, 0x0000000090e00000, 0x0000000090f00000|  0%| F|  |TAMS 0x0000000090e00000| PB 0x0000000090e00000| Untracked |  0
| 173|0x0000000090f00000, 0x0000000090f00000, 0x0000000091000000|  0%| F|  |TAMS 0x0000000090f00000| PB 0x0000000090f00000| Untracked |  0
| 174|0x0000000091000000, 0x0000000091000000, 0x0000000091100000|  0%| F|  |TAMS 0x0000000091000000| PB 0x0000000091000000| Untracked |  0
| 175|0x0000000091100000, 0x0000000091100000, 0x0000000091200000|  0%| F|  |TAMS 0x0000000091100000| PB 0x0000000091100000| Untracked |  0
| 176|0x0000000091200000, 0x0000000091200000, 0x0000000091300000|  0%| F|  |TAMS 0x0000000091200000| PB 0x0000000091200000| Untracked |  0
| 177|0x0000000091300000, 0x0000000091300000, 0x0000000091400000|  0%| F|  |TAMS 0x0000000091300000| PB 0x0000000091300000| Untracked |  0
| 178|0x0000000091400000, 0x0000000091400000, 0x0000000091500000|  0%| F|  |TAMS 0x0000000091400000| PB 0x0000000091400000| Untracked |  0
| 179|0x0000000091500000, 0x0000000091500000, 0x0000000091600000|  0%| F|  |TAMS 0x0000000091500000| PB 0x0000000091500000| Untracked |  0
| 180|0x0000000091600000, 0x0000000091600000, 0x0000000091700000|  0%| F|  |TAMS 0x0000000091600000| PB 0x0000000091600000| Untracked |  0
| 181|0x0000000091700000, 0x0000000091700000, 0x0000000091800000|  0%| F|  |TAMS 0x0000000091700000| PB 0x0000000091700000| Untracked |  0
| 182|0x0000000091800000, 0x0000000091800000, 0x0000000091900000|  0%| F|  |TAMS 0x0000000091800000| PB 0x0000000091800000| Untracked |  0
| 183|0x0000000091900000, 0x0000000091900000, 0x0000000091a00000|  0%| F|  |TAMS 0x0000000091900000| PB 0x0000000091900000| Untracked |  0
| 184|0x0000000091a00000, 0x0000000091a00000, 0x0000000091b00000|  0%| F|  |TAMS 0x0000000091a00000| PB 0x0000000091a00000| Untracked |  0
| 185|0x0000000091b00000, 0x0000000091b00000, 0x0000000091c00000|  0%| F|  |TAMS 0x0000000091b00000| PB 0x0000000091b00000| Untracked |  0
| 186|0x0000000091c00000, 0x0000000091c00000, 0x0000000091d00000|  0%| F|  |TAMS 0x0000000091c00000| PB 0x0000000091c00000| Untracked |  0
| 187|0x0000000091d00000, 0x0000000091d00000, 0x0000000091e00000|  0%| F|  |TAMS 0x0000000091d00000| PB 0x0000000091d00000| Untracked |  0
| 188|0x0000000091e00000, 0x0000000091e00000, 0x0000000091f00000|  0%| F|  |TAMS 0x0000000091e00000| PB 0x0000000091e00000| Untracked |  0
| 189|0x0000000091f00000, 0x0000000091f00000, 0x0000000092000000|  0%| F|  |TAMS 0x0000000091f00000| PB 0x0000000091f00000| Untracked |  0
| 190|0x0000000092000000, 0x0000000092000000, 0x0000000092100000|  0%| F|  |TAMS 0x0000000092000000| PB 0x0000000092000000| Untracked |  0
| 191|0x0000000092100000, 0x0000000092100000, 0x0000000092200000|  0%| F|  |TAMS 0x0000000092100000| PB 0x0000000092100000| Untracked |  0
| 192|0x0000000092200000, 0x0000000092200000, 0x0000000092300000|  0%| F|  |TAMS 0x0000000092200000| PB 0x0000000092200000| Untracked |  0
| 193|0x0000000092300000, 0x0000000092300000, 0x0000000092400000|  0%| F|  |TAMS 0x0000000092300000| PB 0x0000000092300000| Untracked |  0
| 194|0x0000000092400000, 0x00000000924a29b8, 0x0000000092500000| 63%| S|CS|TAMS 0x0000000092400000| PB 0x0000000092400000| Complete |  0
| 195|0x0000000092500000, 0x0000000092600000, 0x0000000092600000|100%| S|CS|TAMS 0x0000000092500000| PB 0x0000000092500000| Complete |  0
| 196|0x0000000092600000, 0x0000000092700000, 0x0000000092700000|100%| S|CS|TAMS 0x0000000092600000| PB 0x0000000092600000| Complete |  0
| 197|0x0000000092700000, 0x0000000092700000, 0x0000000092800000|  0%| F|  |TAMS 0x0000000092700000| PB 0x0000000092700000| Untracked |  0
| 198|0x0000000092800000, 0x0000000092800000, 0x0000000092900000|  0%| F|  |TAMS 0x0000000092800000| PB 0x0000000092800000| Untracked |  0
| 199|0x0000000092900000, 0x0000000092900000, 0x0000000092a00000|  0%| F|  |TAMS 0x0000000092900000| PB 0x0000000092900000| Untracked |  0
| 200|0x0000000092a00000, 0x0000000092a00000, 0x0000000092b00000|  0%| F|  |TAMS 0x0000000092a00000| PB 0x0000000092a00000| Untracked |  0
| 201|0x0000000092b00000, 0x0000000092b00000, 0x0000000092c00000|  0%| F|  |TAMS 0x0000000092b00000| PB 0x0000000092b00000| Untracked |  0
| 202|0x0000000092c00000, 0x0000000092c00000, 0x0000000092d00000|  0%| F|  |TAMS 0x0000000092c00000| PB 0x0000000092c00000| Untracked |  0
| 203|0x0000000092d00000, 0x0000000092d00000, 0x0000000092e00000|  0%| F|  |TAMS 0x0000000092d00000| PB 0x0000000092d00000| Untracked |  0
| 204|0x0000000092e00000, 0x0000000092e00000, 0x0000000092f00000|  0%| F|  |TAMS 0x0000000092e00000| PB 0x0000000092e00000| Untracked |  0
| 205|0x0000000092f00000, 0x0000000092f00000, 0x0000000093000000|  0%| F|  |TAMS 0x0000000092f00000| PB 0x0000000092f00000| Untracked |  0
| 206|0x0000000093000000, 0x0000000093000000, 0x0000000093100000|  0%| F|  |TAMS 0x0000000093000000| PB 0x0000000093000000| Untracked |  0
|1948|0x00000000ffe00000, 0x00000000ffe00000, 0x00000000fff00000|  0%| F|  |TAMS 0x00000000ffe00000| PB 0x00000000ffe00000| Untracked |  0
|1949|0x00000000fff00000, 0x00000000fff00000, 0x0000000100000000|  0%| F|  |TAMS 0x00000000fff00000| PB 0x00000000fff00000| Untracked |  0

Card table byte_map: [0x0000024369b90000,0x0000024369f60000] _byte_map_base: 0x000002436975f000

Marking Bits: (CMBitMap*) 0x0000024352193390
 Bits: [0x0000024369f60000, 0x000002436bdd8000)

Polling page: 0x00000243500a0000

Metaspace:

Usage:
  Non-class:     64.47 MB used.
      Class:      8.55 MB used.
       Both:     73.02 MB used.

Virtual space:
  Non-class space:      128.00 MB reserved,      65.00 MB ( 51%) committed,  2 nodes.
      Class space:        1.00 GB reserved,       9.06 MB ( <1%) committed,  1 nodes.
             Both:        1.12 GB reserved,      74.06 MB (  6%) committed. 

Chunk freelists:
   Non-Class:  14.77 MB
       Class:  6.98 MB
        Both:  21.75 MB

MaxMetaspaceSize: unlimited
CompressedClassSpaceSize: 1.00 GB
Initial GC threshold: 21.00 MB
Current GC threshold: 123.38 MB
CDS: on
 - commit_granule_bytes: 65536.
 - commit_granule_words: 8192.
 - virtual_space_node_default_size: 8388608.
 - enlarge_chunks_in_place: 1.
 - use_allocation_guard: 0.


Internal statistics:

num_allocs_failed_limit: 6.
num_arena_births: 1612.
num_arena_deaths: 0.
num_vsnodes_births: 3.
num_vsnodes_deaths: 0.
num_space_committed: 1184.
num_space_uncommitted: 0.
num_chunks_returned_to_freelist: 6.
num_chunks_taken_from_freelist: 4452.
num_chunk_merges: 6.
num_chunk_splits: 3278.
num_chunks_enlarged: 2463.
num_inconsistent_stats: 0.

CodeHeap 'non-profiled nmethods': size=120000Kb used=7298Kb max_used=7298Kb free=112701Kb
 bounds [0x0000024361f60000, 0x0000024362690000, 0x0000024369490000]
CodeHeap 'profiled nmethods': size=120000Kb used=31951Kb max_used=31963Kb free=88048Kb
 bounds [0x000002435a490000, 0x000002435c3e0000, 0x00000243619c0000]
CodeHeap 'non-nmethods': size=5760Kb used=1758Kb max_used=1884Kb free=4001Kb
 bounds [0x00000243619c0000, 0x0000024361c30000, 0x0000024361f60000]
 total_blobs=12395 nmethods=11631 adapters=665
 compilation: enabled
              stopped_count=0, restarted_count=0
 full_count=0

Compilation events (20 events):
Event: 81.854 Thread 0x000002436e81fb50 13921       3       org.jetbrains.exposed.dao.Entity::getKlass (19 bytes)
Event: 81.855 Thread 0x000002436e81fb50 nmethod 13921 0x000002435a8d5c10 code [0x000002435a8d5dc0, 0x000002435a8d6088]
Event: 81.855 Thread 0x000002436e81fb50 13920       1       org.h2.result.RowImpl::getKey (5 bytes)
Event: 81.855 Thread 0x000002436e81fb50 nmethod 13920 0x000002436267ec90 code [0x000002436267ee20, 0x000002436267eee8]
Event: 81.855 Thread 0x000002436f7c6e50 13923       4       org.jetbrains.kotlin.config.LanguageVersion::isStable (19 bytes)
Event: 81.855 Thread 0x000002436e81fb50 13924       1       org.jetbrains.kotlin.metadata.jvm.JvmModuleProtoBuf$Module::getQualifiedNameTable (5 bytes)
Event: 81.855 Thread 0x000002436e81fb50 nmethod 13924 0x000002436267ef90 code [0x000002436267f120, 0x000002436267f1e8]
Event: 81.856 Thread 0x000002436f7c6e50 nmethod 13923 0x000002436267f290 code [0x000002436267f400, 0x000002436267f4a0]
Event: 81.856 Thread 0x000002436f7c6e50 13925       4       org.jetbrains.kotlin.metadata.jvm.deserialization.ModuleMappingKt::internalNameOf (58 bytes)
Event: 81.859 Thread 0x000002436e81d090 13926       4       org.jetbrains.kotlin.container.ResolveKt::computeArguments (103 bytes)
Event: 81.862 Thread 0x000002436e81fb50 13927       3       java.lang.reflect.Method::getGenericInfo (28 bytes)
Event: 81.863 Thread 0x000002436e81fb50 nmethod 13927 0x000002435b6eab90 code [0x000002435b6eae20, 0x000002435b6ebc20]
Event: 81.891 Thread 0x000002436e81fb50 13931       3       org.jetbrains.kotlin.resolve.lazy.FileScopeFactoryKt::access$concat (6 bytes)
Event: 81.892 Thread 0x000002436e81fb50 nmethod 13931 0x000002435af81410 code [0x000002435af815e0, 0x000002435af81a88]
Event: 81.892 Thread 0x000002436e81d090 nmethod 13926 0x000002436267f590 code [0x000002436267f7a0, 0x0000024362680378]
Event: 81.892 Thread 0x000002436e81fb50 13932       3       org.jetbrains.kotlin.resolve.lazy.FileScopeFactoryKt::concat (29 bytes)
Event: 81.893 Thread 0x000002436e81d090 13929       4       org.jetbrains.kotlin.container.StorageComponentContainer::resolve (33 bytes)
Event: 81.893 Thread 0x000002436e81fb50 nmethod 13932 0x000002435b457310 code [0x000002435b4574e0, 0x000002435b457930]
Event: 81.893 Thread 0x000002436e81fb50 13933       3       org.jetbrains.kotlin.resolve.lazy.descriptors.LazyClassDescriptor::getModality (22 bytes)
Event: 81.894 Thread 0x000002436e81fb50 nmethod 13933 0x000002435a751810 code [0x000002435a7519c0, 0x000002435a751ce0]

GC Heap History (20 events):
Event: 74.883 GC heap after
{Heap after GC invocations=58 (full 0):
 garbage-first heap   total reserved 1996800K, committed 142336K, used 94883K [0x0000000086200000, 0x0000000100000000)
  region size 1024K, 4 young (4096K), 4 survivors (4096K)
 Metaspace       used 73023K, committed 74112K, reserved 1114112K
  class space    used 8668K, committed 9152K, reserved 1048576K
}
Event: 75.582 GC heap before
{Heap before GC invocations=59 (full 0):
 garbage-first heap   total reserved 1996800K, committed 160768K, used 129699K [0x0000000086200000, 0x0000000100000000)
  region size 1024K, 37 young (37888K), 4 survivors (4096K)
 Metaspace       used 73063K, committed 74112K, reserved 1114112K
  class space    used 8668K, committed 9152K, reserved 1048576K
}
Event: 75.589 GC heap after
{Heap after GC invocations=60 (full 0):
 garbage-first heap   total reserved 1996800K, committed 160768K, used 97230K [0x0000000086200000, 0x0000000100000000)
  region size 1024K, 3 young (3072K), 3 survivors (3072K)
 Metaspace       used 73063K, committed 74112K, reserved 1114112K
  class space    used 8668K, committed 9152K, reserved 1048576K
}
Event: 75.924 GC heap before
{Heap before GC invocations=60 (full 0):
 garbage-first heap   total reserved 1996800K, committed 160768K, used 145358K [0x0000000086200000, 0x0000000100000000)
  region size 1024K, 49 young (50176K), 3 survivors (3072K)
 Metaspace       used 73128K, committed 74176K, reserved 1114112K
  class space    used 8668K, committed 9152K, reserved 1048576K
}
Event: 75.934 GC heap after
{Heap after GC invocations=61 (full 0):
 garbage-first heap   total reserved 1996800K, committed 193536K, used 101939K [0x0000000086200000, 0x0000000100000000)
  region size 1024K, 7 young (7168K), 7 survivors (7168K)
 Metaspace       used 73128K, committed 74176K, reserved 1114112K
  class space    used 8668K, committed 9152K, reserved 1048576K
}
Event: 76.282 GC heap before
{Heap before GC invocations=61 (full 0):
 garbage-first heap   total reserved 1996800K, committed 193536K, used 162355K [0x0000000086200000, 0x0000000100000000)
  region size 1024K, 65 young (66560K), 7 survivors (7168K)
 Metaspace       used 73149K, committed 74176K, reserved 1114112K
  class space    used 8668K, committed 9152K, reserved 1048576K
}
Event: 76.291 GC heap after
{Heap after GC invocations=62 (full 0):
 garbage-first heap   total reserved 1996800K, committed 193536K, used 107989K [0x0000000086200000, 0x0000000100000000)
  region size 1024K, 6 young (6144K), 6 survivors (6144K)
 Metaspace       used 73149K, committed 74176K, reserved 1114112K
  class space    used 8668K, committed 9152K, reserved 1048576K
}
Event: 77.649 GC heap before
{Heap before GC invocations=62 (full 0):
 garbage-first heap   total reserved 1996800K, committed 193536K, used 143829K [0x0000000086200000, 0x0000000100000000)
  region size 1024K, 42 young (43008K), 6 survivors (6144K)
 Metaspace       used 73910K, committed 74944K, reserved 1179648K
  class space    used 8737K, committed 9216K, reserved 1048576K
}
Event: 77.657 GC heap after
{Heap after GC invocations=63 (full 0):
 garbage-first heap   total reserved 1996800K, committed 193536K, used 113351K [0x0000000086200000, 0x0000000100000000)
  region size 1024K, 7 young (7168K), 7 survivors (7168K)
 Metaspace       used 73910K, committed 74944K, reserved 1179648K
  class space    used 8737K, committed 9216K, reserved 1048576K
}
Event: 78.754 GC heap before
{Heap before GC invocations=64 (full 0):
 garbage-first heap   total reserved 1996800K, committed 193536K, used 174791K [0x0000000086200000, 0x0000000100000000)
  region size 1024K, 65 young (66560K), 7 survivors (7168K)
 Metaspace       used 74182K, committed 75264K, reserved 1179648K
  class space    used 8752K, committed 9280K, reserved 1048576K
}
Event: 78.764 GC heap after
{Heap after GC invocations=65 (full 0):
 garbage-first heap   total reserved 1996800K, committed 193536K, used 122761K [0x0000000086200000, 0x0000000100000000)
  region size 1024K, 9 young (9216K), 9 survivors (9216K)
 Metaspace       used 74182K, committed 75264K, reserved 1179648K
  class space    used 8752K, committed 9280K, reserved 1048576K
}
Event: 80.411 GC heap before
{Heap before GC invocations=65 (full 0):
 garbage-first heap   total reserved 1996800K, committed 193536K, used 173961K [0x0000000086200000, 0x0000000100000000)
  region size 1024K, 59 young (60416K), 9 survivors (9216K)
 Metaspace       used 74583K, committed 75648K, reserved 1179648K
  class space    used 8754K, committed 9280K, reserved 1048576K
}
Event: 80.422 GC heap after
{Heap after GC invocations=66 (full 0):
 garbage-first heap   total reserved 1996800K, committed 193536K, used 123721K [0x0000000086200000, 0x0000000100000000)
  region size 1024K, 6 young (6144K), 6 survivors (6144K)
 Metaspace       used 74583K, committed 75648K, reserved 1179648K
  class space    used 8754K, committed 9280K, reserved 1048576K
}
Event: 80.720 GC heap before
{Heap before GC invocations=66 (full 0):
 garbage-first heap   total reserved 1996800K, committed 193536K, used 138057K [0x0000000086200000, 0x0000000100000000)
  region size 1024K, 21 young (21504K), 6 survivors (6144K)
 Metaspace       used 74654K, committed 75712K, reserved 1179648K
  class space    used 8755K, committed 9280K, reserved 1048576K
}
Event: 80.727 GC heap after
{Heap after GC invocations=67 (full 0):
 garbage-first heap   total reserved 1996800K, committed 193536K, used 126443K [0x0000000086200000, 0x0000000100000000)
  region size 1024K, 3 young (3072K), 3 survivors (3072K)
 Metaspace       used 74654K, committed 75712K, reserved 1179648K
  class space    used 8755K, committed 9280K, reserved 1048576K
}
Event: 81.176 GC heap before
{Heap before GC invocations=68 (full 0):
 garbage-first heap   total reserved 1996800K, committed 214016K, used 178667K [0x0000000086200000, 0x0000000100000000)
  region size 1024K, 52 young (53248K), 3 survivors (3072K)
 Metaspace       used 74708K, committed 75776K, reserved 1179648K
  class space    used 8755K, committed 9280K, reserved 1048576K
}
Event: 81.186 GC heap after
{Heap after GC invocations=69 (full 0):
 garbage-first heap   total reserved 1996800K, committed 214016K, used 132736K [0x0000000086200000, 0x0000000100000000)
  region size 1024K, 7 young (7168K), 7 survivors (7168K)
 Metaspace       used 74708K, committed 75776K, reserved 1179648K
  class space    used 8755K, committed 9280K, reserved 1048576K
}
Event: 81.777 GC heap before
{Heap before GC invocations=69 (full 0):
 garbage-first heap   total reserved 1996800K, committed 214016K, used 194176K [0x0000000086200000, 0x0000000100000000)
  region size 1024K, 66 young (67584K), 7 survivors (7168K)
 Metaspace       used 74759K, committed 75840K, reserved 1179648K
  class space    used 8755K, committed 9280K, reserved 1048576K
}
Event: 81.790 GC heap after
{Heap after GC invocations=70 (full 0):
 garbage-first heap   total reserved 1996800K, committed 214016K, used 135536K [0x0000000086200000, 0x0000000100000000)
  region size 1024K, 6 young (6144K), 6 survivors (6144K)
 Metaspace       used 74759K, committed 75840K, reserved 1179648K
  class space    used 8755K, committed 9280K, reserved 1048576K
}
Event: 81.904 GC heap before
{Heap before GC invocations=70 (full 0):
 garbage-first heap   total reserved 1996800K, committed 214016K, used 146800K [0x0000000086200000, 0x0000000100000000)
  region size 1024K, 18 young (18432K), 6 survivors (6144K)
 Metaspace       used 74773K, committed 75840K, reserved 1179648K
  class space    used 8755K, committed 9280K, reserved 1048576K
}

Dll operation events (8 events):
Event: 0.072 Loaded shared library C:\Program Files\Java\jdk-22\bin\java.dll
Event: 0.360 Loaded shared library C:\Program Files\Java\jdk-22\bin\jsvml.dll
Event: 0.417 Loaded shared library C:\Program Files\Java\jdk-22\bin\net.dll
Event: 0.427 Loaded shared library C:\Program Files\Java\jdk-22\bin\nio.dll
Event: 0.442 Loaded shared library C:\Program Files\Java\jdk-22\bin\zip.dll
Event: 0.782 Loaded shared library C:\Program Files\Java\jdk-22\bin\jimage.dll
Event: 4.834 Loaded shared library C:\Program Files\Java\jdk-22\bin\verify.dll
Event: 9.580 Loaded shared library C:\Users\UsEr\AppData\Local\Temp\sqlite-3.41.2.1-d058660c-3cb5-44c8-977a-f971aad4b05f-sqlitejdbc.dll

Deoptimization events (20 events):
Event: 81.430 Thread 0x000002434681a160 Uncommon trap: trap_request=0xffffffbe fr.pc=0x000002436266199c relative=0x00000000000019fc
Event: 81.430 Thread 0x000002434681a160 Uncommon trap: reason=profile_predicate action=maybe_recompile pc=0x000002436266199c method=com.intellij.psi.stubs.StubBase.fillFilteredChildren(Lcom/intellij/psi/tree/IElementType;[Lcom/intellij/psi/PsiElement;Ljava/util/List;)V @ 17 c2
Event: 81.430 Thread 0x000002434681a160 DEOPT PACKING pc=0x000002436266199c sp=0x000000eef45f6db0
Event: 81.430 Thread 0x000002434681a160 DEOPT UNPACKING pc=0x0000024361a146a2 sp=0x000000eef45f6d10 mode 2
Event: 81.430 Thread 0x000002434681a160 Uncommon trap: trap_request=0xffffffbe fr.pc=0x000002436266199c relative=0x00000000000019fc
Event: 81.430 Thread 0x000002434681a160 Uncommon trap: reason=profile_predicate action=maybe_recompile pc=0x000002436266199c method=com.intellij.psi.stubs.StubBase.fillFilteredChildren(Lcom/intellij/psi/tree/IElementType;[Lcom/intellij/psi/PsiElement;Ljava/util/List;)V @ 17 c2
Event: 81.430 Thread 0x000002434681a160 DEOPT PACKING pc=0x000002436266199c sp=0x000000eef45f6d60
Event: 81.430 Thread 0x000002434681a160 DEOPT UNPACKING pc=0x0000024361a146a2 sp=0x000000eef45f6ca8 mode 2
Event: 81.442 Thread 0x000002434681a160 Uncommon trap: trap_request=0xffffffbe fr.pc=0x000002436266199c relative=0x00000000000019fc
Event: 81.442 Thread 0x000002434681a160 Uncommon trap: reason=profile_predicate action=maybe_recompile pc=0x000002436266199c method=com.intellij.psi.stubs.StubBase.fillFilteredChildren(Lcom/intellij/psi/tree/IElementType;[Lcom/intellij/psi/PsiElement;Ljava/util/List;)V @ 17 c2
Event: 81.442 Thread 0x000002434681a160 DEOPT PACKING pc=0x000002436266199c sp=0x000000eef45f7060
Event: 81.442 Thread 0x000002434681a160 DEOPT UNPACKING pc=0x0000024361a146a2 sp=0x000000eef45f6fc0 mode 2
Event: 81.442 Thread 0x000002434681a160 Uncommon trap: trap_request=0xffffffbe fr.pc=0x000002436266199c relative=0x00000000000019fc
Event: 81.442 Thread 0x000002434681a160 Uncommon trap: reason=profile_predicate action=maybe_recompile pc=0x000002436266199c method=com.intellij.psi.stubs.StubBase.fillFilteredChildren(Lcom/intellij/psi/tree/IElementType;[Lcom/intellij/psi/PsiElement;Ljava/util/List;)V @ 17 c2
Event: 81.442 Thread 0x000002434681a160 DEOPT PACKING pc=0x000002436266199c sp=0x000000eef45f7010
Event: 81.442 Thread 0x000002434681a160 DEOPT UNPACKING pc=0x0000024361a146a2 sp=0x000000eef45f6f58 mode 2
Event: 81.549 Thread 0x000002434681a160 Uncommon trap: trap_request=0xffffffde fr.pc=0x0000024362607d64 relative=0x0000000000001ca4
Event: 81.549 Thread 0x000002434681a160 Uncommon trap: reason=class_check action=maybe_recompile pc=0x0000024362607d64 method=com.google.common.collect.ImmutableListMultimap.get(Ljava/lang/Object;)Lcom/google/common/collect/ImmutableList; @ 5 c2
Event: 81.549 Thread 0x000002434681a160 DEOPT PACKING pc=0x0000024362607d64 sp=0x000000eef45f7230
Event: 81.549 Thread 0x000002434681a160 DEOPT UNPACKING pc=0x0000024361a146a2 sp=0x000000eef45f7048 mode 2

Classes loaded (20 events):
Event: 41.804 Loading class java/util/stream/LongStream
Event: 41.805 Loading class java/util/stream/LongStream done
Event: 41.805 Loading class java/util/stream/DoubleStream
Event: 41.805 Loading class java/util/stream/DoubleStream done
Event: 41.856 Loading class java/lang/Character$UnicodeBlock
Event: 41.857 Loading class java/lang/Character$Subset
Event: 41.857 Loading class java/lang/Character$Subset done
Event: 41.860 Loading class java/lang/Character$UnicodeBlock done
Event: 43.152 Loading class java/util/function/IntBinaryOperator
Event: 43.153 Loading class java/util/function/IntBinaryOperator done
Event: 50.466 Loading class java/util/stream/SliceOps
Event: 50.468 Loading class java/util/stream/SliceOps done
Event: 50.468 Loading class java/util/stream/SliceOps$1
Event: 50.472 Loading class java/util/stream/ReferencePipeline$StatefulOp
Event: 50.472 Loading class java/util/stream/ReferencePipeline$StatefulOp done
Event: 50.476 Loading class java/util/stream/SliceOps$1 done
Event: 50.488 Loading class java/util/stream/Nodes$SpinedNodeBuilder
Event: 50.489 Loading class java/util/stream/Nodes$SpinedNodeBuilder done
Event: 50.495 Loading class java/util/stream/SliceOps$1$1
Event: 50.497 Loading class java/util/stream/SliceOps$1$1 done

Classes unloaded (0 events):
No events

Classes redefined (0 events):
No events

Internal exceptions (20 events):
Event: 40.145 Thread 0x000002434681a160 Exception <a 'java/lang/NoSuchMethodError'{0x00000000fffc56a8}: 'java.lang.Object java.lang.invoke.DirectMethodHandle$Holder.invokeSpecial(java.lang.Object, java.lang.Object, int, java.lang.Object, java.lang.Object)'> (0x00000000fffc56a8) 
thrown [s\open\src\hotspot\share\interpreter\linkResolver.cpp, line 774]
Event: 40.465 Thread 0x000002434681a160 Exception <a 'java/lang/NoSuchMethodError'{0x000000008cb31708}: 'java.lang.Object java.lang.invoke.DirectMethodHandle$Holder.invokeStatic(java.lang.Object, int, java.lang.Object)'> (0x000000008cb31708) 
thrown [s\open\src\hotspot\share\interpreter\linkResolver.cpp, line 774]
Event: 43.173 Thread 0x000002434681a160 Exception <a 'java/lang/IncompatibleClassChangeError'{0x0000000089dbb730}: Found class java.lang.Object, but interface was expected> (0x0000000089dbb730) 
thrown [s\open\src\hotspot\share\interpreter\linkResolver.cpp, line 841]
Event: 43.175 Thread 0x000002434681a160 Exception <a 'java/lang/NoSuchMethodError'{0x0000000089dbe600}: 'int java.lang.invoke.DirectMethodHandle$Holder.invokeSpecialIFC(java.lang.Object, java.lang.Object, java.lang.Object)'> (0x0000000089dbe600) 
thrown [s\open\src\hotspot\share\interpreter\linkResolver.cpp, line 774]
Event: 43.449 Thread 0x000002434681a160 Exception <a 'java/lang/NoSuchMethodError'{0x0000000089c64ec0}: 'java.lang.Object java.lang.invoke.DirectMethodHandle$Holder.invokeStatic(java.lang.Object, int, int, java.lang.Object)'> (0x0000000089c64ec0) 
thrown [s\open\src\hotspot\share\interpreter\linkResolver.cpp, line 774]
Event: 46.070 Thread 0x000002434681a160 Exception <a 'java/lang/NoSuchMethodError'{0x000000008a0c7328}: 'java.lang.Object java.lang.invoke.DirectMethodHandle$Holder.newInvokeSpecial(java.lang.Object, java.lang.Object, java.lang.Object, java.lang.Object, java.lang.Object, java.lang.Object, java.lang.Object, int, java.lang.Object)'> (0x000000008a0c7328) 
thrown [s\open\src\hotspot\share\interpreter\linkResolver.cpp, line 774]
Event: 48.451 Thread 0x000002434681a160 Exception <a 'java/lang/IncompatibleClassChangeError'{0x000000008db717a0}: Found class java.lang.Object, but interface was expected> (0x000000008db717a0) 
thrown [s\open\src\hotspot\share\interpreter\linkResolver.cpp, line 841]
Event: 50.978 Thread 0x000002434681a160 Implicit null exception at 0x00000243622ca8d4 to 0x00000243622ca9b0
Event: 51.127 Thread 0x000002434681a160 Implicit null exception at 0x00000243622ca420 to 0x00000243622ca4b4
Event: 51.265 Thread 0x000002434681a160 Exception <a 'java/lang/NoSuchMethodError'{0x000000008a092620}: 'java.lang.Object java.lang.invoke.DirectMethodHandle$Holder.invokeStatic(java.lang.Object, int, java.lang.Object, java.lang.Object)'> (0x000000008a092620) 
thrown [s\open\src\hotspot\share\interpreter\linkResolver.cpp, line 774]
Event: 51.287 Thread 0x000002434681a160 Exception <a 'java/lang/NoSuchMethodError'{0x000000008a0998b0}: 'java.lang.Object java.lang.invoke.DirectMethodHandle$Holder.newInvokeSpecial(java.lang.Object, int, java.lang.Object)'> (0x000000008a0998b0) 
thrown [s\open\src\hotspot\share\interpreter\linkResolver.cpp, line 774]
Event: 53.995 Thread 0x000002434681a160 Exception <a 'java/lang/NoSuchMethodError'{0x000000008c987050}: 'java.lang.Object java.lang.invoke.DirectMethodHandle$Holder.invokeStatic(java.lang.Object, java.lang.Object, int, java.lang.Object)'> (0x000000008c987050) 
thrown [s\open\src\hotspot\share\interpreter\linkResolver.cpp, line 774]
Event: 53.997 Thread 0x000002434681a160 Exception <a 'java/lang/NoSuchMethodError'{0x000000008c98e470}: 'java.lang.Object java.lang.invoke.DirectMethodHandle$Holder.newInvokeSpecial(java.lang.Object, java.lang.Object, int, java.lang.Object)'> (0x000000008c98e470) 
thrown [s\open\src\hotspot\share\interpreter\linkResolver.cpp, line 774]
Event: 54.003 Thread 0x000002434681a160 Exception <a 'java/lang/NoSuchMethodError'{0x000000008c992dc0}: 'java.lang.Object java.lang.invoke.DirectMethodHandle$Holder.invokeSpecial(java.lang.Object, java.lang.Object, java.lang.Object, int, java.lang.Object)'> (0x000000008c992dc0) 
thrown [s\open\src\hotspot\share\interpreter\linkResolver.cpp, line 774]
Event: 54.005 Thread 0x000002434681a160 Exception <a 'java/lang/NoSuchMethodError'{0x000000008c997240}: 'java.lang.Object java.lang.invoke.Invokers$Holder.linkToTargetMethod(java.lang.Object, int, java.lang.Object, java.lang.Object)'> (0x000000008c997240) 
thrown [s\open\src\hotspot\share\interpreter\linkResolver.cpp, line 774]
Event: 60.477 Thread 0x000002434681a160 Exception <a 'java/lang/NoSuchMethodError'{0x000000008be00318}: 'java.lang.Object java.lang.invoke.DirectMethodHandle$Holder.invokeStatic(java.lang.Object, java.lang.Object, java.lang.Object, java.lang.Object, java.lang.Object, java.lang.Object, java.lang.Object, java.lang.Object, int)'> (0x000000008be00318) 
thrown [s\open\src\hotspot\share\interpreter\linkResolver.cpp, line 774]
Event: 60.483 Thread 0x000002434681a160 Exception <a 'java/lang/NoSuchMethodError'{0x000000008be09b78}: 'java.lang.Object java.lang.invoke.DirectMethodHandle$Holder.newInvokeSpecial(java.lang.Object, java.lang.Object, java.lang.Object, java.lang.Object, java.lang.Object, java.lang.Object, java.lang.Object, java.lang.Object, int)'> (0x000000008be09b78) 
thrown [s\open\src\hotspot\share\interpreter\linkResolver.cpp, line 774]
Event: 60.483 Thread 0x000002434681a160 Exception <a 'java/lang/NoSuchMethodError'{0x000000008be0e538}: 'java.lang.Object java.lang.invoke.DirectMethodHandle$Holder.invokeSpecial(java.lang.Object, java.lang.Object, java.lang.Object, java.lang.Object, java.lang.Object, java.lang.Object, java.lang.Object, java.lang.Object, java.lang.Object, int)'> (0x000000008be0e538) 
thrown [s\open\src\hotspot\share\interpreter\linkResolver.cpp, line 774]
Event: 60.484 Thread 0x000002434681a160 Exception <a 'java/lang/NoSuchMethodError'{0x000000008be12710}: 'java.lang.Object java.lang.invoke.Invokers$Holder.linkToTargetMethod(java.lang.Object, java.lang.Object, java.lang.Object, java.lang.Object, java.lang.Object, java.lang.Object, java.lang.Object, int, java.lang.Object)'> (0x000000008be12710) 
thrown [s\open\src\hotspot\share\interpreter\linkResolver.cpp, line 774]
Event: 78.517 Thread 0x000002434681a160 Exception <a 'java/lang/NoSuchMethodError'{0x000000008f2c9718}: 'java.lang.Object java.lang.invoke.DirectMethodHandle$Holder.newInvokeSpecial(java.lang.Object, java.lang.Object, java.lang.Object, java.lang.Object, int, int)'> (0x000000008f2c9718) 
thrown [s\open\src\hotspot\share\interpreter\linkResolver.cpp, line 774]

ZGC Phase Switch (0 events):
No events

VM Operations (20 events):
Event: 78.764 Executing VM operation: G1CollectForAllocation (G1 Evacuation Pause) done
Event: 79.192 Executing VM operation: ICBufferFull
Event: 79.192 Executing VM operation: ICBufferFull done
Event: 79.999 Executing VM operation: HandshakeAllThreads (Deoptimize)
Event: 79.999 Executing VM operation: HandshakeAllThreads (Deoptimize) done
Event: 80.143 Executing VM operation: ICBufferFull
Event: 80.143 Executing VM operation: ICBufferFull done
Event: 80.411 Executing VM operation: G1CollectForAllocation (G1 Evacuation Pause)
Event: 80.422 Executing VM operation: G1CollectForAllocation (G1 Evacuation Pause) done
Event: 80.720 Executing VM operation: G1TryInitiateConcMark (G1 Humongous Allocation)
Event: 80.727 Executing VM operation: G1TryInitiateConcMark (G1 Humongous Allocation) done
Event: 80.996 Executing VM operation: G1PauseRemark
Event: 81.012 Executing VM operation: G1PauseRemark done
Event: 81.160 Executing VM operation: G1PauseCleanup
Event: 81.161 Executing VM operation: G1PauseCleanup done
Event: 81.176 Executing VM operation: G1CollectForAllocation (G1 Evacuation Pause)
Event: 81.186 Executing VM operation: G1CollectForAllocation (G1 Evacuation Pause) done
Event: 81.777 Executing VM operation: G1CollectForAllocation (G1 Evacuation Pause)
Event: 81.790 Executing VM operation: G1CollectForAllocation (G1 Evacuation Pause) done
Event: 81.904 Executing VM operation: G1TryInitiateConcMark (G1 Humongous Allocation)

Memory protections (0 events):
No events

Nmethod flushes (20 events):
Event: 81.011 Thread 0x000002436e7f9270 flushing  nmethod 0x00000243624b3710
Event: 81.011 Thread 0x000002436e7f9270 flushing  nmethod 0x000002435a64c890
Event: 81.011 Thread 0x000002436e7f9270 flushing  nmethod 0x000002435a745c10
Event: 81.011 Thread 0x000002436e7f9270 flushing  nmethod 0x000002435a748c10
Event: 81.011 Thread 0x000002436e7f9270 flushing  nmethod 0x000002435a83f890
Event: 81.011 Thread 0x000002436e7f9270 flushing  nmethod 0x000002435a885890
Event: 81.011 Thread 0x000002436e7f9270 flushing  nmethod 0x000002435a886610
Event: 81.011 Thread 0x000002436e7f9270 flushing  nmethod 0x000002435a8c0a10
Event: 81.011 Thread 0x000002436e7f9270 flushing  nmethod 0x000002435ad55010
Event: 81.011 Thread 0x000002436e7f9270 flushing  nmethod 0x000002435aef7a90
Event: 81.011 Thread 0x000002436e7f9270 flushing  nmethod 0x000002435aef8110
Event: 81.011 Thread 0x000002436e7f9270 flushing  nmethod 0x000002435aefa410
Event: 81.011 Thread 0x000002436e7f9270 flushing  nmethod 0x000002435afcdf10
Event: 81.011 Thread 0x000002436e7f9270 flushing  nmethod 0x000002435b008290
Event: 81.011 Thread 0x000002436e7f9270 flushing  nmethod 0x000002435b008a10
Event: 81.011 Thread 0x000002436e7f9270 flushing  nmethod 0x000002435b0d4f10
Event: 81.011 Thread 0x000002436e7f9270 flushing  nmethod 0x000002435b267790
Event: 81.011 Thread 0x000002436e7f9270 flushing  nmethod 0x000002435b47c210
Event: 81.011 Thread 0x000002436e7f9270 flushing  nmethod 0x000002435bd22010
Event: 81.011 Thread 0x000002436e7f9270 flushing  nmethod 0x000002435be68b90

Events (20 events):
Event: 60.186 Thread 0x000002436f95bac0 Thread exited: 0x000002436f95bac0
Event: 65.584 Thread 0x000002436e81fb50 Thread added: 0x0000024370663db0
Event: 66.225 Thread 0x0000024370663db0 Thread exited: 0x0000024370663db0
Event: 67.060 Thread 0x000002436e81fb50 Thread added: 0x00000243705c00b0
Event: 68.266 Thread 0x00000243705c00b0 Thread exited: 0x00000243705c00b0
Event: 69.380 Thread 0x000002436e81d090 Thread added: 0x00000243705c00b0
Event: 70.025 Thread 0x00000243705c00b0 Thread exited: 0x00000243705c00b0
Event: 70.223 Thread 0x000002436e81fb50 Thread added: 0x00000243705c00b0
Event: 71.308 Thread 0x00000243705c00b0 Thread exited: 0x00000243705c00b0
Event: 71.694 Thread 0x000002436e81fb50 Thread added: 0x0000024346780270
Event: 72.328 Thread 0x0000024346780270 Thread exited: 0x0000024346780270
Event: 73.487 Thread 0x000002436e81fb50 Thread added: 0x000002436e9c58c0
Event: 74.221 Thread 0x000002436e9c58c0 Thread exited: 0x000002436e9c58c0
Event: 74.620 Thread 0x000002436e81fb50 Thread added: 0x00000243701e2190
Event: 75.454 Thread 0x00000243701e2190 Thread exited: 0x00000243701e2190
Event: 75.718 Thread 0x000002436e81fb50 Thread added: 0x000002436f7c6e50
Event: 76.023 Thread 0x000002436f7c6e50 Thread exited: 0x000002436f7c6e50
Event: 76.422 Thread 0x000002436e81fb50 Thread added: 0x000002436ec933d0
Event: 76.682 Thread 0x000002436ec933d0 Thread exited: 0x000002436ec933d0
Event: 78.304 Thread 0x000002436e81d090 Thread added: 0x000002436f7c6e50


Dynamic libraries:
0x00007ff6e6480000 - 0x00007ff6e6490000 	C:\Program Files\Java\jdk-22\bin\java.exe
0x00007ffe219f0000 - 0x00007ffe21be8000 	C:\Windows\SYSTEM32\ntdll.dll
0x00007ffe20f10000 - 0x00007ffe20fd2000 	C:\Windows\System32\KERNEL32.DLL
0x00007ffe1f1b0000 - 0x00007ffe1f4a6000 	C:\Windows\System32\KERNELBASE.dll
0x00007ffe1f4e0000 - 0x00007ffe1f5e0000 	C:\Windows\System32\ucrtbase.dll
0x00007ffdf9420000 - 0x00007ffdf9437000 	C:\Program Files\Java\jdk-22\bin\jli.dll
0x00007ffe211a0000 - 0x00007ffe2133d000 	C:\Windows\System32\USER32.dll
0x00007ffe1f9a0000 - 0x00007ffe1f9c2000 	C:\Windows\System32\win32u.dll
0x00007ffe1ffb0000 - 0x00007ffe1ffdb000 	C:\Windows\System32\GDI32.dll
0x00007ffdf66f0000 - 0x00007ffdf670b000 	C:\Program Files\Java\jdk-22\bin\VCRUNTIME140.dll
0x00007ffe1f090000 - 0x00007ffe1f1aa000 	C:\Windows\System32\gdi32full.dll
0x00007ffe1f870000 - 0x00007ffe1f90d000 	C:\Windows\System32\msvcp_win.dll
0x00007ffe0a960000 - 0x00007ffe0abfa000 	C:\Windows\WinSxS\amd64_microsoft.windows.common-controls_6595b64144ccf1df_6.0.19041.5794_none_60bcd33171f2783c\COMCTL32.dll
0x00007ffe203d0000 - 0x00007ffe2046e000 	C:\Windows\System32\msvcrt.dll
0x00007ffe204d0000 - 0x00007ffe204ff000 	C:\Windows\System32\IMM32.DLL
0x00007ffdfadc0000 - 0x00007ffdfadcc000 	C:\Program Files\Java\jdk-22\bin\vcruntime140_1.dll
0x00007ffdec900000 - 0x00007ffdec98e000 	C:\Program Files\Java\jdk-22\bin\msvcp140.dll
0x00007ffdc20a0000 - 0x00007ffdc2de9000 	C:\Program Files\Java\jdk-22\bin\server\jvm.dll
0x00007ffe21090000 - 0x00007ffe2113f000 	C:\Windows\System32\ADVAPI32.dll
0x00007ffe20040000 - 0x00007ffe200df000 	C:\Windows\System32\sechost.dll
0x00007ffe20270000 - 0x00007ffe20393000 	C:\Windows\System32\RPCRT4.dll
0x00007ffe1f4b0000 - 0x00007ffe1f4d7000 	C:\Windows\System32\bcrypt.dll
0x00007ffe21700000 - 0x00007ffe2176b000 	C:\Windows\System32\WS2_32.dll
0x00007ffe1e5d0000 - 0x00007ffe1e61b000 	C:\Windows\SYSTEM32\POWRPROF.dll
0x00007ffe0b900000 - 0x00007ffe0b927000 	C:\Windows\SYSTEM32\WINMM.dll
0x00007ffe0c0d0000 - 0x00007ffe0c0da000 	C:\Windows\SYSTEM32\VERSION.dll
0x00007ffe1e490000 - 0x00007ffe1e4a2000 	C:\Windows\SYSTEM32\UMPDC.dll
0x00007ffe1d8b0000 - 0x00007ffe1d8c2000 	C:\Windows\SYSTEM32\kernel.appcore.dll
0x00007ffdfa3a0000 - 0x00007ffdfa3aa000 	C:\Program Files\Java\jdk-22\bin\jimage.dll
0x00007ffe1d5e0000 - 0x00007ffe1d7c4000 	C:\Windows\SYSTEM32\DBGHELP.DLL
0x00007ffdfb3b0000 - 0x00007ffdfb3e4000 	C:\Windows\SYSTEM32\dbgcore.DLL
0x00007ffe1f910000 - 0x00007ffe1f992000 	C:\Windows\System32\bcryptPrimitives.dll
0x00007ffdf5e60000 - 0x00007ffdf5e7e000 	C:\Program Files\Java\jdk-22\bin\java.dll
0x00007ffe205f0000 - 0x00007ffe20d5e000 	C:\Windows\System32\SHELL32.dll
0x00007ffe20de0000 - 0x00007ffe20f0b000 	C:\Windows\System32\ole32.dll
0x00007ffe21340000 - 0x00007ffe21693000 	C:\Windows\System32\combase.dll
0x00007ffe1cd60000 - 0x00007ffe1d503000 	C:\Windows\SYSTEM32\windows.storage.dll
0x00007ffe1eac0000 - 0x00007ffe1eaeb000 	C:\Windows\SYSTEM32\Wldp.dll
0x00007ffe20500000 - 0x00007ffe205cd000 	C:\Windows\System32\OLEAUT32.dll
0x00007ffe200e0000 - 0x00007ffe2018d000 	C:\Windows\System32\SHCORE.dll
0x00007ffe21140000 - 0x00007ffe21195000 	C:\Windows\System32\shlwapi.dll
0x00007ffe1efc0000 - 0x00007ffe1efe5000 	C:\Windows\SYSTEM32\profapi.dll
0x00007ffdec6d0000 - 0x00007ffdec7a7000 	C:\Program Files\Java\jdk-22\bin\jsvml.dll
0x00007ffdf9d00000 - 0x00007ffdf9d10000 	C:\Program Files\Java\jdk-22\bin\net.dll
0x00007ffe1e820000 - 0x00007ffe1e88c000 	C:\Windows\system32\mswsock.dll
0x00007ffdf5b30000 - 0x00007ffdf5b46000 	C:\Program Files\Java\jdk-22\bin\nio.dll
0x00007ffdf5b10000 - 0x00007ffdf5b27000 	C:\Program Files\Java\jdk-22\bin\zip.dll
0x00007ffe1ea20000 - 0x00007ffe1ea38000 	C:\Windows\SYSTEM32\CRYPTSP.dll
0x00007ffe1e0d0000 - 0x00007ffe1e108000 	C:\Windows\system32\rsaenh.dll
0x00007ffe1ef80000 - 0x00007ffe1efae000 	C:\Windows\SYSTEM32\USERENV.dll
0x00007ffe1ea10000 - 0x00007ffe1ea1c000 	C:\Windows\SYSTEM32\CRYPTBASE.dll
0x00007ffe1e4b0000 - 0x00007ffe1e4eb000 	C:\Windows\SYSTEM32\IPHLPAPI.DLL
0x00007ffe203a0000 - 0x00007ffe203a8000 	C:\Windows\System32\NSI.dll
0x00007ffdf99b0000 - 0x00007ffdf99c0000 	C:\Program Files\Java\jdk-22\bin\verify.dll
0x00007ffde5180000 - 0x00007ffde5269000 	C:\Users\UsEr\AppData\Local\Temp\sqlite-3.41.2.1-d058660c-3cb5-44c8-977a-f971aad4b05f-sqlitejdbc.dll

dbghelp: loaded successfully - version: 4.0.5 - missing functions: none
symbol engine: initialized successfully - sym options: 0x614 - pdb path: .;C:\Program Files\Java\jdk-22\bin;C:\Windows\SYSTEM32;C:\Windows\WinSxS\amd64_microsoft.windows.common-controls_6595b64144ccf1df_6.0.19041.5794_none_60bcd33171f2783c;C:\Program Files\Java\jdk-22\bin\server;C:\Users\UsEr\AppData\Local\Temp

VM Arguments:
jvm_args: -DkotlinLanguageServer.version=1.3.13 
java_command: org.javacs.kt.MainKt
java_class_path (initial): c:\Users\UsEr\AppData\Roaming\Code\User\globalStorage\fwcd.kotlin\langServerInstall\server\lib\server-1.3.13.jar;c:\Users\UsEr\AppData\Roaming\Code\User\globalStorage\fwcd.kotlin\langServerInstall\server\lib\shared-1.3.13.jar;c:\Users\UsEr\AppData\Roaming\Code\User\globalStorage\fwcd.kotlin\langServerInstall\server\lib\kotlin-scripting-jvm-host-unshaded-2.1.0.jar;c:\Users\UsEr\AppData\Roaming\Code\User\globalStorage\fwcd.kotlin\langServerInstall\server\lib\kotlin-scripting-compiler-2.1.0.jar;c:\Users\UsEr\AppData\Roaming\Code\User\globalStorage\fwcd.kotlin\langServerInstall\server\lib\ktfmt-b5d31d1.jar;c:\Users\UsEr\AppData\Roaming\Code\User\globalStorage\fwcd.kotlin\langServerInstall\server\lib\kotlin-compiler-2.1.0.jar;c:\Users\UsEr\AppData\Roaming\Code\User\globalStorage\fwcd.kotlin\langServerInstall\server\lib\exposed-dao-0.37.3.jar;c:\Users\UsEr\AppData\Roaming\Code\User\globalStorage\fwcd.kotlin\langServerInstall\server\lib\exposed-jdbc-0.37.3.jar;c:\Users\UsEr\AppData\Roaming\Code\User\globalStorage\fwcd.kotlin\langServerInstall\server\lib\exposed-core-0.37.3.jar;c:\Users\UsEr\AppData\Roaming\Code\User\globalStorage\fwcd.kotlin\langServerInstall\server\lib\kotlin-scripting-compiler-impl-2.1.0.jar;c:\Users\UsEr\AppData\Roaming\Code\User\globalStorage\fwcd.kotlin\langServerInstall\server\lib\kotlin-reflect-2.1.0.jar;c:\Users\UsEr\AppData\Roaming\Code\User\globalStorage\fwcd.kotlin\langServerInstall\server\lib\kotlin-scripting-jvm-2.1.0.jar;c:\Users\UsEr\AppData\Roaming\Code\User\globalStorage\fwcd.kotlin\langServerInstall\server\lib\kotlin-scripting-common-2.1.0.jar;c:\Users\UsEr\AppData\Roaming\Code\User\globalStorage\fwcd.kotlin\langServerInstall\server\lib\kotlinx-coroutines-core-jvm-1.6.4.jar;c:\Users\UsEr\AppData\Roaming\Code\User\globalStorage\fwcd.kotlin\langServerInstall\server\lib\kotlin-stdlib-jdk8-2.1.0.jar;c:\Users\UsEr\AppData\Roaming\Code\User\globalStorage\fwcd.kotlin\langServerInstall\server\lib\kotlin-stdlib-jdk7-2.1.0.jar;c:\Users\UsEr\AppData\Roaming\Code\User\globalStorage\fwcd.kotlin\langServerInstall\server\lib\kotlin-stdlib-2.1.0.jar;c:\Users\UsEr\AppData\Roaming\Code\User\globalStorage\fwcd.kotlin\langServerInstall\server\lib\org.eclipse.lsp4j-0.21.2.jar;c:\Users\UsEr\AppData\Roaming\Code\User\globalStorage\fwcd.kotlin\langServerInstall\server\lib\org.eclipse.lsp4j.jsonrpc-0.21.2.jar;c:\Users\UsEr\AppData\Roaming\Code\User\globalStorage\fwcd.kotlin\langServerInstall\server\lib\kotlin-sam-with-receiver-compiler-plugin-2.1.0.jar;c:\Users\UsEr\AppData\Roaming\Code\User\globalStorage\fwcd.kotlin\langServerInstall\server\lib\fernflower-1.0.jar;c:\Users\UsEr\AppData\Roaming\Code\User\globalStorage\fwcd.kotlin\langServerInstall\server\lib\h2-1.4.200.jar;c:\Users\UsEr\AppData\Roaming\Code\User\globalStorage\fwcd.kotlin\langServerInstall\server\lib\jcommander-1.78.jar;c:\Users\UsEr\AppData\Roaming\Code\User\globalStorage\fwcd.kotlin\langServerInstall\server\lib\sqlite-jdbc-3.41.2.1.jar;c:\Users\UsEr\AppData\Roaming\Code\User\globalStorage\fwcd.kotlin\langServerInstall\server\lib\google-java-format-1.8.jar;c:\Users\UsEr\AppData\Roaming\Code\User\globalStorage\fwcd.kotlin\langServerInstall\server\lib\guava-33.3.0-jre.jar;c:\Users\UsEr\AppData\Roaming\Code\User\globalStorage\fwcd.kotlin\langServerInstall\server\lib\annotations-13.0.jar;c:\Users\UsEr\AppData\Roaming\Code\User\globalStorage\fwcd.kotlin\langServerInstall\server\lib\gson-2.10.1.jar;c:\Users\UsEr\AppData\Roaming\Code\User\globalStorage\fwcd.kotlin\langServerInstall\server\lib\kotlin-script-runtime-2.1.0.jar;c:\Users\UsEr\AppData\Roaming\Code\User\globalStorage\fwcd.kotlin\langServerInstall\server\lib\trove4j-1.0.20200330.jar;c:\Users\UsEr\AppData\Roaming\Code\User\globalStorage\fwcd.kotlin\langServerInstall\server\lib\jline-3.24.1.jar;c:\Users\UsEr\AppData\Roaming\Code\User\globalStorage\fwcd.kotlin\langServerInstall\server\lib\slf4j-api-1.7.25.jar;c:\Users\UsEr\AppData\Roaming\Code\User\globalStorage\fwcd.kotlin\langServerInstall\server\lib\jna-4.2.2.jar;c:\Users\UsEr\AppData\Roaming\Code\User\globalStorage\fwcd.kotlin\langServerInstall\server\lib\failureaccess-1.0.2.jar;c:\Users\UsEr\AppData\Roaming\Code\User\globalStorage\fwcd.kotlin\langServerInstall\server\lib\listenablefuture-9999.0-empty-to-avoid-conflict-with-guava.jar;c:\Users\UsEr\AppData\Roaming\Code\User\globalStorage\fwcd.kotlin\langServerInstall\server\lib\jsr305-3.0.2.jar;c:\Users\UsEr\AppData\Roaming\Code\User\globalStorage\fwcd.kotlin\langServerInstall\server\lib\checker-qual-3.43.0.jar;c:\Users\UsEr\AppData\Roaming\Code\User\globalStorage\fwcd.kotlin\langServerInstall\server\lib\error_prone_annotations-2.28.0.jar
Launcher Type: SUN_STANDARD

[Global flags]
     intx CICompilerCount                          = 4                                         {product} {ergonomic}
     uint ConcGCThreads                            = 2                                         {product} {ergonomic}
     uint G1ConcRefinementThreads                  = 8                                         {product} {ergonomic}
   size_t G1HeapRegionSize                         = 1048576                                   {product} {ergonomic}
   size_t InitialHeapSize                          = 127926272                                 {product} {ergonomic}
   size_t MarkStackSize                            = 4194304                                   {product} {ergonomic}
   size_t MaxHeapSize                              = 2044723200                                {product} {ergonomic}
   size_t MaxNewSize                               = 1226833920                                {product} {ergonomic}
   size_t MinHeapDeltaBytes                        = 1048576                                   {product} {ergonomic}
   size_t MinHeapSize                              = 8388608                                   {product} {ergonomic}
    uintx NonNMethodCodeHeapSize                   = 5839372                                {pd product} {ergonomic}
    uintx NonProfiledCodeHeapSize                  = 122909434                              {pd product} {ergonomic}
    uintx ProfiledCodeHeapSize                     = 122909434                              {pd product} {ergonomic}
    uintx ReservedCodeCacheSize                    = 251658240                              {pd product} {ergonomic}
     bool SegmentedCodeCache                       = true                                      {product} {ergonomic}
   size_t SoftMaxHeapSize                          = 2044723200                             {manageable} {ergonomic}
     bool UseCompressedOops                        = true                           {product lp64_product} {ergonomic}
     bool UseG1GC                                  = true                                      {product} {ergonomic}
     bool UseLargePagesIndividualAllocation        = false                                  {pd product} {ergonomic}

Logging:
Log output configuration:
 #0: stdout all=warning uptime,level,tags foldmultilines=false
 #1: stderr all=off uptime,level,tags foldmultilines=false

Environment Variables:
CLASSPATH=c:\Users\UsEr\AppData\Roaming\Code\User\globalStorage\fwcd.kotlin\langServerInstall\server\lib\server-1.3.13.jar;c:\Users\UsEr\AppData\Roaming\Code\User\globalStorage\fwcd.kotlin\langServerInstall\server\lib\shared-1.3.13.jar;c:\Users\UsEr\AppData\Roaming\Code\User\globalStorage\fwcd.kotlin\langServerInstall\server\lib\kotlin-scripting-jvm-host-unshaded-2.1.0.jar;c:\Users\UsEr\AppData\Roaming\Code\User\globalStorage\fwcd.kotlin\langServerInstall\server\lib\kotlin-scripting-compiler-2.1.0.jar;c:\Users\UsEr\AppData\Roaming\Code\User\globalStorage\fwcd.kotlin\langServerInstall\server\lib\ktfmt-b5d31d1.jar;c:\Users\UsEr\AppData\Roaming\Code\User\globalStorage\fwcd.kotlin\langServerInstall\server\lib\kotlin-compiler-2.1.0.jar;c:\Users\UsEr\AppData\Roaming\Code\User\globalStorage\fwcd.kotlin\langServerInstall\server\lib\exposed-dao-0.37.3.jar;c:\Users\UsEr\AppData\Roaming\Code\User\globalStorage\fwcd.kotlin\langServerInstall\server\lib\exposed-jdbc-0.37.3.jar;c:\Users\UsEr\AppData\Roaming\Code\User\globalStorage\fwcd.kotlin\langServerInstall\server\lib\exposed-core-0.37.3.jar;c:\Users\UsEr\AppData\Roaming\Code\User\globalStorage\fwcd.kotlin\langServerInstall\server\lib\kotlin-scripting-compiler-impl-2.1.0.jar;c:\Users\UsEr\AppData\Roaming\Code\User\globalStorage\fwcd.kotlin\langServerInstall\server\lib\kotlin-reflect-2.1.0.jar;c:\Users\UsEr\AppData\Roaming\Code\User\globalStorage\fwcd.kotlin\langServerInstall\server\lib\kotlin-scripting-jvm-2.1.0.jar;c:\Users\UsEr\AppData\Roaming\Code\User\globalStorage\fwcd.kotlin\langServerInstall\server\lib\kotlin-scripting-common-2.1.0.jar;c:\Users\UsEr\AppData\Roaming\Code\User\globalStorage\fwcd.kotlin\langServerInstall\server\lib\kotlinx-coroutines-core-jvm-1.6.4.jar;c:\Users\UsEr\AppData\Roaming\Code\User\globalStorage\fwcd.kotlin\langServerInstall\server\lib\kotlin-stdlib-jdk8-2.1.0.jar;c:\Users\UsEr\AppData\Roaming\Code\User\globalStorage\fwcd.kotlin\langServerInstall\server\lib\kotlin-stdlib-jdk7-2.1.0.jar;c:\Users\UsEr\AppData\Roaming\Code\User\globalStorage\fwcd.kotlin\langServerInstall\server\lib\kotlin-stdlib-2.1.0.jar;c:\Users\UsEr\AppData\Roaming\Code\User\globalStorage\fwcd.kotlin\langServerInstall\server\lib\org.eclipse.lsp4j-0.21.2.jar;c:\Users\UsEr\AppData\Roaming\Code\User\globalStorage\fwcd.kotlin\langServerInstall\server\lib\org.eclipse.lsp4j.jsonrpc-0.21.2.jar;c:\Users\UsEr\AppData\Roaming\Code\User\globalStorage\fwcd.kotlin\langServerInstall\server\lib\kotlin-sam-with-receiver-compiler-plugin-2.1.0.jar;c:\Users\UsEr\AppData\Roaming\Code\User\globalStorage\fwcd.kotlin\langServerInstall\server\lib\fernflower-1.0.jar;c:\Users\UsEr\AppData\Roaming\Code\User\globalStorage\fwcd.kotlin\langServerInstall\server\lib\h2-1.4.200.jar;c:\Users\UsEr\AppData\Roaming\Code\User\globalStorage\fwcd.kotlin\langServerInstall\server\lib\jcommander-1.78.jar;c:\Users\UsEr\AppData\Roaming\Code\User\globalStorage\fwcd.kotlin\langServerInstall\server\lib\sqlite-jdbc-3.41.2.1.jar;c:\Users\UsEr\AppData\Roaming\Code\User\globalStorage\fwcd.kotlin\langServerInstall\server\lib\google-java-format-1.8.jar;c:\Users\UsEr\AppData\Roaming\Code\User\globalStorage\fwcd.kotlin\langServerInstall\server\lib\guava-33.3.0-jre.jar;c:\Users\UsEr\AppData\Roaming\Code\User\globalStorage\fwcd.kotlin\langServerInstall\server\lib\annotations-13.0.jar;c:\Users\UsEr\AppData\Roaming\Code\User\globalStorage\fwcd.kotlin\langServerInstall\server\lib\gson-2.10.1.jar;c:\Users\UsEr\AppData\Roaming\Code\User\globalStorage\fwcd.kotlin\langServerInstall\server\lib\kotlin-script-runtime-2.1.0.jar;c:\Users\UsEr\AppData\Roaming\Code\User\globalStorage\fwcd.kotlin\langServerInstall\server\lib\trove4j-1.0.20200330.jar;c:\Users\UsEr\AppData\Roaming\Code\User\globalStorage\fwcd.kotlin\langServerInstall\server\lib\jline-3.24.1.jar;c:\Users\UsEr\AppData\Roaming\Code\User\globalStorage\fwcd.kotlin\langServerInstall\server\lib\slf4j-api-1.7.25.jar;c:\Users\UsEr\AppData\Roaming\Code\User\globalStorage\fwcd.kotlin\langServerInstall\server\lib\jna-4.2.2.jar;c:\Users\UsEr\AppData\Roaming\Code\User\globalStorage\fwcd.kotlin\langServerInstall\server\lib\failureaccess-1.0.2.jar;c:\Users\UsEr\AppData\Roaming\Code\User\globalStorage\fwcd.kotlin\langServerInstall\server\lib\listenablefuture-9999.0-empty-to-avoid-conflict-with-guava.jar;c:\Users\UsEr\AppData\Roaming\Code\User\globalStorage\fwcd.kotlin\langServerInstall\server\lib\jsr305-3.0.2.jar;c:\Users\UsEr\AppData\Roaming\Code\User\globalStorage\fwcd.kotlin\langServerInstall\server\lib\checker-qual-3.43.0.jar;c:\Users\UsEr\AppData\Roaming\Code\User\globalStorage\fwcd.kotlin\langServerInstall\server\lib\error_prone_annotations-2.28.0.jar
PATH=C:\Program Files\Common Files\Oracle\Java\javapath;c:\Users\UsEr\AppData\Local\Programs\cursor\resources\app\bin;C:\Program Files (x86)\Common Files\Intel\Shared Files\cpp\bin\Intel64;C:\Windows\system32;C:\Windows;C:\Windows\System32\Wbem;C:\Windows\System32\WindowsPowerShell\v1.0\;C:\Windows\System32\OpenSSH\;C:\Program Files\Intel\WiFi\bin\;C:\Program Files\Common Files\Intel\WirelessCommon\;C:\Program Files\Git\cmd;C:\msys64\mingw64\bin;C:\Program Files\OpenSSL-Win64;C:\xampp\php;C:\ProgramData\ComposerSetup\bin;C:\Users\UsEr\AppData\Local\Microsoft\WindowsApps;C:\Users\UsEr\AppData\Roaming\Composer\vendor\bin;C:\Users\UsEr\AppData\Roaming\npm;c:\Users\UsEr\AppData\Local\Programs\cursor\resources\app\bin;c:\Users\UsEr\AppData\Local\Programs\cursor\resources\app\bin;C:\Program Files\nodejs\;C:\src\flutter\bin;C:\Program Files\Microsoft VS Code\bin;C:\Users\UsEr\AppData\Local\Packages\PythonSoftwareFoundation.Python.3.11_qbz5n2kfra8p0\LocalCache\local-packages\Python311\site-packages;C:\Users\UsEr\AppData\Local\Programs\Python\Python310\Scripts\;C:\Users\UsEr\AppData\Local\Programs\Python\Python310\;C:\Users\UsEr\AppData\Local\Microsoft\WindowsApps;C:\Users\UsEr\AppData\Roaming\Composer\vendor\bin;C:\Program Files\JetBrains\IntelliJ IDEA Community Edition 2024.2.0.2\bin;C:\Users\UsEr\AppData\Roaming\npm;C:\Users\UsEr\AppData\Local\GitHubDesktop\bin;C:\Windows\System32\WindowsPowerShell\v1.0;C:\src\flutter\bin;C:\Users\UsEr\.lmstudio\bin;C:\Program Files\kotlinc\bin;C:\Users\UsEr\AppData\Local\Programs\cursor\resources\app\bin
USERNAME=UsEr
OS=Windows_NT
PROCESSOR_IDENTIFIER=Intel64 Family 6 Model 142 Stepping 10, GenuineIntel
TMP=C:\Users\UsEr\AppData\Local\Temp
TEMP=C:\Users\UsEr\AppData\Local\Temp




Periodic native trim disabled

---------------  S Y S T E M  ---------------

OS:
 Windows 10 , 64 bit Build 19041 (10.0.19041.5794)
OS uptime: 1 days 21:48 hours

CPU: total 8 (initial active 8) (4 cores per cpu, 2 threads per core) family 6 model 142 stepping 10 microcode 0xb4, cx8, cmov, fxsr, ht, mmx, 3dnowpref, sse, sse2, sse3, ssse3, sse4.1, sse4.2, popcnt, lzcnt, tsc, tscinvbit, avx, avx2, aes, erms, clmul, bmi1, bmi2, rtm, adx, fma, vzeroupper, clflush, clflushopt, rdtscp, f16c
Processor Information for all 8 processors :
  Max Mhz: 1896, Current Mhz: 1696, Mhz Limit: 1687

Memory: 4k page, system-wide physical 7797M (427M free)
TotalPageFile size 21901M (AvailPageFile size 74M)
current process WorkingSet (physical memory assigned to process): 418M, peak: 418M
current process commit charge ("private bytes"): 472M, peak: 681M

vm_info: Java HotSpot(TM) 64-Bit Server VM (22.0.2+9-70) for windows-amd64 JRE (22.0.2+9-70), built on 2024-06-04T16:52:23Z by "mach5one" with MS VC++ 17.6 (VS2022)

END.
