#
# There is insufficient memory for the Java Runtime Environment to continue.
# Native memory allocation (mmap) failed to map 300941312 bytes. Error detail: G1 virtual space
# Possible reasons:
#   The system is out of physical RAM or swap space
#   This process is running with CompressedOops enabled, and the Java Heap may be blocking the growth of the native heap
# Possible solutions:
#   Reduce memory load on the system
#   Increase physical memory or swap space
#   Check if swap backing store is full
#   Decrease Java heap size (-Xmx/-Xms)
#   Decrease number of Java threads
#   Decrease Java thread stack sizes (-Xss)
#   Set larger code cache with -XX:ReservedCodeCacheSize=
#   JVM is running with Unscaled Compressed Oops mode in which the Java heap is
#     placed in the first 4GB address space. The Java Heap base address is the
#     maximum limit for the native heap growth. Please use -XX:HeapBaseMinAddress
#     to set the Java Heap base and to place the Java Heap above 4GB virtual address.
# This output file may be truncated or incomplete.
#
#  Out of Memory Error (os_windows.cpp:3631), pid=17976, tid=5944
#
# JRE version: Java(TM) SE Runtime Environment (22.0.2+9) (build 22.0.2+9-70)
# Java VM: Java HotSpot(TM) 64-Bit Server VM (22.0.2+9-70, mixed mode, sharing, tiered, compressed oops, compressed class ptrs, g1 gc, windows-amd64)
# No core dump will be written. Minidumps are not enabled by default on client versions of Windows
#

---------------  S U M M A R Y ------------

Command Line: -DkotlinLanguageServer.version=1.3.13 org.javacs.kt.MainKt

Host: Intel(R) Core(TM) i5-8350U CPU @ 1.70GHz, 8 cores, 7G,  Windows 10 , 64 bit Build 19041 (10.0.19041.5794)
Time: Wed May  7 15:07:36 2025 SE Asia Standard Time elapsed time: 84.127238 seconds (0d 0h 1m 24s)

---------------  T H R E A D  ---------------

Current thread (0x0000019dc11a9470):  VMThread "VM Thread"          [id=5944, stack(0x0000006e31e00000,0x0000006e31f00000) (1024K)]

Stack: [0x0000006e31e00000,0x0000006e31f00000]
Native frames: (J=compiled Java code, j=interpreted, Vv=VM code, C=native code)
V  [jvm.dll+0x6e26e9]  (no source info available)
V  [jvm.dll+0x875753]  (no source info available)
V  [jvm.dll+0x877b7e]  (no source info available)
V  [jvm.dll+0x878253]  (no source info available)
V  [jvm.dll+0x27fc86]  (no source info available)
V  [jvm.dll+0x6ded85]  (no source info available)
V  [jvm.dll+0x6d388a]  (no source info available)
V  [jvm.dll+0x358b8a]  (no source info available)
V  [jvm.dll+0x3610b6]  (no source info available)
V  [jvm.dll+0x3b419e]  (no source info available)
V  [jvm.dll+0x3b4448]  (no source info available)
V  [jvm.dll+0x32c5ec]  (no source info available)
V  [jvm.dll+0x32c677]  (no source info available)
V  [jvm.dll+0x37244c]  (no source info available)
V  [jvm.dll+0x370b46]  (no source info available)
V  [jvm.dll+0x32bcd7]  (no source info available)
V  [jvm.dll+0x370304]  (no source info available)
V  [jvm.dll+0x87e0f0]  (no source info available)
V  [jvm.dll+0x87f477]  (no source info available)
V  [jvm.dll+0x87f9f0]  (no source info available)
V  [jvm.dll+0x87fc93]  (no source info available)
V  [jvm.dll+0x81dc0b]  (no source info available)
V  [jvm.dll+0x6e0d85]  (no source info available)
C  [ucrtbase.dll+0x21bb2]  (no source info available)
C  [KERNEL32.DLL+0x17374]  (no source info available)
C  [ntdll.dll+0x4cc91]  (no source info available)

VM_Operation (0x0000006e335fc930): G1CollectForAllocation, mode: safepoint, requested by thread 0x0000019e07463fa0


---------------  P R O C E S S  ---------------

Threads class SMR info:
_java_thread_list=0x0000019e10aa3090, length=16, elements={
0x0000019dc11c4610, 0x0000019dc11c5330, 0x0000019dc11c84e0, 0x0000019dc11c8f40,
0x0000019dc11d0160, 0x0000019dc11d40b0, 0x0000019dc11d7da0, 0x0000019dc11de480,
0x0000019dc1421f10, 0x0000019dc1424da0, 0x0000019dc175f940, 0x0000019da4afad10,
0x0000019dc18e3870, 0x0000019e112f67e0, 0x0000019e07463fa0, 0x0000019e11be1df0
}

Java Threads: ( => current thread )
  0x0000019dc11c4610 JavaThread "Reference Handler"          daemon [_thread_blocked, id=13388, stack(0x0000006e31f00000,0x0000006e32000000) (1024K)]
  0x0000019dc11c5330 JavaThread "Finalizer"                  daemon [_thread_blocked, id=6636, stack(0x0000006e32000000,0x0000006e32100000) (1024K)]
  0x0000019dc11c84e0 JavaThread "Signal Dispatcher"          daemon [_thread_blocked, id=6948, stack(0x0000006e32100000,0x0000006e32200000) (1024K)]
  0x0000019dc11c8f40 JavaThread "Attach Listener"            daemon [_thread_blocked, id=5760, stack(0x0000006e32200000,0x0000006e32300000) (1024K)]
  0x0000019dc11d0160 JavaThread "Service Thread"             daemon [_thread_blocked, id=1980, stack(0x0000006e32300000,0x0000006e32400000) (1024K)]
  0x0000019dc11d40b0 JavaThread "Monitor Deflation Thread"   daemon [_thread_blocked, id=13528, stack(0x0000006e32400000,0x0000006e32500000) (1024K)]
  0x0000019dc11d7da0 JavaThread "C2 CompilerThread0"         daemon [_thread_blocked, id=3532, stack(0x0000006e32500000,0x0000006e32600000) (1024K)]
  0x0000019dc11de480 JavaThread "C1 CompilerThread0"         daemon [_thread_blocked, id=13512, stack(0x0000006e32600000,0x0000006e32700000) (1024K)]
  0x0000019dc1421f10 JavaThread "Notification Thread"        daemon [_thread_blocked, id=7060, stack(0x0000006e32700000,0x0000006e32800000) (1024K)]
  0x0000019dc1424da0 JavaThread "Common-Cleaner"             daemon [_thread_blocked, id=1120, stack(0x0000006e32800000,0x0000006e32900000) (1024K)]
  0x0000019dc175f940 JavaThread "client"                            [_thread_blocked, id=14464, stack(0x0000006e33100000,0x0000006e33200000) (1024K)]
  0x0000019da4afad10 JavaThread "DestroyJavaVM"                     [_thread_blocked, id=1476, stack(0x0000006e31700000,0x0000006e31800000) (1024K)]
  0x0000019dc18e3870 JavaThread "async0"                            [_thread_blocked, id=16672, stack(0x0000006e33200000,0x0000006e33300000) (1024K)]
  0x0000019e112f67e0 JavaThread "async1"                            [_thread_blocked, id=14476, stack(0x0000006e33400000,0x0000006e33500000) (1024K)]
  0x0000019e07463fa0 JavaThread "debounce0"                         [_thread_blocked, id=16244, stack(0x0000006e33500000,0x0000006e33600000) (1024K)]
  0x0000019e11be1df0 JavaThread "async2"                            [_thread_blocked, id=15324, stack(0x0000006e31500000,0x0000006e31600000) (1024K)]
Total: 16

Other Threads:
=>0x0000019dc11a9470 VMThread "VM Thread"                           [id=5944, stack(0x0000006e31e00000,0x0000006e31f00000) (1024K)]
  0x0000019dc118f3c0 WatcherThread "VM Periodic Task Thread"        [id=16916, stack(0x0000006e31d00000,0x0000006e31e00000) (1024K)]
  0x0000019da4b54b10 WorkerThread "GC Thread#0"                     [id=17496, stack(0x0000006e31800000,0x0000006e31900000) (1024K)]
  0x0000019dc1bf1c30 WorkerThread "GC Thread#1"                     [id=14524, stack(0x0000006e32900000,0x0000006e32a00000) (1024K)]
  0x0000019dc1d36ac0 WorkerThread "GC Thread#2"                     [id=12300, stack(0x0000006e32a00000,0x0000006e32b00000) (1024K)]
  0x0000019dc1d36e70 WorkerThread "GC Thread#3"                     [id=8840, stack(0x0000006e32b00000,0x0000006e32c00000) (1024K)]
  0x0000019dc1d37220 WorkerThread "GC Thread#4"                     [id=7000, stack(0x0000006e32c00000,0x0000006e32d00000) (1024K)]
  0x0000019dc1d375d0 WorkerThread "GC Thread#5"                     [id=9068, stack(0x0000006e32d00000,0x0000006e32e00000) (1024K)]
  0x0000019dc1d37980 WorkerThread "GC Thread#6"                     [id=728, stack(0x0000006e32e00000,0x0000006e32f00000) (1024K)]
  0x0000019e07716170 WorkerThread "GC Thread#7"                     [id=5632, stack(0x0000006e32f00000,0x0000006e33000000) (1024K)]
  0x0000019da4b64ec0 ConcurrentGCThread "G1 Main Marker"            [id=1264, stack(0x0000006e31900000,0x0000006e31a00000) (1024K)]
  0x0000019da4b659d0 WorkerThread "G1 Conc#0"                       [id=13152, stack(0x0000006e31a00000,0x0000006e31b00000) (1024K)]
  0x0000019e0786f3f0 WorkerThread "G1 Conc#1"                       [id=17896, stack(0x0000006e33000000,0x0000006e33100000) (1024K)]
  0x0000019da4bbe7b0 ConcurrentGCThread "G1 Refine#0"               [id=15620, stack(0x0000006e31b00000,0x0000006e31c00000) (1024K)]
  0x0000019dc1060940 ConcurrentGCThread "G1 Service"                [id=14644, stack(0x0000006e31c00000,0x0000006e31d00000) (1024K)]
Total: 15

Threads with active compile tasks:
C2 CompilerThread0  84304 16376       4       org.jetbrains.kotlin.resolve.calls.tower.KotlinToResolvedCallTransformer::runArgumentsChecks (421 bytes)
Total: 1

VM state: at safepoint (normal execution)

VM Mutex/Monitor currently owned by a thread:  ([mutex/lock_event])
[0x00007ffc9175cb80] Threads_lock - owner thread: 0x0000019dc11a9470
[0x00007ffc9175cc80] Heap_lock - owner thread: 0x0000019e07463fa0

Heap address: 0x0000000086200000, size: 1950 MB, Compressed Oops mode: 32-bit

CDS archive(s) mapped at: [0x0000019dc2000000-0x0000019dc2c60000-0x0000019dc2c60000), size 12976128, SharedBaseAddress: 0x0000019dc2000000, ArchiveRelocationMode: 1.
Compressed class space mapped at: 0x0000019dc3000000-0x0000019e03000000, reserved size: 1073741824
Narrow klass base: 0x0000019dc2000000, Narrow klass shift: 0, Narrow klass range: 0x41000000

GC Precious Log:
 CardTable entry size: 512
 Card Set container configuration: InlinePtr #cards 5 size 8 Array Of Cards #cards 12 size 40 Howl #buckets 4 coarsen threshold 1843 Howl Bitmap #cards 512 size 80 coarsen threshold 460 Card regions per heap region 1 cards per card region 2048
 CPUs: 8 total, 8 available
 Memory: 7797M
 Large Page Support: Disabled
 NUMA Support: Disabled
 Compressed Oops: Enabled (32-bit)
 Heap Region Size: 1M
 Heap Min Capacity: 8M
 Heap Initial Capacity: 122M
 Heap Max Capacity: 1950M
 Pre-touch: Disabled
 Parallel Workers: 8
 Concurrent Workers: 2
 Concurrent Refinement Workers: 8
 Periodic GC: Disabled

Heap:
 garbage-first heap   total reserved 1996800K, committed 293888K, used 183296K [0x0000000086200000, 0x0000000100000000)
  region size 1024K, 9 young (9216K), 9 survivors (9216K)
 Metaspace       used 76608K, committed 77632K, reserved 1179648K
  class space    used 8805K, committed 9280K, reserved 1048576K

Heap Regions: E=young(eden), S=young(survivor), O=old, HS=humongous(starts), HC=humongous(continues), CS=collection set, F=free, TAMS=top-at-mark-start, PB=parsable bottom
|   0|0x0000000086200000, 0x0000000086300000, 0x0000000086300000|100%|HS|  |TAMS 0x0000000086200000| PB 0x0000000086200000| Complete |  0
|   1|0x0000000086300000, 0x0000000086400000, 0x0000000086400000|100%|HC|  |TAMS 0x0000000086300000| PB 0x0000000086300000| Complete |  0
|   2|0x0000000086400000, 0x0000000086500000, 0x0000000086500000|100%|HC|  |TAMS 0x0000000086400000| PB 0x0000000086400000| Complete |  0
|   3|0x0000000086500000, 0x0000000086600000, 0x0000000086600000|100%|HC|  |TAMS 0x0000000086500000| PB 0x0000000086500000| Complete |  0
|   4|0x0000000086600000, 0x0000000086700000, 0x0000000086700000|100%| O|  |TAMS 0x0000000086600000| PB 0x0000000086600000| Untracked |  0
|   5|0x0000000086700000, 0x0000000086800000, 0x0000000086800000|100%| O|  |TAMS 0x0000000086700000| PB 0x0000000086700000| Untracked |  0
|   6|0x0000000086800000, 0x0000000086900000, 0x0000000086900000|100%| O|  |TAMS 0x0000000086800000| PB 0x0000000086800000| Untracked |  0
|   7|0x0000000086900000, 0x0000000086a00000, 0x0000000086a00000|100%| O|  |TAMS 0x0000000086900000| PB 0x0000000086900000| Untracked |  0
|   8|0x0000000086a00000, 0x0000000086b00000, 0x0000000086b00000|100%| O|  |TAMS 0x0000000086a00000| PB 0x0000000086a00000| Untracked |  0
|   9|0x0000000086b00000, 0x0000000086c00000, 0x0000000086c00000|100%| O|  |TAMS 0x0000000086b00000| PB 0x0000000086b00000| Untracked |  0
|  10|0x0000000086c00000, 0x0000000086d00000, 0x0000000086d00000|100%| O|  |TAMS 0x0000000086c00000| PB 0x0000000086c00000| Untracked |  0
|  11|0x0000000086d00000, 0x0000000086e00000, 0x0000000086e00000|100%| O|  |TAMS 0x0000000086d00000| PB 0x0000000086d00000| Untracked |  0
|  12|0x0000000086e00000, 0x0000000086f00000, 0x0000000086f00000|100%| O|  |TAMS 0x0000000086e00000| PB 0x0000000086e00000| Untracked |  0
|  13|0x0000000086f00000, 0x0000000087000000, 0x0000000087000000|100%| O|  |TAMS 0x0000000086f00000| PB 0x0000000086f00000| Untracked |  0
|  14|0x0000000087000000, 0x0000000087100000, 0x0000000087100000|100%| O|  |TAMS 0x0000000087000000| PB 0x0000000087000000| Untracked |  0
|  15|0x0000000087100000, 0x0000000087200000, 0x0000000087200000|100%| O|  |TAMS 0x0000000087100000| PB 0x0000000087100000| Untracked |  0
|  16|0x0000000087200000, 0x0000000087300000, 0x0000000087300000|100%| O|  |TAMS 0x0000000087200000| PB 0x0000000087200000| Untracked |  0
|  17|0x0000000087300000, 0x0000000087400000, 0x0000000087400000|100%| O|  |TAMS 0x0000000087300000| PB 0x0000000087300000| Untracked |  0
|  18|0x0000000087400000, 0x0000000087500000, 0x0000000087500000|100%| O|  |TAMS 0x0000000087400000| PB 0x0000000087400000| Untracked |  0
|  19|0x0000000087500000, 0x0000000087600000, 0x0000000087600000|100%| O|  |TAMS 0x0000000087500000| PB 0x0000000087500000| Untracked |  0
|  20|0x0000000087600000, 0x0000000087700000, 0x0000000087700000|100%| O|  |TAMS 0x0000000087600000| PB 0x0000000087600000| Untracked |  0
|  21|0x0000000087700000, 0x0000000087800000, 0x0000000087800000|100%| O|  |TAMS 0x0000000087700000| PB 0x0000000087700000| Untracked |  0
|  22|0x0000000087800000, 0x0000000087900000, 0x0000000087900000|100%| O|  |TAMS 0x0000000087800000| PB 0x0000000087800000| Untracked |  0
|  23|0x0000000087900000, 0x0000000087a00000, 0x0000000087a00000|100%| O|  |TAMS 0x0000000087900000| PB 0x0000000087900000| Untracked |  0
|  24|0x0000000087a00000, 0x0000000087b00000, 0x0000000087b00000|100%| O|  |TAMS 0x0000000087a00000| PB 0x0000000087a00000| Untracked |  0
|  25|0x0000000087b00000, 0x0000000087c00000, 0x0000000087c00000|100%| O|  |TAMS 0x0000000087b00000| PB 0x0000000087b00000| Untracked |  0
|  26|0x0000000087c00000, 0x0000000087d00000, 0x0000000087d00000|100%| O|  |TAMS 0x0000000087c00000| PB 0x0000000087c00000| Untracked |  0
|  27|0x0000000087d00000, 0x0000000087e00000, 0x0000000087e00000|100%| O|  |TAMS 0x0000000087d00000| PB 0x0000000087d00000| Untracked |  0
|  28|0x0000000087e00000, 0x0000000087f00000, 0x0000000087f00000|100%| O|  |TAMS 0x0000000087e00000| PB 0x0000000087e00000| Untracked |  0
|  29|0x0000000087f00000, 0x0000000088000000, 0x0000000088000000|100%| O|  |TAMS 0x0000000087f00000| PB 0x0000000087f00000| Untracked |  0
|  30|0x0000000088000000, 0x0000000088100000, 0x0000000088100000|100%| O|  |TAMS 0x0000000088000000| PB 0x0000000088000000| Untracked |  0
|  31|0x0000000088100000, 0x0000000088200000, 0x0000000088200000|100%| O|  |TAMS 0x0000000088100000| PB 0x0000000088100000| Untracked |  0
|  32|0x0000000088200000, 0x0000000088300000, 0x0000000088300000|100%| O|  |TAMS 0x0000000088200000| PB 0x0000000088200000| Untracked |  0
|  33|0x0000000088300000, 0x0000000088400000, 0x0000000088400000|100%| O|  |TAMS 0x0000000088300000| PB 0x0000000088300000| Untracked |  0
|  34|0x0000000088400000, 0x0000000088500000, 0x0000000088500000|100%| O|  |TAMS 0x0000000088400000| PB 0x0000000088400000| Untracked |  0
|  35|0x0000000088500000, 0x0000000088600000, 0x0000000088600000|100%| O|  |TAMS 0x0000000088500000| PB 0x0000000088500000| Untracked |  0
|  36|0x0000000088600000, 0x0000000088700000, 0x0000000088700000|100%| O|  |TAMS 0x0000000088600000| PB 0x0000000088600000| Untracked |  0
|  37|0x0000000088700000, 0x0000000088800000, 0x0000000088800000|100%| O|  |TAMS 0x0000000088700000| PB 0x0000000088700000| Untracked |  0
|  38|0x0000000088800000, 0x0000000088900000, 0x0000000088900000|100%| O|  |TAMS 0x0000000088800000| PB 0x0000000088800000| Untracked |  0
|  39|0x0000000088900000, 0x0000000088a00000, 0x0000000088a00000|100%| O|  |TAMS 0x0000000088900000| PB 0x0000000088900000| Untracked |  0
|  40|0x0000000088a00000, 0x0000000088b00000, 0x0000000088b00000|100%| O|  |TAMS 0x0000000088a00000| PB 0x0000000088a00000| Untracked |  0
|  41|0x0000000088b00000, 0x0000000088c00000, 0x0000000088c00000|100%| O|  |TAMS 0x0000000088b00000| PB 0x0000000088b00000| Untracked |  0
|  42|0x0000000088c00000, 0x0000000088d00000, 0x0000000088d00000|100%| O|  |TAMS 0x0000000088c00000| PB 0x0000000088c00000| Untracked |  0
|  43|0x0000000088d00000, 0x0000000088e00000, 0x0000000088e00000|100%| O|  |TAMS 0x0000000088d00000| PB 0x0000000088d00000| Untracked |  0
|  44|0x0000000088e00000, 0x0000000088f00000, 0x0000000088f00000|100%| O|  |TAMS 0x0000000088e00000| PB 0x0000000088e00000| Untracked |  0
|  45|0x0000000088f00000, 0x0000000089000000, 0x0000000089000000|100%| O|  |TAMS 0x0000000088f00000| PB 0x0000000088f00000| Untracked |  0
|  46|0x0000000089000000, 0x0000000089100000, 0x0000000089100000|100%| O|  |TAMS 0x0000000089000000| PB 0x0000000089000000| Untracked |  0
|  47|0x0000000089100000, 0x0000000089200000, 0x0000000089200000|100%| O|  |TAMS 0x0000000089100000| PB 0x0000000089100000| Untracked |  0
|  48|0x0000000089200000, 0x0000000089300000, 0x0000000089300000|100%| O|  |TAMS 0x0000000089200000| PB 0x0000000089200000| Untracked |  0
|  49|0x0000000089300000, 0x0000000089400000, 0x0000000089400000|100%| O|  |TAMS 0x0000000089300000| PB 0x0000000089300000| Untracked |  0
|  50|0x0000000089400000, 0x0000000089500000, 0x0000000089500000|100%| O|  |TAMS 0x0000000089400000| PB 0x0000000089400000| Untracked |  0
|  51|0x0000000089500000, 0x0000000089600000, 0x0000000089600000|100%| O|  |TAMS 0x0000000089500000| PB 0x0000000089500000| Untracked |  0
|  52|0x0000000089600000, 0x0000000089700000, 0x0000000089700000|100%| O|  |TAMS 0x0000000089600000| PB 0x0000000089600000| Untracked |  0
|  53|0x0000000089700000, 0x0000000089800000, 0x0000000089800000|100%| O|  |TAMS 0x0000000089700000| PB 0x0000000089700000| Untracked |  0
|  54|0x0000000089800000, 0x0000000089900000, 0x0000000089900000|100%| O|  |TAMS 0x0000000089800000| PB 0x0000000089800000| Untracked |  0
|  55|0x0000000089900000, 0x0000000089a00000, 0x0000000089a00000|100%| O|  |TAMS 0x0000000089900000| PB 0x0000000089900000| Untracked |  0
|  56|0x0000000089a00000, 0x0000000089b00000, 0x0000000089b00000|100%| O|  |TAMS 0x0000000089a00000| PB 0x0000000089a00000| Untracked |  0
|  57|0x0000000089b00000, 0x0000000089c00000, 0x0000000089c00000|100%| O|  |TAMS 0x0000000089b00000| PB 0x0000000089b00000| Untracked |  0
|  58|0x0000000089c00000, 0x0000000089d00000, 0x0000000089d00000|100%| O|  |TAMS 0x0000000089c00000| PB 0x0000000089c00000| Untracked |  0
|  59|0x0000000089d00000, 0x0000000089e00000, 0x0000000089e00000|100%| O|  |TAMS 0x0000000089d00000| PB 0x0000000089d00000| Untracked |  0
|  60|0x0000000089e00000, 0x0000000089f00000, 0x0000000089f00000|100%| O|  |TAMS 0x0000000089e00000| PB 0x0000000089e00000| Untracked |  0
|  61|0x0000000089f00000, 0x000000008a000000, 0x000000008a000000|100%| O|  |TAMS 0x0000000089f00000| PB 0x0000000089f00000| Untracked |  0
|  62|0x000000008a000000, 0x000000008a100000, 0x000000008a100000|100%| O|  |TAMS 0x000000008a000000| PB 0x000000008a000000| Untracked |  0
|  63|0x000000008a100000, 0x000000008a200000, 0x000000008a200000|100%| O|  |TAMS 0x000000008a100000| PB 0x000000008a100000| Untracked |  0
|  64|0x000000008a200000, 0x000000008a300000, 0x000000008a300000|100%| O|  |TAMS 0x000000008a200000| PB 0x000000008a200000| Untracked |  0
|  65|0x000000008a300000, 0x000000008a400000, 0x000000008a400000|100%| O|  |TAMS 0x000000008a300000| PB 0x000000008a300000| Untracked |  0
|  66|0x000000008a400000, 0x000000008a500000, 0x000000008a500000|100%| O|  |TAMS 0x000000008a400000| PB 0x000000008a400000| Untracked |  0
|  67|0x000000008a500000, 0x000000008a600000, 0x000000008a600000|100%| O|  |TAMS 0x000000008a500000| PB 0x000000008a500000| Untracked |  0
|  68|0x000000008a600000, 0x000000008a700000, 0x000000008a700000|100%| O|  |TAMS 0x000000008a600000| PB 0x000000008a600000| Untracked |  0
|  69|0x000000008a700000, 0x000000008a800000, 0x000000008a800000|100%| O|  |TAMS 0x000000008a700000| PB 0x000000008a700000| Untracked |  0
|  70|0x000000008a800000, 0x000000008a900000, 0x000000008a900000|100%| O|  |TAMS 0x000000008a800000| PB 0x000000008a800000| Untracked |  0
|  71|0x000000008a900000, 0x000000008aa00000, 0x000000008aa00000|100%| O|  |TAMS 0x000000008a900000| PB 0x000000008a900000| Untracked |  0
|  72|0x000000008aa00000, 0x000000008ab00000, 0x000000008ab00000|100%| O|  |TAMS 0x000000008aa00000| PB 0x000000008aa00000| Untracked |  0
|  73|0x000000008ab00000, 0x000000008ac00000, 0x000000008ac00000|100%| O|  |TAMS 0x000000008ab00000| PB 0x000000008ab00000| Untracked |  0
|  74|0x000000008ac00000, 0x000000008ad00000, 0x000000008ad00000|100%| O|  |TAMS 0x000000008ac00000| PB 0x000000008ac00000| Untracked |  0
|  75|0x000000008ad00000, 0x000000008ae00000, 0x000000008ae00000|100%| O|  |TAMS 0x000000008ad00000| PB 0x000000008ad00000| Untracked |  0
|  76|0x000000008ae00000, 0x000000008af00000, 0x000000008af00000|100%| O|  |TAMS 0x000000008ae00000| PB 0x000000008ae00000| Untracked |  0
|  77|0x000000008af00000, 0x000000008b000000, 0x000000008b000000|100%| O|  |TAMS 0x000000008af00000| PB 0x000000008af00000| Untracked |  0
|  78|0x000000008b000000, 0x000000008b100000, 0x000000008b100000|100%| O|  |TAMS 0x000000008b000000| PB 0x000000008b000000| Untracked |  0
|  79|0x000000008b100000, 0x000000008b200000, 0x000000008b200000|100%| O|  |TAMS 0x000000008b100000| PB 0x000000008b100000| Untracked |  0
|  80|0x000000008b200000, 0x000000008b300000, 0x000000008b300000|100%| O|  |TAMS 0x000000008b200000| PB 0x000000008b200000| Untracked |  0
|  81|0x000000008b300000, 0x000000008b400000, 0x000000008b400000|100%| O|  |TAMS 0x000000008b300000| PB 0x000000008b300000| Untracked |  0
|  82|0x000000008b400000, 0x000000008b500000, 0x000000008b500000|100%| O|  |TAMS 0x000000008b400000| PB 0x000000008b400000| Untracked |  0
|  83|0x000000008b500000, 0x000000008b600000, 0x000000008b600000|100%| O|  |TAMS 0x000000008b500000| PB 0x000000008b500000| Untracked |  0
|  84|0x000000008b600000, 0x000000008b700000, 0x000000008b700000|100%| O|  |TAMS 0x000000008b600000| PB 0x000000008b600000| Untracked |  0
|  85|0x000000008b700000, 0x000000008b800000, 0x000000008b800000|100%| O|  |TAMS 0x000000008b700000| PB 0x000000008b700000| Untracked |  0
|  86|0x000000008b800000, 0x000000008b900000, 0x000000008b900000|100%| O|  |TAMS 0x000000008b800000| PB 0x000000008b800000| Untracked |  0
|  87|0x000000008b900000, 0x000000008ba00000, 0x000000008ba00000|100%| O|  |TAMS 0x000000008b900000| PB 0x000000008b900000| Untracked |  0
|  88|0x000000008ba00000, 0x000000008bb00000, 0x000000008bb00000|100%| O|  |TAMS 0x000000008ba00000| PB 0x000000008ba00000| Untracked |  0
|  89|0x000000008bb00000, 0x000000008bc00000, 0x000000008bc00000|100%| O|  |TAMS 0x000000008bb00000| PB 0x000000008bb00000| Untracked |  0
|  90|0x000000008bc00000, 0x000000008bd00000, 0x000000008bd00000|100%| O|  |TAMS 0x000000008bc00000| PB 0x000000008bc00000| Untracked |  0
|  91|0x000000008bd00000, 0x000000008be00000, 0x000000008be00000|100%| O|  |TAMS 0x000000008bd00000| PB 0x000000008bd00000| Untracked |  0
|  92|0x000000008be00000, 0x000000008bf00000, 0x000000008bf00000|100%| O|  |TAMS 0x000000008be00000| PB 0x000000008be00000| Untracked |  0
|  93|0x000000008bf00000, 0x000000008c000000, 0x000000008c000000|100%| O|  |TAMS 0x000000008bf00000| PB 0x000000008bf00000| Untracked |  0
|  94|0x000000008c000000, 0x000000008c100000, 0x000000008c100000|100%| O|  |TAMS 0x000000008c000000| PB 0x000000008c000000| Untracked |  0
|  95|0x000000008c100000, 0x000000008c200000, 0x000000008c200000|100%| O|  |TAMS 0x000000008c100000| PB 0x000000008c100000| Untracked |  0
|  96|0x000000008c200000, 0x000000008c300000, 0x000000008c300000|100%| O|  |TAMS 0x000000008c200000| PB 0x000000008c200000| Untracked |  0
|  97|0x000000008c300000, 0x000000008c400000, 0x000000008c400000|100%| O|  |TAMS 0x000000008c300000| PB 0x000000008c300000| Untracked |  0
|  98|0x000000008c400000, 0x000000008c500000, 0x000000008c500000|100%| O|  |TAMS 0x000000008c400000| PB 0x000000008c400000| Untracked |  0
|  99|0x000000008c500000, 0x000000008c600000, 0x000000008c600000|100%| O|  |TAMS 0x000000008c500000| PB 0x000000008c500000| Untracked |  0
| 100|0x000000008c600000, 0x000000008c700000, 0x000000008c700000|100%| O|  |TAMS 0x000000008c600000| PB 0x000000008c600000| Untracked |  0
| 101|0x000000008c700000, 0x000000008c800000, 0x000000008c800000|100%| O|  |TAMS 0x000000008c700000| PB 0x000000008c700000| Untracked |  0
| 102|0x000000008c800000, 0x000000008c900000, 0x000000008c900000|100%| O|  |TAMS 0x000000008c800000| PB 0x000000008c800000| Untracked |  0
| 103|0x000000008c900000, 0x000000008ca00000, 0x000000008ca00000|100%| O|  |TAMS 0x000000008c900000| PB 0x000000008c900000| Untracked |  0
| 104|0x000000008ca00000, 0x000000008cb00000, 0x000000008cb00000|100%| O|  |TAMS 0x000000008ca00000| PB 0x000000008ca00000| Untracked |  0
| 105|0x000000008cb00000, 0x000000008cc00000, 0x000000008cc00000|100%| O|  |TAMS 0x000000008cb00000| PB 0x000000008cb00000| Untracked |  0
| 106|0x000000008cc00000, 0x000000008cd00000, 0x000000008cd00000|100%| O|  |TAMS 0x000000008cc00000| PB 0x000000008cc00000| Untracked |  0
| 107|0x000000008cd00000, 0x000000008ce00000, 0x000000008ce00000|100%| O|  |TAMS 0x000000008cd00000| PB 0x000000008cd00000| Untracked |  0
| 108|0x000000008ce00000, 0x000000008cf00000, 0x000000008cf00000|100%| O|  |TAMS 0x000000008ce00000| PB 0x000000008ce00000| Untracked |  0
| 109|0x000000008cf00000, 0x000000008d000000, 0x000000008d000000|100%| O|  |TAMS 0x000000008cf00000| PB 0x000000008cf00000| Untracked |  0
| 110|0x000000008d000000, 0x000000008d100000, 0x000000008d100000|100%| O|  |TAMS 0x000000008d000000| PB 0x000000008d000000| Untracked |  0
| 111|0x000000008d100000, 0x000000008d200000, 0x000000008d200000|100%| O|  |TAMS 0x000000008d100000| PB 0x000000008d100000| Untracked |  0
| 112|0x000000008d200000, 0x000000008d300000, 0x000000008d300000|100%| O|  |TAMS 0x000000008d200000| PB 0x000000008d200000| Untracked |  0
| 113|0x000000008d300000, 0x000000008d400000, 0x000000008d400000|100%| O|  |TAMS 0x000000008d300000| PB 0x000000008d300000| Untracked |  0
| 114|0x000000008d400000, 0x000000008d500000, 0x000000008d500000|100%| O|  |TAMS 0x000000008d400000| PB 0x000000008d400000| Untracked |  0
| 115|0x000000008d500000, 0x000000008d600000, 0x000000008d600000|100%| O|  |TAMS 0x000000008d500000| PB 0x000000008d500000| Untracked |  0
| 116|0x000000008d600000, 0x000000008d700000, 0x000000008d700000|100%| O|  |TAMS 0x000000008d600000| PB 0x000000008d600000| Untracked |  0
| 117|0x000000008d700000, 0x000000008d800000, 0x000000008d800000|100%| O|  |TAMS 0x000000008d700000| PB 0x000000008d700000| Untracked |  0
| 118|0x000000008d800000, 0x000000008d800000, 0x000000008d900000|  0%| F|  |TAMS 0x000000008d800000| PB 0x000000008d800000| Untracked |  0
| 119|0x000000008d900000, 0x000000008da00000, 0x000000008da00000|100%| O|  |TAMS 0x000000008d900000| PB 0x000000008d900000| Untracked |  0
| 120|0x000000008da00000, 0x000000008db00000, 0x000000008db00000|100%| O|  |TAMS 0x000000008da00000| PB 0x000000008da00000| Untracked |  0
| 121|0x000000008db00000, 0x000000008dc00000, 0x000000008dc00000|100%| O|  |TAMS 0x000000008db00000| PB 0x000000008db00000| Untracked |  0
| 122|0x000000008dc00000, 0x000000008dd00000, 0x000000008dd00000|100%| O|  |TAMS 0x000000008dc00000| PB 0x000000008dc00000| Untracked |  0
| 123|0x000000008dd00000, 0x000000008de00000, 0x000000008de00000|100%| O|  |TAMS 0x000000008dd00000| PB 0x000000008dd00000| Untracked |  0
| 124|0x000000008de00000, 0x000000008df00000, 0x000000008df00000|100%| O|  |TAMS 0x000000008de00000| PB 0x000000008de00000| Untracked |  0
| 125|0x000000008df00000, 0x000000008e000000, 0x000000008e000000|100%| O|  |TAMS 0x000000008df00000| PB 0x000000008df00000| Untracked |  0
| 126|0x000000008e000000, 0x000000008e000000, 0x000000008e100000|  0%| F|  |TAMS 0x000000008e000000| PB 0x000000008e000000| Untracked |  0
| 127|0x000000008e100000, 0x000000008e200000, 0x000000008e200000|100%| O|  |TAMS 0x000000008e100000| PB 0x000000008e100000| Untracked |  0
| 128|0x000000008e200000, 0x000000008e200000, 0x000000008e300000|  0%| F|  |TAMS 0x000000008e200000| PB 0x000000008e200000| Untracked |  0
| 129|0x000000008e300000, 0x000000008e400000, 0x000000008e400000|100%| O|  |TAMS 0x000000008e300000| PB 0x000000008e300000| Untracked |  0
| 130|0x000000008e400000, 0x000000008e400000, 0x000000008e500000|  0%| F|  |TAMS 0x000000008e400000| PB 0x000000008e400000| Untracked |  0
| 131|0x000000008e500000, 0x000000008e600000, 0x000000008e600000|100%| O|  |TAMS 0x000000008e500000| PB 0x000000008e500000| Untracked |  0
| 132|0x000000008e600000, 0x000000008e700000, 0x000000008e700000|100%| O|  |TAMS 0x000000008e600000| PB 0x000000008e600000| Untracked |  0
| 133|0x000000008e700000, 0x000000008e700000, 0x000000008e800000|  0%| F|  |TAMS 0x000000008e700000| PB 0x000000008e700000| Untracked |  0
| 134|0x000000008e800000, 0x000000008e800000, 0x000000008e900000|  0%| F|  |TAMS 0x000000008e800000| PB 0x000000008e800000| Untracked |  0
| 135|0x000000008e900000, 0x000000008ea00000, 0x000000008ea00000|100%| O|  |TAMS 0x000000008e900000| PB 0x000000008e900000| Untracked |  0
| 136|0x000000008ea00000, 0x000000008eb00000, 0x000000008eb00000|100%| O|  |TAMS 0x000000008ea00000| PB 0x000000008ea00000| Untracked |  0
| 137|0x000000008eb00000, 0x000000008ec00000, 0x000000008ec00000|100%| O|  |TAMS 0x000000008eb00000| PB 0x000000008eb00000| Untracked |  0
| 138|0x000000008ec00000, 0x000000008ed00000, 0x000000008ed00000|100%| O|  |TAMS 0x000000008ec00000| PB 0x000000008ec00000| Untracked |  0
| 139|0x000000008ed00000, 0x000000008ee00000, 0x000000008ee00000|100%| O|  |TAMS 0x000000008ed00000| PB 0x000000008ed00000| Untracked |  0
| 140|0x000000008ee00000, 0x000000008ef00000, 0x000000008ef00000|100%| O|  |TAMS 0x000000008ee00000| PB 0x000000008ee00000| Untracked |  0
| 141|0x000000008ef00000, 0x000000008f000000, 0x000000008f000000|100%| O|  |TAMS 0x000000008ef00000| PB 0x000000008ef00000| Untracked |  0
| 142|0x000000008f000000, 0x000000008f100000, 0x000000008f100000|100%| O|  |TAMS 0x000000008f000000| PB 0x000000008f000000| Untracked |  0
| 143|0x000000008f100000, 0x000000008f200000, 0x000000008f200000|100%| O|  |TAMS 0x000000008f100000| PB 0x000000008f100000| Untracked |  0
| 144|0x000000008f200000, 0x000000008f300000, 0x000000008f300000|100%| O|  |TAMS 0x000000008f200000| PB 0x000000008f200000| Untracked |  0
| 145|0x000000008f300000, 0x000000008f400000, 0x000000008f400000|100%| O|  |TAMS 0x000000008f300000| PB 0x000000008f300000| Untracked |  0
| 146|0x000000008f400000, 0x000000008f500000, 0x000000008f500000|100%| O|  |TAMS 0x000000008f400000| PB 0x000000008f400000| Untracked |  0
| 147|0x000000008f500000, 0x000000008f600000, 0x000000008f600000|100%| O|  |TAMS 0x000000008f500000| PB 0x000000008f500000| Untracked |  0
| 148|0x000000008f600000, 0x000000008f600000, 0x000000008f700000|  0%| F|  |TAMS 0x000000008f600000| PB 0x000000008f600000| Untracked |  0
| 149|0x000000008f700000, 0x000000008f800000, 0x000000008f800000|100%| O|  |TAMS 0x000000008f700000| PB 0x000000008f700000| Untracked |  0
| 150|0x000000008f800000, 0x000000008f800000, 0x000000008f900000|  0%| F|  |TAMS 0x000000008f800000| PB 0x000000008f800000| Untracked |  0
| 151|0x000000008f900000, 0x000000008fa00000, 0x000000008fa00000|100%| O|  |TAMS 0x000000008f900000| PB 0x000000008f900000| Untracked |  0
| 152|0x000000008fa00000, 0x000000008fa00000, 0x000000008fb00000|  0%| F|  |TAMS 0x000000008fa00000| PB 0x000000008fa00000| Untracked |  0
| 153|0x000000008fb00000, 0x000000008fc00000, 0x000000008fc00000|100%| O|  |TAMS 0x000000008fb00000| PB 0x000000008fb00000| Untracked |  0
| 154|0x000000008fc00000, 0x000000008fd00000, 0x000000008fd00000|100%| O|  |TAMS 0x000000008fc00000| PB 0x000000008fc00000| Untracked |  0
| 155|0x000000008fd00000, 0x000000008fe00000, 0x000000008fe00000|100%| O|  |TAMS 0x000000008fd00000| PB 0x000000008fd00000| Untracked |  0
| 156|0x000000008fe00000, 0x000000008ff00000, 0x000000008ff00000|100%| O|  |TAMS 0x000000008fe00000| PB 0x000000008fe00000| Untracked |  0
| 157|0x000000008ff00000, 0x0000000090000000, 0x0000000090000000|100%| O|  |TAMS 0x000000008ff00000| PB 0x000000008ff00000| Untracked |  0
| 158|0x0000000090000000, 0x0000000090100000, 0x0000000090100000|100%| O|  |TAMS 0x0000000090000000| PB 0x0000000090000000| Untracked |  0
| 159|0x0000000090100000, 0x0000000090200000, 0x0000000090200000|100%| O|  |TAMS 0x0000000090100000| PB 0x0000000090100000| Untracked |  0
| 160|0x0000000090200000, 0x0000000090300000, 0x0000000090300000|100%| O|  |TAMS 0x0000000090200000| PB 0x0000000090200000| Untracked |  0
| 161|0x0000000090300000, 0x0000000090400000, 0x0000000090400000|100%| O|  |TAMS 0x0000000090300000| PB 0x0000000090300000| Untracked |  0
| 162|0x0000000090400000, 0x0000000090500000, 0x0000000090500000|100%| O|  |TAMS 0x0000000090400000| PB 0x0000000090400000| Untracked |  0
| 163|0x0000000090500000, 0x0000000090600000, 0x0000000090600000|100%| O|  |TAMS 0x0000000090500000| PB 0x0000000090500000| Untracked |  0
| 164|0x0000000090600000, 0x0000000090700000, 0x0000000090700000|100%| O|  |TAMS 0x0000000090600000| PB 0x0000000090600000| Untracked |  0
| 165|0x0000000090700000, 0x0000000090800000, 0x0000000090800000|100%| O|  |TAMS 0x0000000090700000| PB 0x0000000090700000| Untracked |  0
| 166|0x0000000090800000, 0x0000000090900000, 0x0000000090900000|100%| O|  |TAMS 0x0000000090800000| PB 0x0000000090800000| Untracked |  0
| 167|0x0000000090900000, 0x0000000090a00000, 0x0000000090a00000|100%| O|  |TAMS 0x0000000090900000| PB 0x0000000090900000| Untracked |  0
| 168|0x0000000090a00000, 0x0000000090b00000, 0x0000000090b00000|100%| O|  |TAMS 0x0000000090a00000| PB 0x0000000090a00000| Untracked |  0
| 169|0x0000000090b00000, 0x0000000090c00000, 0x0000000090c00000|100%| O|  |TAMS 0x0000000090b00000| PB 0x0000000090b00000| Untracked |  0
| 170|0x0000000090c00000, 0x0000000090d00000, 0x0000000090d00000|100%| O|  |TAMS 0x0000000090c00000| PB 0x0000000090c00000| Untracked |  0
| 171|0x0000000090d00000, 0x0000000090e00000, 0x0000000090e00000|100%| O|  |TAMS 0x0000000090d00000| PB 0x0000000090d00000| Untracked |  0
| 172|0x0000000090e00000, 0x0000000090e00000, 0x0000000090f00000|  0%| F|  |TAMS 0x0000000090e00000| PB 0x0000000090e00000| Untracked |  0
| 173|0x0000000090f00000, 0x0000000091000000, 0x0000000091000000|100%| O|  |TAMS 0x0000000090f00000| PB 0x0000000090f00000| Untracked |  0
| 174|0x0000000091000000, 0x0000000091100000, 0x0000000091100000|100%| O|  |TAMS 0x0000000091000000| PB 0x0000000091000000| Untracked |  0
| 175|0x0000000091100000, 0x0000000091200000, 0x0000000091200000|100%| O|  |TAMS 0x0000000091100000| PB 0x0000000091100000| Untracked |  0
| 176|0x0000000091200000, 0x0000000091300000, 0x0000000091300000|100%| O|  |TAMS 0x0000000091200000| PB 0x0000000091200000| Untracked |  0
| 177|0x0000000091300000, 0x0000000091300000, 0x0000000091400000|  0%| F|  |TAMS 0x0000000091300000| PB 0x0000000091300000| Untracked |  0
| 178|0x0000000091400000, 0x0000000091400000, 0x0000000091500000|  0%| F|  |TAMS 0x0000000091400000| PB 0x0000000091400000| Untracked |  0
| 179|0x0000000091500000, 0x0000000091500000, 0x0000000091600000|  0%| F|  |TAMS 0x0000000091500000| PB 0x0000000091500000| Untracked |  0
| 180|0x0000000091600000, 0x0000000091600000, 0x0000000091700000|  0%| F|  |TAMS 0x0000000091600000| PB 0x0000000091600000| Untracked |  0
| 181|0x0000000091700000, 0x0000000091700000, 0x0000000091800000|  0%| F|  |TAMS 0x0000000091700000| PB 0x0000000091700000| Untracked |  0
| 182|0x0000000091800000, 0x0000000091800000, 0x0000000091900000|  0%| F|  |TAMS 0x0000000091800000| PB 0x0000000091800000| Untracked |  0
| 183|0x0000000091900000, 0x0000000091900000, 0x0000000091a00000|  0%| F|  |TAMS 0x0000000091900000| PB 0x0000000091900000| Untracked |  0
| 184|0x0000000091a00000, 0x0000000091a00000, 0x0000000091b00000|  0%| F|  |TAMS 0x0000000091a00000| PB 0x0000000091a00000| Untracked |  0
| 185|0x0000000091b00000, 0x0000000091b00000, 0x0000000091c00000|  0%| F|  |TAMS 0x0000000091b00000| PB 0x0000000091b00000| Untracked |  0
| 186|0x0000000091c00000, 0x0000000091c00000, 0x0000000091d00000|  0%| F|  |TAMS 0x0000000091c00000| PB 0x0000000091c00000| Untracked |  0
| 187|0x0000000091d00000, 0x0000000091d00000, 0x0000000091e00000|  0%| F|  |TAMS 0x0000000091d00000| PB 0x0000000091d00000| Untracked |  0
| 188|0x0000000091e00000, 0x0000000091e00000, 0x0000000091f00000|  0%| F|  |TAMS 0x0000000091e00000| PB 0x0000000091e00000| Untracked |  0
| 189|0x0000000091f00000, 0x0000000091f00000, 0x0000000092000000|  0%| F|  |TAMS 0x0000000091f00000| PB 0x0000000091f00000| Untracked |  0
| 190|0x0000000092000000, 0x0000000092000000, 0x0000000092100000|  0%| F|  |TAMS 0x0000000092000000| PB 0x0000000092000000| Untracked |  0
| 191|0x0000000092100000, 0x0000000092100000, 0x0000000092200000|  0%| F|  |TAMS 0x0000000092100000| PB 0x0000000092100000| Untracked |  0
| 192|0x0000000092200000, 0x0000000092200000, 0x0000000092300000|  0%| F|  |TAMS 0x0000000092200000| PB 0x0000000092200000| Untracked |  0
| 193|0x0000000092300000, 0x0000000092400000, 0x0000000092400000|100%| S|CS|TAMS 0x0000000092300000| PB 0x0000000092300000| Complete |  0
| 194|0x0000000092400000, 0x0000000092500000, 0x0000000092500000|100%| S|CS|TAMS 0x0000000092400000| PB 0x0000000092400000| Complete |  0
| 195|0x0000000092500000, 0x0000000092600000, 0x0000000092600000|100%| S|CS|TAMS 0x0000000092500000| PB 0x0000000092500000| Complete |  0
| 196|0x0000000092600000, 0x0000000092700000, 0x0000000092700000|100%| S|CS|TAMS 0x0000000092600000| PB 0x0000000092600000| Complete |  0
| 197|0x0000000092700000, 0x0000000092800000, 0x0000000092800000|100%| S|CS|TAMS 0x0000000092700000| PB 0x0000000092700000| Complete |  0
| 198|0x0000000092800000, 0x0000000092900000, 0x0000000092900000|100%| S|CS|TAMS 0x0000000092800000| PB 0x0000000092800000| Complete |  0
| 199|0x0000000092900000, 0x0000000092a00000, 0x0000000092a00000|100%| S|CS|TAMS 0x0000000092900000| PB 0x0000000092900000| Complete |  0
| 200|0x0000000092a00000, 0x0000000092b00000, 0x0000000092b00000|100%| S|CS|TAMS 0x0000000092a00000| PB 0x0000000092a00000| Complete |  0
| 201|0x0000000092b00000, 0x0000000092c00000, 0x0000000092c00000|100%| S|CS|TAMS 0x0000000092b00000| PB 0x0000000092b00000| Complete |  0
| 202|0x0000000092c00000, 0x0000000092c00000, 0x0000000092d00000|  0%| F|  |TAMS 0x0000000092c00000| PB 0x0000000092c00000| Untracked |  0
| 203|0x0000000092d00000, 0x0000000092d00000, 0x0000000092e00000|  0%| F|  |TAMS 0x0000000092d00000| PB 0x0000000092d00000| Untracked |  0
| 204|0x0000000092e00000, 0x0000000092e00000, 0x0000000092f00000|  0%| F|  |TAMS 0x0000000092e00000| PB 0x0000000092e00000| Untracked |  0
| 205|0x0000000092f00000, 0x0000000092f00000, 0x0000000093000000|  0%| F|  |TAMS 0x0000000092f00000| PB 0x0000000092f00000| Untracked |  0
| 206|0x0000000093000000, 0x0000000093000000, 0x0000000093100000|  0%| F|  |TAMS 0x0000000093000000| PB 0x0000000093000000| Untracked |  0
| 207|0x0000000093100000, 0x0000000093100000, 0x0000000093200000|  0%| F|  |TAMS 0x0000000093100000| PB 0x0000000093100000| Untracked |  0
| 208|0x0000000093200000, 0x0000000093200000, 0x0000000093300000|  0%| F|  |TAMS 0x0000000093200000| PB 0x0000000093200000| Untracked |  0
| 209|0x0000000093300000, 0x0000000093300000, 0x0000000093400000|  0%| F|  |TAMS 0x0000000093300000| PB 0x0000000093300000| Untracked |  0
| 210|0x0000000093400000, 0x0000000093400000, 0x0000000093500000|  0%| F|  |TAMS 0x0000000093400000| PB 0x0000000093400000| Untracked |  0
| 211|0x0000000093500000, 0x0000000093500000, 0x0000000093600000|  0%| F|  |TAMS 0x0000000093500000| PB 0x0000000093500000| Untracked |  0
| 212|0x0000000093600000, 0x0000000093600000, 0x0000000093700000|  0%| F|  |TAMS 0x0000000093600000| PB 0x0000000093600000| Untracked |  0
| 213|0x0000000093700000, 0x0000000093700000, 0x0000000093800000|  0%| F|  |TAMS 0x0000000093700000| PB 0x0000000093700000| Untracked |  0
| 214|0x0000000093800000, 0x0000000093800000, 0x0000000093900000|  0%| F|  |TAMS 0x0000000093800000| PB 0x0000000093800000| Untracked |  0
| 215|0x0000000093900000, 0x0000000093900000, 0x0000000093a00000|  0%| F|  |TAMS 0x0000000093900000| PB 0x0000000093900000| Untracked |  0
| 216|0x0000000093a00000, 0x0000000093a00000, 0x0000000093b00000|  0%| F|  |TAMS 0x0000000093a00000| PB 0x0000000093a00000| Untracked |  0
| 217|0x0000000093b00000, 0x0000000093b00000, 0x0000000093c00000|  0%| F|  |TAMS 0x0000000093b00000| PB 0x0000000093b00000| Untracked |  0
| 218|0x0000000093c00000, 0x0000000093c00000, 0x0000000093d00000|  0%| F|  |TAMS 0x0000000093c00000| PB 0x0000000093c00000| Untracked |  0
| 219|0x0000000093d00000, 0x0000000093d00000, 0x0000000093e00000|  0%| F|  |TAMS 0x0000000093d00000| PB 0x0000000093d00000| Untracked |  0
| 220|0x0000000093e00000, 0x0000000093e00000, 0x0000000093f00000|  0%| F|  |TAMS 0x0000000093e00000| PB 0x0000000093e00000| Untracked |  0
| 221|0x0000000093f00000, 0x0000000093f00000, 0x0000000094000000|  0%| F|  |TAMS 0x0000000093f00000| PB 0x0000000093f00000| Untracked |  0
| 222|0x0000000094000000, 0x0000000094000000, 0x0000000094100000|  0%| F|  |TAMS 0x0000000094000000| PB 0x0000000094000000| Untracked |  0
| 223|0x0000000094100000, 0x0000000094100000, 0x0000000094200000|  0%| F|  |TAMS 0x0000000094100000| PB 0x0000000094100000| Untracked |  0
| 224|0x0000000094200000, 0x0000000094200000, 0x0000000094300000|  0%| F|  |TAMS 0x0000000094200000| PB 0x0000000094200000| Untracked |  0
| 225|0x0000000094300000, 0x0000000094300000, 0x0000000094400000|  0%| F|  |TAMS 0x0000000094300000| PB 0x0000000094300000| Untracked |  0
| 226|0x0000000094400000, 0x0000000094400000, 0x0000000094500000|  0%| F|  |TAMS 0x0000000094400000| PB 0x0000000094400000| Untracked |  0
| 227|0x0000000094500000, 0x0000000094500000, 0x0000000094600000|  0%| F|  |TAMS 0x0000000094500000| PB 0x0000000094500000| Untracked |  0
| 228|0x0000000094600000, 0x0000000094600000, 0x0000000094700000|  0%| F|  |TAMS 0x0000000094600000| PB 0x0000000094600000| Untracked |  0
| 229|0x0000000094700000, 0x0000000094700000, 0x0000000094800000|  0%| F|  |TAMS 0x0000000094700000| PB 0x0000000094700000| Untracked |  0
| 230|0x0000000094800000, 0x0000000094800000, 0x0000000094900000|  0%| F|  |TAMS 0x0000000094800000| PB 0x0000000094800000| Untracked |  0
| 231|0x0000000094900000, 0x0000000094900000, 0x0000000094a00000|  0%| F|  |TAMS 0x0000000094900000| PB 0x0000000094900000| Untracked |  0
| 232|0x0000000094a00000, 0x0000000094a00000, 0x0000000094b00000|  0%| F|  |TAMS 0x0000000094a00000| PB 0x0000000094a00000| Untracked |  0
| 233|0x0000000094b00000, 0x0000000094b00000, 0x0000000094c00000|  0%| F|  |TAMS 0x0000000094b00000| PB 0x0000000094b00000| Untracked |  0
| 234|0x0000000094c00000, 0x0000000094c00000, 0x0000000094d00000|  0%| F|  |TAMS 0x0000000094c00000| PB 0x0000000094c00000| Untracked |  0
| 235|0x0000000094d00000, 0x0000000094d00000, 0x0000000094e00000|  0%| F|  |TAMS 0x0000000094d00000| PB 0x0000000094d00000| Untracked |  0
| 236|0x0000000094e00000, 0x0000000094e00000, 0x0000000094f00000|  0%| F|  |TAMS 0x0000000094e00000| PB 0x0000000094e00000| Untracked |  0
| 237|0x0000000094f00000, 0x0000000094f00000, 0x0000000095000000|  0%| F|  |TAMS 0x0000000094f00000| PB 0x0000000094f00000| Untracked |  0
| 238|0x0000000095000000, 0x0000000095000000, 0x0000000095100000|  0%| F|  |TAMS 0x0000000095000000| PB 0x0000000095000000| Untracked |  0
| 239|0x0000000095100000, 0x0000000095100000, 0x0000000095200000|  0%| F|  |TAMS 0x0000000095100000| PB 0x0000000095100000| Untracked |  0
| 240|0x0000000095200000, 0x0000000095200000, 0x0000000095300000|  0%| F|  |TAMS 0x0000000095200000| PB 0x0000000095200000| Untracked |  0
| 241|0x0000000095300000, 0x0000000095300000, 0x0000000095400000|  0%| F|  |TAMS 0x0000000095300000| PB 0x0000000095300000| Untracked |  0
| 242|0x0000000095400000, 0x0000000095400000, 0x0000000095500000|  0%| F|  |TAMS 0x0000000095400000| PB 0x0000000095400000| Untracked |  0
| 243|0x0000000095500000, 0x0000000095500000, 0x0000000095600000|  0%| F|  |TAMS 0x0000000095500000| PB 0x0000000095500000| Untracked |  0
| 244|0x0000000095600000, 0x0000000095600000, 0x0000000095700000|  0%| F|  |TAMS 0x0000000095600000| PB 0x0000000095600000| Untracked |  0
| 245|0x0000000095700000, 0x0000000095700000, 0x0000000095800000|  0%| F|  |TAMS 0x0000000095700000| PB 0x0000000095700000| Untracked |  0
| 246|0x0000000095800000, 0x0000000095800000, 0x0000000095900000|  0%| F|  |TAMS 0x0000000095800000| PB 0x0000000095800000| Untracked |  0
| 247|0x0000000095900000, 0x0000000095900000, 0x0000000095a00000|  0%| F|  |TAMS 0x0000000095900000| PB 0x0000000095900000| Untracked |  0
| 248|0x0000000095a00000, 0x0000000095a00000, 0x0000000095b00000|  0%| F|  |TAMS 0x0000000095a00000| PB 0x0000000095a00000| Untracked |  0
| 249|0x0000000095b00000, 0x0000000095b00000, 0x0000000095c00000|  0%| F|  |TAMS 0x0000000095b00000| PB 0x0000000095b00000| Untracked |  0
| 250|0x0000000095c00000, 0x0000000095c00000, 0x0000000095d00000|  0%| F|  |TAMS 0x0000000095c00000| PB 0x0000000095c00000| Untracked |  0
| 251|0x0000000095d00000, 0x0000000095d00000, 0x0000000095e00000|  0%| F|  |TAMS 0x0000000095d00000| PB 0x0000000095d00000| Untracked |  0
| 252|0x0000000095e00000, 0x0000000095e00000, 0x0000000095f00000|  0%| F|  |TAMS 0x0000000095e00000| PB 0x0000000095e00000| Untracked |  0
| 253|0x0000000095f00000, 0x0000000095f00000, 0x0000000096000000|  0%| F|  |TAMS 0x0000000095f00000| PB 0x0000000095f00000| Untracked |  0
| 254|0x0000000096000000, 0x0000000096000000, 0x0000000096100000|  0%| F|  |TAMS 0x0000000096000000| PB 0x0000000096000000| Untracked |  0
| 255|0x0000000096100000, 0x0000000096100000, 0x0000000096200000|  0%| F|  |TAMS 0x0000000096100000| PB 0x0000000096100000| Untracked |  0
| 256|0x0000000096200000, 0x0000000096200000, 0x0000000096300000|  0%| F|  |TAMS 0x0000000096200000| PB 0x0000000096200000| Untracked |  0
| 257|0x0000000096300000, 0x0000000096300000, 0x0000000096400000|  0%| F|  |TAMS 0x0000000096300000| PB 0x0000000096300000| Untracked |  0
| 258|0x0000000096400000, 0x0000000096400000, 0x0000000096500000|  0%| F|  |TAMS 0x0000000096400000| PB 0x0000000096400000| Untracked |  0
| 259|0x0000000096500000, 0x0000000096500000, 0x0000000096600000|  0%| F|  |TAMS 0x0000000096500000| PB 0x0000000096500000| Untracked |  0
| 260|0x0000000096600000, 0x0000000096600000, 0x0000000096700000|  0%| F|  |TAMS 0x0000000096600000| PB 0x0000000096600000| Untracked |  0
| 261|0x0000000096700000, 0x0000000096700000, 0x0000000096800000|  0%| F|  |TAMS 0x0000000096700000| PB 0x0000000096700000| Untracked |  0
| 262|0x0000000096800000, 0x0000000096800000, 0x0000000096900000|  0%| F|  |TAMS 0x0000000096800000| PB 0x0000000096800000| Untracked |  0
| 263|0x0000000096900000, 0x0000000096900000, 0x0000000096a00000|  0%| F|  |TAMS 0x0000000096900000| PB 0x0000000096900000| Untracked |  0
| 264|0x0000000096a00000, 0x0000000096a00000, 0x0000000096b00000|  0%| F|  |TAMS 0x0000000096a00000| PB 0x0000000096a00000| Untracked |  0
| 265|0x0000000096b00000, 0x0000000096b00000, 0x0000000096c00000|  0%| F|  |TAMS 0x0000000096b00000| PB 0x0000000096b00000| Untracked |  0
| 266|0x0000000096c00000, 0x0000000096c00000, 0x0000000096d00000|  0%| F|  |TAMS 0x0000000096c00000| PB 0x0000000096c00000| Untracked |  0
| 267|0x0000000096d00000, 0x0000000096d00000, 0x0000000096e00000|  0%| F|  |TAMS 0x0000000096d00000| PB 0x0000000096d00000| Untracked |  0
| 268|0x0000000096e00000, 0x0000000096e00000, 0x0000000096f00000|  0%| F|  |TAMS 0x0000000096e00000| PB 0x0000000096e00000| Untracked |  0
| 269|0x0000000096f00000, 0x0000000096f00000, 0x0000000097000000|  0%| F|  |TAMS 0x0000000096f00000| PB 0x0000000096f00000| Untracked |  0
| 270|0x0000000097000000, 0x0000000097000000, 0x0000000097100000|  0%| F|  |TAMS 0x0000000097000000| PB 0x0000000097000000| Untracked |  0
| 271|0x0000000097100000, 0x0000000097100000, 0x0000000097200000|  0%| F|  |TAMS 0x0000000097100000| PB 0x0000000097100000| Untracked |  0
| 272|0x0000000097200000, 0x0000000097200000, 0x0000000097300000|  0%| F|  |TAMS 0x0000000097200000| PB 0x0000000097200000| Untracked |  0
| 273|0x0000000097300000, 0x0000000097300000, 0x0000000097400000|  0%| F|  |TAMS 0x0000000097300000| PB 0x0000000097300000| Untracked |  0
| 274|0x0000000097400000, 0x0000000097400000, 0x0000000097500000|  0%| F|  |TAMS 0x0000000097400000| PB 0x0000000097400000| Untracked |  0
| 275|0x0000000097500000, 0x0000000097500000, 0x0000000097600000|  0%| F|  |TAMS 0x0000000097500000| PB 0x0000000097500000| Untracked |  0
| 276|0x0000000097600000, 0x0000000097600000, 0x0000000097700000|  0%| F|  |TAMS 0x0000000097600000| PB 0x0000000097600000| Untracked |  0
| 277|0x0000000097700000, 0x0000000097700000, 0x0000000097800000|  0%| F|  |TAMS 0x0000000097700000| PB 0x0000000097700000| Untracked |  0
| 278|0x0000000097800000, 0x0000000097800000, 0x0000000097900000|  0%| F|  |TAMS 0x0000000097800000| PB 0x0000000097800000| Untracked |  0
|1942|0x00000000ff800000, 0x00000000ff900000, 0x00000000ff900000|100%| O|  |TAMS 0x00000000ff800000| PB 0x00000000ff800000| Untracked |  0
|1943|0x00000000ff900000, 0x00000000ff900000, 0x00000000ffa00000|  0%| F|  |TAMS 0x00000000ff900000| PB 0x00000000ff900000| Untracked |  0
|1944|0x00000000ffa00000, 0x00000000ffa00000, 0x00000000ffb00000|  0%| F|  |TAMS 0x00000000ffa00000| PB 0x00000000ffa00000| Untracked |  0
|1945|0x00000000ffb00000, 0x00000000ffb00000, 0x00000000ffc00000|  0%| F|  |TAMS 0x00000000ffb00000| PB 0x00000000ffb00000| Untracked |  0
|1946|0x00000000ffc00000, 0x00000000ffc00000, 0x00000000ffd00000|  0%| F|  |TAMS 0x00000000ffc00000| PB 0x00000000ffc00000| Untracked |  0
|1947|0x00000000ffd00000, 0x00000000ffd00000, 0x00000000ffe00000|  0%| F|  |TAMS 0x00000000ffd00000| PB 0x00000000ffd00000| Untracked |  0
|1948|0x00000000ffe00000, 0x00000000fff00000, 0x00000000fff00000|100%| O|  |TAMS 0x00000000ffe00000| PB 0x00000000ffe00000| Untracked |  0
|1949|0x00000000fff00000, 0x0000000100000000, 0x0000000100000000|100%| O|  |TAMS 0x00000000fff00000| PB 0x00000000fff00000| Untracked |  0

Card table byte_map: [0x0000019dbc550000,0x0000019dbc920000] _byte_map_base: 0x0000019dbc11f000

Marking Bits: (CMBitMap*) 0x0000019da4b55220
 Bits: [0x0000019dbc920000, 0x0000019dbe798000)

Polling page: 0x0000019da2ad0000

Metaspace:

Usage:
  Non-class:     66.21 MB used.
      Class:      8.60 MB used.
       Both:     74.81 MB used.

Virtual space:
  Non-class space:      128.00 MB reserved,      66.75 MB ( 52%) committed,  2 nodes.
      Class space:        1.00 GB reserved,       9.06 MB ( <1%) committed,  1 nodes.
             Both:        1.12 GB reserved,      75.81 MB (  7%) committed. 

Chunk freelists:
   Non-Class:  12.80 MB
       Class:  6.94 MB
        Both:  19.74 MB

MaxMetaspaceSize: unlimited
CompressedClassSpaceSize: 1.00 GB
Initial GC threshold: 21.00 MB
Current GC threshold: 126.06 MB
CDS: on
 - commit_granule_bytes: 65536.
 - commit_granule_words: 8192.
 - virtual_space_node_default_size: 8388608.
 - enlarge_chunks_in_place: 1.
 - use_allocation_guard: 0.


Internal statistics:

num_allocs_failed_limit: 6.
num_arena_births: 1620.
num_arena_deaths: 0.
num_vsnodes_births: 3.
num_vsnodes_deaths: 0.
num_space_committed: 1212.
num_space_uncommitted: 0.
num_chunks_returned_to_freelist: 6.
num_chunks_taken_from_freelist: 4548.
num_chunk_merges: 6.
num_chunk_splits: 3328.
num_chunks_enlarged: 2489.
num_inconsistent_stats: 0.

CodeHeap 'non-profiled nmethods': size=120000Kb used=9928Kb max_used=9928Kb free=110071Kb
 bounds [0x0000019db4920000, 0x0000019db52e0000, 0x0000019dbbe50000]
CodeHeap 'profiled nmethods': size=120000Kb used=37748Kb max_used=37748Kb free=82251Kb
 bounds [0x0000019dace50000, 0x0000019daf340000, 0x0000019db4380000]
CodeHeap 'non-nmethods': size=5760Kb used=1758Kb max_used=1869Kb free=4001Kb
 bounds [0x0000019db4380000, 0x0000019db45f0000, 0x0000019db4920000]
 total_blobs=14141 nmethods=13377 adapters=665
 compilation: enabled
              stopped_count=0, restarted_count=0
 full_count=0

Compilation events (20 events):
Event: 83.913 Thread 0x0000019dc11de480 16404       3       org.jetbrains.exposed.sql.ResultRow$get$1$1::<init> (21 bytes)
Event: 83.914 Thread 0x0000019dc11de480 nmethod 16404 0x0000019daf32aa90 code [0x0000019daf32ac40, 0x0000019daf32af20]
Event: 83.914 Thread 0x0000019dc11de480 16405       3       org.jetbrains.kotlin.storage.LockBasedStorageManager::createMemoizedFunction (37 bytes)
Event: 83.914 Thread 0x0000019dc11de480 nmethod 16405 0x0000019daf32b010 code [0x0000019daf32b200, 0x0000019daf32b530]
Event: 83.914 Thread 0x0000019dc11de480 16406       3       org.jetbrains.kotlin.storage.LockBasedStorageManager::createMemoizedFunction (40 bytes)
Event: 83.915 Thread 0x0000019dc11de480 nmethod 16406 0x0000019daf32b690 code [0x0000019daf32b880, 0x0000019daf32bca0]
Event: 83.915 Thread 0x0000019dc11de480 16407       3       org.jetbrains.kotlin.storage.LockBasedStorageManager$2::<init> (20 bytes)
Event: 83.915 Thread 0x0000019dc11de480 nmethod 16407 0x0000019daf32be10 code [0x0000019daf32c000, 0x0000019daf32c3a0]
Event: 83.922 Thread 0x0000019dc11de480 16408       3       org.jetbrains.kotlin.descriptors.impl.AbstractClassDescriptor::getUnsubstitutedInnerClassesScope (21 bytes)
Event: 83.922 Thread 0x0000019dc11de480 nmethod 16408 0x0000019daf32c510 code [0x0000019daf32c6e0, 0x0000019daf32ca18]
Event: 83.925 Thread 0x0000019dc11de480 16409       3       org.jetbrains.kotlin.resolve.lazy.ResolveSession::getFunctionDescriptorResolver (14 bytes)
Event: 83.926 Thread 0x0000019dc11de480 nmethod 16409 0x0000019daf32cb10 code [0x0000019daf32ccc0, 0x0000019daf32ce40]
Event: 84.060 Thread 0x0000019dc11de480 16410       3       org.jetbrains.kotlin.descriptors.impl.FieldDescriptorImpl::<init> (23 bytes)
Event: 84.061 Thread 0x0000019dc11de480 nmethod 16410 0x0000019daf32cf10 code [0x0000019daf32d1c0, 0x0000019daf32dd88]
Event: 84.061 Thread 0x0000019dc11de480 16411       3       com.google.common.collect.AbstractMapBasedMultimap$WrappedList::get (15 bytes)
Event: 84.062 Thread 0x0000019dc11de480 nmethod 16411 0x0000019daf32e210 code [0x0000019daf32e3e0, 0x0000019daf32e8e8]
Event: 84.062 Thread 0x0000019dc11de480 16412       3       com.google.common.collect.AbstractMapBasedMultimap$WrappedList::getListDelegate (8 bytes)
Event: 84.062 Thread 0x0000019dc11de480 nmethod 16412 0x0000019daf32ea10 code [0x0000019daf32eba0, 0x0000019daf32ee30]
Event: 84.063 Thread 0x0000019dc11de480 16413       3       org.jetbrains.kotlin.storage.LockBasedLazyResolveStorageManager::createMemoizedFunction (24 bytes)
Event: 84.064 Thread 0x0000019dc11de480 nmethod 16413 0x0000019daf32ef10 code [0x0000019daf32f1a0, 0x0000019daf32fc60]

GC Heap History (20 events):
Event: 74.950 GC heap after
{Heap after GC invocations=88 (full 0):
 garbage-first heap   total reserved 1996800K, committed 237568K, used 149481K [0x0000000086200000, 0x0000000100000000)
  region size 1024K, 10 young (10240K), 10 survivors (10240K)
 Metaspace       used 76114K, committed 77120K, reserved 1179648K
  class space    used 8783K, committed 9280K, reserved 1048576K
}
Event: 75.020 GC heap before
{Heap before GC invocations=88 (full 0):
 garbage-first heap   total reserved 1996800K, committed 237568K, used 182249K [0x0000000086200000, 0x0000000100000000)
  region size 1024K, 43 young (44032K), 10 survivors (10240K)
 Metaspace       used 76128K, committed 77120K, reserved 1179648K
  class space    used 8783K, committed 9280K, reserved 1048576K
}
Event: 75.027 GC heap after
{Heap after GC invocations=89 (full 0):
 garbage-first heap   total reserved 1996800K, committed 237568K, used 153481K [0x0000000086200000, 0x0000000100000000)
  region size 1024K, 4 young (4096K), 4 survivors (4096K)
 Metaspace       used 76128K, committed 77120K, reserved 1179648K
  class space    used 8783K, committed 9280K, reserved 1048576K
}
Event: 75.860 GC heap before
{Heap before GC invocations=90 (full 0):
 garbage-first heap   total reserved 1996800K, committed 258048K, used 221065K [0x0000000086200000, 0x0000000100000000)
  region size 1024K, 68 young (69632K), 4 survivors (4096K)
 Metaspace       used 76144K, committed 77120K, reserved 1179648K
  class space    used 8783K, committed 9280K, reserved 1048576K
}
Event: 75.866 GC heap after
{Heap after GC invocations=91 (full 0):
 garbage-first heap   total reserved 1996800K, committed 258048K, used 157460K [0x0000000086200000, 0x0000000100000000)
  region size 1024K, 8 young (8192K), 8 survivors (8192K)
 Metaspace       used 76144K, committed 77120K, reserved 1179648K
  class space    used 8783K, committed 9280K, reserved 1048576K
}
Event: 76.922 GC heap before
{Heap before GC invocations=91 (full 0):
 garbage-first heap   total reserved 1996800K, committed 258048K, used 237332K [0x0000000086200000, 0x0000000100000000)
  region size 1024K, 84 young (86016K), 8 survivors (8192K)
 Metaspace       used 76172K, committed 77248K, reserved 1179648K
  class space    used 8784K, committed 9280K, reserved 1048576K
}
Event: 76.935 GC heap after
{Heap after GC invocations=92 (full 0):
 garbage-first heap   total reserved 1996800K, committed 258048K, used 159349K [0x0000000086200000, 0x0000000100000000)
  region size 1024K, 11 young (11264K), 11 survivors (11264K)
 Metaspace       used 76172K, committed 77248K, reserved 1179648K
  class space    used 8784K, committed 9280K, reserved 1048576K
}
Event: 77.020 GC heap before
{Heap before GC invocations=92 (full 0):
 garbage-first heap   total reserved 1996800K, committed 258048K, used 170613K [0x0000000086200000, 0x0000000100000000)
  region size 1024K, 23 young (23552K), 11 survivors (11264K)
 Metaspace       used 76177K, committed 77248K, reserved 1179648K
  class space    used 8784K, committed 9280K, reserved 1048576K
}
Event: 77.029 GC heap after
{Heap after GC invocations=93 (full 0):
 garbage-first heap   total reserved 1996800K, committed 258048K, used 162756K [0x0000000086200000, 0x0000000100000000)
  region size 1024K, 3 young (3072K), 3 survivors (3072K)
 Metaspace       used 76177K, committed 77248K, reserved 1179648K
  class space    used 8784K, committed 9280K, reserved 1048576K
}
Event: 77.534 GC heap before
{Heap before GC invocations=94 (full 0):
 garbage-first heap   total reserved 1996800K, committed 275456K, used 241604K [0x0000000086200000, 0x0000000100000000)
  region size 1024K, 78 young (79872K), 3 survivors (3072K)
 Metaspace       used 76211K, committed 77248K, reserved 1179648K
  class space    used 8784K, committed 9280K, reserved 1048576K
}
Event: 77.539 GC heap after
{Heap after GC invocations=95 (full 0):
 garbage-first heap   total reserved 1996800K, committed 275456K, used 165580K [0x0000000086200000, 0x0000000100000000)
  region size 1024K, 6 young (6144K), 6 survivors (6144K)
 Metaspace       used 76211K, committed 77248K, reserved 1179648K
  class space    used 8784K, committed 9280K, reserved 1048576K
}
Event: 80.049 GC heap before
{Heap before GC invocations=95 (full 0):
 garbage-first heap   total reserved 1996800K, committed 275456K, used 256716K [0x0000000086200000, 0x0000000100000000)
  region size 1024K, 93 young (95232K), 6 survivors (6144K)
 Metaspace       used 76307K, committed 77376K, reserved 1179648K
  class space    used 8789K, committed 9280K, reserved 1048576K
}
Event: 80.058 GC heap after
{Heap after GC invocations=96 (full 0):
 garbage-first heap   total reserved 1996800K, committed 275456K, used 172088K [0x0000000086200000, 0x0000000100000000)
  region size 1024K, 12 young (12288K), 12 survivors (12288K)
 Metaspace       used 76307K, committed 77376K, reserved 1179648K
  class space    used 8789K, committed 9280K, reserved 1048576K
}
Event: 81.255 GC heap before
{Heap before GC invocations=96 (full 0):
 garbage-first heap   total reserved 1996800K, committed 275456K, used 248888K [0x0000000086200000, 0x0000000100000000)
  region size 1024K, 86 young (88064K), 12 survivors (12288K)
 Metaspace       used 76394K, committed 77440K, reserved 1179648K
  class space    used 8789K, committed 9280K, reserved 1048576K
}
Event: 81.272 GC heap after
{Heap after GC invocations=97 (full 0):
 garbage-first heap   total reserved 1996800K, committed 275456K, used 172825K [0x0000000086200000, 0x0000000100000000)
  region size 1024K, 7 young (7168K), 7 survivors (7168K)
 Metaspace       used 76394K, committed 77440K, reserved 1179648K
  class space    used 8789K, committed 9280K, reserved 1048576K
}
Event: 81.303 GC heap before
{Heap before GC invocations=97 (full 0):
 garbage-first heap   total reserved 1996800K, committed 275456K, used 178969K [0x0000000086200000, 0x0000000100000000)
  region size 1024K, 14 young (14336K), 7 survivors (7168K)
 Metaspace       used 76403K, committed 77440K, reserved 1179648K
  class space    used 8789K, committed 9280K, reserved 1048576K
}
Event: 81.308 GC heap after
{Heap after GC invocations=98 (full 0):
 garbage-first heap   total reserved 1996800K, committed 275456K, used 174897K [0x0000000086200000, 0x0000000100000000)
  region size 1024K, 3 young (3072K), 3 survivors (3072K)
 Metaspace       used 76403K, committed 77440K, reserved 1179648K
  class space    used 8789K, committed 9280K, reserved 1048576K
}
Event: 81.826 GC heap before
{Heap before GC invocations=99 (full 0):
 garbage-first heap   total reserved 1996800K, committed 293888K, used 242481K [0x0000000086200000, 0x0000000100000000)
  region size 1024K, 68 young (69632K), 3 survivors (3072K)
 Metaspace       used 76450K, committed 77440K, reserved 1179648K
  class space    used 8789K, committed 9280K, reserved 1048576K
}
Event: 81.835 GC heap after
{Heap after GC invocations=100 (full 0):
 garbage-first heap   total reserved 1996800K, committed 293888K, used 182663K [0x0000000086200000, 0x0000000100000000)
  region size 1024K, 9 young (9216K), 9 survivors (9216K)
 Metaspace       used 76450K, committed 77440K, reserved 1179648K
  class space    used 8789K, committed 9280K, reserved 1048576K
}
Event: 84.100 GC heap before
{Heap before GC invocations=100 (full 0):
 garbage-first heap   total reserved 1996800K, committed 293888K, used 259463K [0x0000000086200000, 0x0000000100000000)
  region size 1024K, 82 young (83968K), 9 survivors (9216K)
 Metaspace       used 76608K, committed 77632K, reserved 1179648K
  class space    used 8805K, committed 9280K, reserved 1048576K
}

Dll operation events (8 events):
Event: 0.053 Loaded shared library C:\Program Files\Java\jdk-22\bin\java.dll
Event: 0.157 Loaded shared library C:\Program Files\Java\jdk-22\bin\jsvml.dll
Event: 0.285 Loaded shared library C:\Program Files\Java\jdk-22\bin\net.dll
Event: 0.290 Loaded shared library C:\Program Files\Java\jdk-22\bin\nio.dll
Event: 0.306 Loaded shared library C:\Program Files\Java\jdk-22\bin\zip.dll
Event: 1.104 Loaded shared library C:\Program Files\Java\jdk-22\bin\jimage.dll
Event: 5.890 Loaded shared library C:\Program Files\Java\jdk-22\bin\verify.dll
Event: 13.988 Loaded shared library C:\Users\UsEr\AppData\Local\Temp\sqlite-3.41.2.1-f36e5a76-72be-41f3-871f-1e4dad7a0872-sqlitejdbc.dll

Deoptimization events (20 events):
Event: 83.215 Thread 0x0000019dc175f940 Uncommon trap: trap_request=0xffffffde fr.pc=0x0000019db4dae4b8 relative=0x00000000000031b8
Event: 83.215 Thread 0x0000019dc175f940 Uncommon trap: reason=class_check action=maybe_recompile pc=0x0000019db4dae4b8 method=org.jetbrains.kotlin.resolve.deprecation.DeprecationResolver.isDeprecatedHidden(Lorg/jetbrains/kotlin/descriptors/DeclarationDescriptor;)Z @ 11 c2
Event: 83.215 Thread 0x0000019dc175f940 DEOPT PACKING pc=0x0000019db4dae4b8 sp=0x0000006e331f86e0
Event: 83.215 Thread 0x0000019dc175f940 DEOPT UNPACKING pc=0x0000019db43d46a2 sp=0x0000006e331f8390 mode 2
Event: 83.215 Thread 0x0000019dc175f940 Uncommon trap: trap_request=0xffffffde fr.pc=0x0000019db4dae4b8 relative=0x00000000000031b8
Event: 83.215 Thread 0x0000019dc175f940 Uncommon trap: reason=class_check action=maybe_recompile pc=0x0000019db4dae4b8 method=org.jetbrains.kotlin.resolve.deprecation.DeprecationResolver.isDeprecatedHidden(Lorg/jetbrains/kotlin/descriptors/DeclarationDescriptor;)Z @ 11 c2
Event: 83.215 Thread 0x0000019dc175f940 DEOPT PACKING pc=0x0000019db4dae4b8 sp=0x0000006e331f86e0
Event: 83.215 Thread 0x0000019dc175f940 DEOPT UNPACKING pc=0x0000019db43d46a2 sp=0x0000006e331f8390 mode 2
Event: 83.218 Thread 0x0000019dc175f940 Uncommon trap: trap_request=0xffffff45 fr.pc=0x0000019db4ec69fc relative=0x000000000000133c
Event: 83.218 Thread 0x0000019dc175f940 Uncommon trap: reason=unstable_if action=reinterpret pc=0x0000019db4ec69fc method=org.jetbrains.kotlin.resolve.calls.components.candidate.ResolutionCandidate.processParts(Z)V @ 114 c2
Event: 83.218 Thread 0x0000019dc175f940 DEOPT PACKING pc=0x0000019db4ec69fc sp=0x0000006e331f8880
Event: 83.219 Thread 0x0000019dc175f940 DEOPT UNPACKING pc=0x0000019db43d46a2 sp=0x0000006e331f8828 mode 2
Event: 83.242 Thread 0x0000019dc175f940 Uncommon trap: trap_request=0xffffffde fr.pc=0x0000019db515cec0 relative=0x00000000000027e0
Event: 83.242 Thread 0x0000019dc175f940 Uncommon trap: reason=class_check action=maybe_recompile pc=0x0000019db515cec0 method=org.jetbrains.kotlin.types.expressions.ExpressionTypingUtils.isExclExclExpression(Lorg/jetbrains/kotlin/psi/KtExpression;)Z @ 8 c2
Event: 83.242 Thread 0x0000019dc175f940 DEOPT PACKING pc=0x0000019db515cec0 sp=0x0000006e331fb640
Event: 83.242 Thread 0x0000019dc175f940 DEOPT UNPACKING pc=0x0000019db43d46a2 sp=0x0000006e331fb540 mode 2
Event: 83.634 Thread 0x0000019dc175f940 Uncommon trap: trap_request=0xffffffde fr.pc=0x0000019db5224670 relative=0x00000000000034f0
Event: 83.634 Thread 0x0000019dc175f940 Uncommon trap: reason=class_check action=maybe_recompile pc=0x0000019db5224670 method=org.jetbrains.kotlin.util.IncrementalTrackerUtilKt.record(Lorg/jetbrains/kotlin/incremental/components/LookupTracker;Lorg/jetbrains/kotlin/psi/KtExpression;Lorg/jetbrain
Event: 83.634 Thread 0x0000019dc175f940 DEOPT PACKING pc=0x0000019db5224670 sp=0x0000006e331f9db0
Event: 83.635 Thread 0x0000019dc175f940 DEOPT UNPACKING pc=0x0000019db43d46a2 sp=0x0000006e331f9cb8 mode 2

Classes loaded (20 events):
Event: 39.097 Loading class java/util/stream/LongStream
Event: 39.118 Loading class java/util/stream/LongStream done
Event: 39.118 Loading class java/util/stream/DoubleStream
Event: 39.119 Loading class java/util/stream/DoubleStream done
Event: 39.257 Loading class java/lang/Character$UnicodeBlock
Event: 39.260 Loading class java/lang/Character$Subset
Event: 39.260 Loading class java/lang/Character$Subset done
Event: 39.265 Loading class java/lang/Character$UnicodeBlock done
Event: 40.312 Loading class java/util/function/IntBinaryOperator
Event: 40.312 Loading class java/util/function/IntBinaryOperator done
Event: 46.176 Loading class java/util/stream/SliceOps
Event: 46.178 Loading class java/util/stream/SliceOps done
Event: 46.178 Loading class java/util/stream/SliceOps$1
Event: 46.178 Loading class java/util/stream/ReferencePipeline$StatefulOp
Event: 46.179 Loading class java/util/stream/ReferencePipeline$StatefulOp done
Event: 46.179 Loading class java/util/stream/SliceOps$1 done
Event: 46.182 Loading class java/util/stream/Nodes$SpinedNodeBuilder
Event: 46.183 Loading class java/util/stream/Nodes$SpinedNodeBuilder done
Event: 46.187 Loading class java/util/stream/SliceOps$1$1
Event: 46.188 Loading class java/util/stream/SliceOps$1$1 done

Classes unloaded (0 events):
No events

Classes redefined (0 events):
No events

Internal exceptions (20 events):
Event: 38.629 Thread 0x0000019e11be1df0 Exception <a 'java/lang/NoSuchMethodError'{0x000000008a6b61e8}: 'java.lang.Object java.lang.invoke.Invokers$Holder.linkToTargetMethod(java.lang.Object, java.lang.Object, java.lang.Object, long, java.lang.Object)'> (0x000000008a6b61e8) 
thrown [s\open\src\hotspot\share\interpreter\linkResolver.cpp, line 774]
Event: 38.704 Thread 0x0000019e07463fa0 Exception <a 'java/lang/NoSuchMethodError'{0x000000008a556fb0}: 'java.lang.Object java.lang.invoke.DirectMethodHandle$Holder.invokeStatic(java.lang.Object, int, java.lang.Object)'> (0x000000008a556fb0) 
thrown [s\open\src\hotspot\share\interpreter\linkResolver.cpp, line 774]
Event: 40.320 Thread 0x0000019e07463fa0 Exception <a 'java/lang/IncompatibleClassChangeError'{0x0000000089eda4c0}: Found class java.lang.Object, but interface was expected> (0x0000000089eda4c0) 
thrown [s\open\src\hotspot\share\interpreter\linkResolver.cpp, line 841]
Event: 40.320 Thread 0x0000019e07463fa0 Exception <a 'java/lang/NoSuchMethodError'{0x0000000089edd390}: 'int java.lang.invoke.DirectMethodHandle$Holder.invokeSpecialIFC(java.lang.Object, java.lang.Object, java.lang.Object)'> (0x0000000089edd390) 
thrown [s\open\src\hotspot\share\interpreter\linkResolver.cpp, line 774]
Event: 40.536 Thread 0x0000019e07463fa0 Exception <a 'java/lang/NoSuchMethodError'{0x0000000089dd9df8}: 'java.lang.Object java.lang.invoke.DirectMethodHandle$Holder.invokeStatic(java.lang.Object, int, int, java.lang.Object)'> (0x0000000089dd9df8) 
thrown [s\open\src\hotspot\share\interpreter\linkResolver.cpp, line 774]
Event: 43.664 Thread 0x0000019e07463fa0 Exception <a 'java/lang/NoSuchMethodError'{0x000000008a52fe38}: 'java.lang.Object java.lang.invoke.DirectMethodHandle$Holder.newInvokeSpecial(java.lang.Object, java.lang.Object, java.lang.Object, java.lang.Object, java.lang.Object, java.lang.Object, java.lang.Object, int, java.lang.Object)'> (0x000000008a52fe38) 
thrown [s\open\src\hotspot\share\interpreter\linkResolver.cpp, line 774]
Event: 44.747 Thread 0x0000019e07463fa0 Exception <a 'java/lang/IncompatibleClassChangeError'{0x00000000ffbd3e70}: Found class java.lang.Object, but interface was expected> (0x00000000ffbd3e70) 
thrown [s\open\src\hotspot\share\interpreter\linkResolver.cpp, line 841]
Event: 46.244 Thread 0x0000019e07463fa0 Implicit null exception at 0x0000019db4c910d4 to 0x0000019db4c911b0
Event: 46.278 Thread 0x0000019e07463fa0 Implicit null exception at 0x0000019db4c90c20 to 0x0000019db4c90cb4
Event: 46.305 Thread 0x0000019e07463fa0 Exception <a 'java/lang/NoSuchMethodError'{0x000000008b549e20}: 'java.lang.Object java.lang.invoke.DirectMethodHandle$Holder.invokeStatic(java.lang.Object, int, java.lang.Object, java.lang.Object)'> (0x000000008b549e20) 
thrown [s\open\src\hotspot\share\interpreter\linkResolver.cpp, line 774]
Event: 46.306 Thread 0x0000019e07463fa0 Exception <a 'java/lang/NoSuchMethodError'{0x000000008b5518c0}: 'java.lang.Object java.lang.invoke.DirectMethodHandle$Holder.newInvokeSpecial(java.lang.Object, int, java.lang.Object)'> (0x000000008b5518c0) 
thrown [s\open\src\hotspot\share\interpreter\linkResolver.cpp, line 774]
Event: 47.178 Thread 0x0000019e07463fa0 Exception <a 'java/lang/NoSuchMethodError'{0x000000008af7bed0}: 'java.lang.Object java.lang.invoke.DirectMethodHandle$Holder.invokeStatic(java.lang.Object, java.lang.Object, int, java.lang.Object)'> (0x000000008af7bed0) 
thrown [s\open\src\hotspot\share\interpreter\linkResolver.cpp, line 774]
Event: 47.179 Thread 0x0000019e07463fa0 Exception <a 'java/lang/NoSuchMethodError'{0x000000008af83548}: 'java.lang.Object java.lang.invoke.DirectMethodHandle$Holder.newInvokeSpecial(java.lang.Object, java.lang.Object, int, java.lang.Object)'> (0x000000008af83548) 
thrown [s\open\src\hotspot\share\interpreter\linkResolver.cpp, line 774]
Event: 47.180 Thread 0x0000019e07463fa0 Exception <a 'java/lang/NoSuchMethodError'{0x000000008af87e98}: 'java.lang.Object java.lang.invoke.DirectMethodHandle$Holder.invokeSpecial(java.lang.Object, java.lang.Object, java.lang.Object, int, java.lang.Object)'> (0x000000008af87e98) 
thrown [s\open\src\hotspot\share\interpreter\linkResolver.cpp, line 774]
Event: 47.180 Thread 0x0000019e07463fa0 Exception <a 'java/lang/NoSuchMethodError'{0x000000008af8c318}: 'java.lang.Object java.lang.invoke.Invokers$Holder.linkToTargetMethod(java.lang.Object, int, java.lang.Object, java.lang.Object)'> (0x000000008af8c318) 
thrown [s\open\src\hotspot\share\interpreter\linkResolver.cpp, line 774]
Event: 50.786 Thread 0x0000019e07463fa0 Exception <a 'java/lang/NoSuchMethodError'{0x000000008ba87ca0}: 'java.lang.Object java.lang.invoke.DirectMethodHandle$Holder.invokeStatic(java.lang.Object, java.lang.Object, java.lang.Object, java.lang.Object, java.lang.Object, java.lang.Object, java.lang.Object, java.lang.Object, int)'> (0x000000008ba87ca0) 
thrown [s\open\src\hotspot\share\interpreter\linkResolver.cpp, line 774]
Event: 50.789 Thread 0x0000019e07463fa0 Exception <a 'java/lang/NoSuchMethodError'{0x000000008ba91500}: 'java.lang.Object java.lang.invoke.DirectMethodHandle$Holder.newInvokeSpecial(java.lang.Object, java.lang.Object, java.lang.Object, java.lang.Object, java.lang.Object, java.lang.Object, java.lang.Object, java.lang.Object, int)'> (0x000000008ba91500) 
thrown [s\open\src\hotspot\share\interpreter\linkResolver.cpp, line 774]
Event: 50.790 Thread 0x0000019e07463fa0 Exception <a 'java/lang/NoSuchMethodError'{0x000000008ba95ec0}: 'java.lang.Object java.lang.invoke.DirectMethodHandle$Holder.invokeSpecial(java.lang.Object, java.lang.Object, java.lang.Object, java.lang.Object, java.lang.Object, java.lang.Object, java.lang.Object, java.lang.Object, java.lang.Object, int)'> (0x000000008ba95ec0) 
thrown [s\open\src\hotspot\share\interpreter\linkResolver.cpp, line 774]
Event: 50.790 Thread 0x0000019e07463fa0 Exception <a 'java/lang/NoSuchMethodError'{0x000000008ba9a098}: 'java.lang.Object java.lang.invoke.Invokers$Holder.linkToTargetMethod(java.lang.Object, java.lang.Object, java.lang.Object, java.lang.Object, java.lang.Object, java.lang.Object, java.lang.Object, int, java.lang.Object)'> (0x000000008ba9a098) 
thrown [s\open\src\hotspot\share\interpreter\linkResolver.cpp, line 774]
Event: 66.516 Thread 0x0000019dc175f940 Exception <a 'java/lang/NoSuchMethodError'{0x000000008e787048}: 'java.lang.Object java.lang.invoke.DirectMethodHandle$Holder.newInvokeSpecial(java.lang.Object, java.lang.Object, java.lang.Object, java.lang.Object, int, int)'> (0x000000008e787048) 
thrown [s\open\src\hotspot\share\interpreter\linkResolver.cpp, line 774]

ZGC Phase Switch (0 events):
No events

VM Operations (20 events):
Event: 79.575 Executing VM operation: Cleanup done
Event: 80.049 Executing VM operation: G1CollectForAllocation (G1 Evacuation Pause)
Event: 80.058 Executing VM operation: G1CollectForAllocation (G1 Evacuation Pause) done
Event: 81.059 Executing VM operation: Cleanup
Event: 81.059 Executing VM operation: Cleanup done
Event: 81.255 Executing VM operation: G1CollectForAllocation (G1 Evacuation Pause)
Event: 81.272 Executing VM operation: G1CollectForAllocation (G1 Evacuation Pause) done
Event: 81.303 Executing VM operation: G1TryInitiateConcMark (G1 Humongous Allocation)
Event: 81.308 Executing VM operation: G1TryInitiateConcMark (G1 Humongous Allocation) done
Event: 81.577 Executing VM operation: G1PauseRemark
Event: 81.590 Executing VM operation: G1PauseRemark done
Event: 81.776 Executing VM operation: G1PauseCleanup
Event: 81.776 Executing VM operation: G1PauseCleanup done
Event: 81.826 Executing VM operation: G1CollectForAllocation (G1 Evacuation Pause)
Event: 81.835 Executing VM operation: G1CollectForAllocation (G1 Evacuation Pause) done
Event: 82.845 Executing VM operation: Cleanup
Event: 82.861 Executing VM operation: Cleanup done
Event: 83.867 Executing VM operation: Cleanup
Event: 83.867 Executing VM operation: Cleanup done
Event: 84.100 Executing VM operation: G1CollectForAllocation (G1 Evacuation Pause)

Memory protections (0 events):
No events

Nmethod flushes (20 events):
Event: 81.589 Thread 0x0000019dc11a9470 flushing  nmethod 0x0000019dad86c510
Event: 81.589 Thread 0x0000019dc11a9470 flushing  nmethod 0x0000019dadd31190
Event: 81.589 Thread 0x0000019dc11a9470 flushing  nmethod 0x0000019dad4c6210
Event: 81.589 Thread 0x0000019dc11a9470 flushing  nmethod 0x0000019dad4cce10
Event: 81.589 Thread 0x0000019dc11a9470 flushing  nmethod 0x0000019dadb92790
Event: 81.589 Thread 0x0000019dc11a9470 flushing  nmethod 0x0000019dadda6510
Event: 81.589 Thread 0x0000019dc11a9470 flushing  nmethod 0x0000019dadf11890
Event: 81.589 Thread 0x0000019dc11a9470 flushing  nmethod 0x0000019dadf13190
Event: 81.589 Thread 0x0000019dc11a9470 flushing  nmethod 0x0000019dadf13a90
Event: 81.589 Thread 0x0000019dc11a9470 flushing  nmethod 0x0000019dadf14190
Event: 81.589 Thread 0x0000019dc11a9470 flushing  nmethod 0x0000019dadf1ad90
Event: 81.589 Thread 0x0000019dc11a9470 flushing  nmethod 0x0000019dacf94290
Event: 81.589 Thread 0x0000019dc11a9470 flushing  nmethod 0x0000019daea2e790
Event: 81.589 Thread 0x0000019dc11a9470 flushing  nmethod 0x0000019dad3e0510
Event: 81.589 Thread 0x0000019dc11a9470 flushing  nmethod 0x0000019dad444110
Event: 81.589 Thread 0x0000019dc11a9470 flushing  nmethod 0x0000019dada8a110
Event: 81.589 Thread 0x0000019dc11a9470 flushing  nmethod 0x0000019dada8f410
Event: 81.589 Thread 0x0000019dc11a9470 flushing  nmethod 0x0000019dada95990
Event: 81.589 Thread 0x0000019dc11a9470 flushing  nmethod 0x0000019dada9b910
Event: 81.589 Thread 0x0000019dc11a9470 flushing osr nmethod 0x0000019daf1bbc90

Events (20 events):
Event: 58.105 Thread 0x0000019dc11de480 Thread added: 0x0000019e123d5d40
Event: 58.332 Thread 0x0000019e123d5d40 Thread exited: 0x0000019e123d5d40
Event: 59.891 Thread 0x0000019dc11de480 Thread added: 0x0000019e123d4fa0
Event: 60.699 Thread 0x0000019e123d4fa0 Thread exited: 0x0000019e123d4fa0
Event: 61.120 Thread 0x0000019dc11de480 Thread added: 0x0000019e123d4fa0
Event: 61.886 Thread 0x0000019e123d4fa0 Thread exited: 0x0000019e123d4fa0
Event: 62.266 Thread 0x0000019dc11de480 Thread added: 0x0000019e123d4fa0
Event: 62.913 Thread 0x0000019e123d4fa0 Thread exited: 0x0000019e123d4fa0
Event: 63.877 Thread 0x0000019dc11de480 Thread added: 0x0000019e123d4fa0
Event: 64.264 Thread 0x0000019e123d4fa0 Thread exited: 0x0000019e123d4fa0
Event: 65.787 Thread 0x0000019dc11de480 Thread added: 0x0000019e1387e720
Event: 66.097 Thread 0x0000019e1387e720 Thread exited: 0x0000019e1387e720
Event: 70.987 Thread 0x0000019dc11de480 Thread added: 0x0000019e1387d2b0
Event: 72.389 Thread 0x0000019e1387d2b0 Thread exited: 0x0000019e1387d2b0
Event: 72.644 Thread 0x0000019dc11de480 Thread added: 0x0000019e138787c0
Event: 73.223 Thread 0x0000019e138787c0 Thread exited: 0x0000019e138787c0
Event: 74.867 Thread 0x0000019dc11d7da0 Thread added: 0x0000019e1387d2b0
Event: 76.957 Thread 0x0000019e1387d2b0 Thread exited: 0x0000019e1387d2b0
Event: 79.827 Thread 0x0000019dc11de480 Thread added: 0x0000019e1387e720
Event: 81.955 Thread 0x0000019e1387e720 Thread exited: 0x0000019e1387e720


Dynamic libraries:
0x00007ff741750000 - 0x00007ff741760000 	C:\Program Files\Java\jdk-22\bin\java.exe
0x00007ffd1c010000 - 0x00007ffd1c208000 	C:\Windows\SYSTEM32\ntdll.dll
0x00007ffd1bba0000 - 0x00007ffd1bc62000 	C:\Windows\System32\KERNEL32.DLL
0x00007ffd198a0000 - 0x00007ffd19b96000 	C:\Windows\System32\KERNELBASE.dll
0x00007ffd19d60000 - 0x00007ffd19e60000 	C:\Windows\System32\ucrtbase.dll
0x00007ffcf1d00000 - 0x00007ffcf1d1b000 	C:\Program Files\Java\jdk-22\bin\VCRUNTIME140.dll
0x00007ffcf18a0000 - 0x00007ffcf18b7000 	C:\Program Files\Java\jdk-22\bin\jli.dll
0x00007ffd1aaf0000 - 0x00007ffd1ac8d000 	C:\Windows\System32\USER32.dll
0x00007ffd059d0000 - 0x00007ffd05c6a000 	C:\Windows\WinSxS\amd64_microsoft.windows.common-controls_6595b64144ccf1df_6.0.19041.5794_none_60bcd33171f2783c\COMCTL32.dll
0x00007ffd1a0e0000 - 0x00007ffd1a17e000 	C:\Windows\System32\msvcrt.dll
0x00007ffd1b810000 - 0x00007ffd1b83b000 	C:\Windows\System32\GDI32.dll
0x00007ffd19700000 - 0x00007ffd19722000 	C:\Windows\System32\win32u.dll
0x00007ffd19ba0000 - 0x00007ffd19cba000 	C:\Windows\System32\gdi32full.dll
0x00007ffd19cc0000 - 0x00007ffd19d5d000 	C:\Windows\System32\msvcp_win.dll
0x00007ffd1a260000 - 0x00007ffd1a28f000 	C:\Windows\System32\IMM32.DLL
0x00007ffd127c0000 - 0x00007ffd127cc000 	C:\Program Files\Java\jdk-22\bin\vcruntime140_1.dll
0x00007ffceb700000 - 0x00007ffceb78e000 	C:\Program Files\Java\jdk-22\bin\msvcp140.dll
0x00007ffc90af0000 - 0x00007ffc91839000 	C:\Program Files\Java\jdk-22\bin\server\jvm.dll
0x00007ffd1a770000 - 0x00007ffd1a81f000 	C:\Windows\System32\ADVAPI32.dll
0x00007ffd1bb00000 - 0x00007ffd1bb9f000 	C:\Windows\System32\sechost.dll
0x00007ffd1ac90000 - 0x00007ffd1adb3000 	C:\Windows\System32\RPCRT4.dll
0x00007ffd19870000 - 0x00007ffd19897000 	C:\Windows\System32\bcrypt.dll
0x00007ffd1a8f0000 - 0x00007ffd1a95b000 	C:\Windows\System32\WS2_32.dll
0x00007ffd18c40000 - 0x00007ffd18c8b000 	C:\Windows\SYSTEM32\POWRPROF.dll
0x00007ffd06840000 - 0x00007ffd06867000 	C:\Windows\SYSTEM32\WINMM.dll
0x00007ffd06d70000 - 0x00007ffd06d7a000 	C:\Windows\SYSTEM32\VERSION.dll
0x00007ffd18ab0000 - 0x00007ffd18ac2000 	C:\Windows\SYSTEM32\UMPDC.dll
0x00007ffd17ed0000 - 0x00007ffd17ee2000 	C:\Windows\SYSTEM32\kernel.appcore.dll
0x00007ffcf2340000 - 0x00007ffcf234a000 	C:\Program Files\Java\jdk-22\bin\jimage.dll
0x00007ffd17c00000 - 0x00007ffd17de4000 	C:\Windows\SYSTEM32\DBGHELP.DLL
0x00007ffce9c10000 - 0x00007ffce9c44000 	C:\Windows\SYSTEM32\dbgcore.DLL
0x00007ffd19730000 - 0x00007ffd197b2000 	C:\Windows\System32\bcryptPrimitives.dll
0x00007ffcf1880000 - 0x00007ffcf189e000 	C:\Program Files\Java\jdk-22\bin\java.dll
0x00007ffd1b0a0000 - 0x00007ffd1b80e000 	C:\Windows\System32\SHELL32.dll
0x00007ffd1b9d0000 - 0x00007ffd1bafb000 	C:\Windows\System32\ole32.dll
0x00007ffd1bc70000 - 0x00007ffd1bfc3000 	C:\Windows\System32\combase.dll
0x00007ffd17380000 - 0x00007ffd17b23000 	C:\Windows\SYSTEM32\windows.storage.dll
0x00007ffd190e0000 - 0x00007ffd1910b000 	C:\Windows\SYSTEM32\Wldp.dll
0x00007ffd1b8a0000 - 0x00007ffd1b96d000 	C:\Windows\System32\OLEAUT32.dll
0x00007ffd1a840000 - 0x00007ffd1a8ed000 	C:\Windows\System32\SHCORE.dll
0x00007ffd1b970000 - 0x00007ffd1b9c5000 	C:\Windows\System32\shlwapi.dll
0x00007ffd195e0000 - 0x00007ffd19605000 	C:\Windows\SYSTEM32\profapi.dll
0x00007ffceb1a0000 - 0x00007ffceb277000 	C:\Program Files\Java\jdk-22\bin\jsvml.dll
0x00007ffcf2190000 - 0x00007ffcf21a0000 	C:\Program Files\Java\jdk-22\bin\net.dll
0x00007ffd18e40000 - 0x00007ffd18eac000 	C:\Windows\system32\mswsock.dll
0x00007ffcf1860000 - 0x00007ffcf1876000 	C:\Program Files\Java\jdk-22\bin\nio.dll
0x00007ffcf08f0000 - 0x00007ffcf0907000 	C:\Program Files\Java\jdk-22\bin\zip.dll
0x00007ffd19040000 - 0x00007ffd19058000 	C:\Windows\SYSTEM32\CRYPTSP.dll
0x00007ffd186f0000 - 0x00007ffd18728000 	C:\Windows\system32\rsaenh.dll
0x00007ffd195a0000 - 0x00007ffd195ce000 	C:\Windows\SYSTEM32\USERENV.dll
0x00007ffd19030000 - 0x00007ffd1903c000 	C:\Windows\SYSTEM32\CRYPTBASE.dll
0x00007ffd18ad0000 - 0x00007ffd18b0b000 	C:\Windows\SYSTEM32\IPHLPAPI.DLL
0x00007ffd1a040000 - 0x00007ffd1a048000 	C:\Windows\System32\NSI.dll
0x00007ffcf1cf0000 - 0x00007ffcf1d00000 	C:\Program Files\Java\jdk-22\bin\verify.dll
0x00007ffceaec0000 - 0x00007ffceafa9000 	C:\Users\UsEr\AppData\Local\Temp\sqlite-3.41.2.1-f36e5a76-72be-41f3-871f-1e4dad7a0872-sqlitejdbc.dll

dbghelp: loaded successfully - version: 4.0.5 - missing functions: none
symbol engine: initialized successfully - sym options: 0x614 - pdb path: .;C:\Program Files\Java\jdk-22\bin;C:\Windows\SYSTEM32;C:\Windows\WinSxS\amd64_microsoft.windows.common-controls_6595b64144ccf1df_6.0.19041.5794_none_60bcd33171f2783c;C:\Program Files\Java\jdk-22\bin\server;C:\Users\UsEr\AppData\Local\Temp

VM Arguments:
jvm_args: -DkotlinLanguageServer.version=1.3.13 
java_command: org.javacs.kt.MainKt
java_class_path (initial): c:\Users\UsEr\AppData\Roaming\Code\User\globalStorage\fwcd.kotlin\langServerInstall\server\lib\server-1.3.13.jar;c:\Users\UsEr\AppData\Roaming\Code\User\globalStorage\fwcd.kotlin\langServerInstall\server\lib\shared-1.3.13.jar;c:\Users\UsEr\AppData\Roaming\Code\User\globalStorage\fwcd.kotlin\langServerInstall\server\lib\kotlin-scripting-jvm-host-unshaded-2.1.0.jar;c:\Users\UsEr\AppData\Roaming\Code\User\globalStorage\fwcd.kotlin\langServerInstall\server\lib\kotlin-scripting-compiler-2.1.0.jar;c:\Users\UsEr\AppData\Roaming\Code\User\globalStorage\fwcd.kotlin\langServerInstall\server\lib\ktfmt-b5d31d1.jar;c:\Users\UsEr\AppData\Roaming\Code\User\globalStorage\fwcd.kotlin\langServerInstall\server\lib\kotlin-compiler-2.1.0.jar;c:\Users\UsEr\AppData\Roaming\Code\User\globalStorage\fwcd.kotlin\langServerInstall\server\lib\exposed-dao-0.37.3.jar;c:\Users\UsEr\AppData\Roaming\Code\User\globalStorage\fwcd.kotlin\langServerInstall\server\lib\exposed-jdbc-0.37.3.jar;c:\Users\UsEr\AppData\Roaming\Code\User\globalStorage\fwcd.kotlin\langServerInstall\server\lib\exposed-core-0.37.3.jar;c:\Users\UsEr\AppData\Roaming\Code\User\globalStorage\fwcd.kotlin\langServerInstall\server\lib\kotlin-scripting-compiler-impl-2.1.0.jar;c:\Users\UsEr\AppData\Roaming\Code\User\globalStorage\fwcd.kotlin\langServerInstall\server\lib\kotlin-reflect-2.1.0.jar;c:\Users\UsEr\AppData\Roaming\Code\User\globalStorage\fwcd.kotlin\langServerInstall\server\lib\kotlin-scripting-jvm-2.1.0.jar;c:\Users\UsEr\AppData\Roaming\Code\User\globalStorage\fwcd.kotlin\langServerInstall\server\lib\kotlin-scripting-common-2.1.0.jar;c:\Users\UsEr\AppData\Roaming\Code\User\globalStorage\fwcd.kotlin\langServerInstall\server\lib\kotlinx-coroutines-core-jvm-1.6.4.jar;c:\Users\UsEr\AppData\Roaming\Code\User\globalStorage\fwcd.kotlin\langServerInstall\server\lib\kotlin-stdlib-jdk8-2.1.0.jar;c:\Users\UsEr\AppData\Roaming\Code\User\globalStorage\fwcd.kotlin\langServerInstall\server\lib\kotlin-stdlib-jdk7-2.1.0.jar;c:\Users\UsEr\AppData\Roaming\Code\User\globalStorage\fwcd.kotlin\langServerInstall\server\lib\kotlin-stdlib-2.1.0.jar;c:\Users\UsEr\AppData\Roaming\Code\User\globalStorage\fwcd.kotlin\langServerInstall\server\lib\org.eclipse.lsp4j-0.21.2.jar;c:\Users\UsEr\AppData\Roaming\Code\User\globalStorage\fwcd.kotlin\langServerInstall\server\lib\org.eclipse.lsp4j.jsonrpc-0.21.2.jar;c:\Users\UsEr\AppData\Roaming\Code\User\globalStorage\fwcd.kotlin\langServerInstall\server\lib\kotlin-sam-with-receiver-compiler-plugin-2.1.0.jar;c:\Users\UsEr\AppData\Roaming\Code\User\globalStorage\fwcd.kotlin\langServerInstall\server\lib\fernflower-1.0.jar;c:\Users\UsEr\AppData\Roaming\Code\User\globalStorage\fwcd.kotlin\langServerInstall\server\lib\h2-1.4.200.jar;c:\Users\UsEr\AppData\Roaming\Code\User\globalStorage\fwcd.kotlin\langServerInstall\server\lib\jcommander-1.78.jar;c:\Users\UsEr\AppData\Roaming\Code\User\globalStorage\fwcd.kotlin\langServerInstall\server\lib\sqlite-jdbc-3.41.2.1.jar;c:\Users\UsEr\AppData\Roaming\Code\User\globalStorage\fwcd.kotlin\langServerInstall\server\lib\google-java-format-1.8.jar;c:\Users\UsEr\AppData\Roaming\Code\User\globalStorage\fwcd.kotlin\langServerInstall\server\lib\guava-33.3.0-jre.jar;c:\Users\UsEr\AppData\Roaming\Code\User\globalStorage\fwcd.kotlin\langServerInstall\server\lib\annotations-13.0.jar;c:\Users\UsEr\AppData\Roaming\Code\User\globalStorage\fwcd.kotlin\langServerInstall\server\lib\gson-2.10.1.jar;c:\Users\UsEr\AppData\Roaming\Code\User\globalStorage\fwcd.kotlin\langServerInstall\server\lib\kotlin-script-runtime-2.1.0.jar;c:\Users\UsEr\AppData\Roaming\Code\User\globalStorage\fwcd.kotlin\langServerInstall\server\lib\trove4j-1.0.20200330.jar;c:\Users\UsEr\AppData\Roaming\Code\User\globalStorage\fwcd.kotlin\langServerInstall\server\lib\jline-3.24.1.jar;c:\Users\UsEr\AppData\Roaming\Code\User\globalStorage\fwcd.kotlin\langServerInstall\server\lib\slf4j-api-1.7.25.jar;c:\Users\UsEr\AppData\Roaming\Code\User\globalStorage\fwcd.kotlin\langServerInstall\server\lib\jna-4.2.2.jar;c:\Users\UsEr\AppData\Roaming\Code\User\globalStorage\fwcd.kotlin\langServerInstall\server\lib\failureaccess-1.0.2.jar;c:\Users\UsEr\AppData\Roaming\Code\User\globalStorage\fwcd.kotlin\langServerInstall\server\lib\listenablefuture-9999.0-empty-to-avoid-conflict-with-guava.jar;c:\Users\UsEr\AppData\Roaming\Code\User\globalStorage\fwcd.kotlin\langServerInstall\server\lib\jsr305-3.0.2.jar;c:\Users\UsEr\AppData\Roaming\Code\User\globalStorage\fwcd.kotlin\langServerInstall\server\lib\checker-qual-3.43.0.jar;c:\Users\UsEr\AppData\Roaming\Code\User\globalStorage\fwcd.kotlin\langServerInstall\server\lib\error_prone_annotations-2.28.0.jar
Launcher Type: SUN_STANDARD

[Global flags]
     intx CICompilerCount                          = 4                                         {product} {ergonomic}
     uint ConcGCThreads                            = 2                                         {product} {ergonomic}
     uint G1ConcRefinementThreads                  = 8                                         {product} {ergonomic}
   size_t G1HeapRegionSize                         = 1048576                                   {product} {ergonomic}
   size_t InitialHeapSize                          = 127926272                                 {product} {ergonomic}
   size_t MarkStackSize                            = 4194304                                   {product} {ergonomic}
   size_t MaxHeapSize                              = 2044723200                                {product} {ergonomic}
   size_t MaxNewSize                               = 1226833920                                {product} {ergonomic}
   size_t MinHeapDeltaBytes                        = 1048576                                   {product} {ergonomic}
   size_t MinHeapSize                              = 8388608                                   {product} {ergonomic}
    uintx NonNMethodCodeHeapSize                   = 5839372                                {pd product} {ergonomic}
    uintx NonProfiledCodeHeapSize                  = 122909434                              {pd product} {ergonomic}
    uintx ProfiledCodeHeapSize                     = 122909434                              {pd product} {ergonomic}
    uintx ReservedCodeCacheSize                    = 251658240                              {pd product} {ergonomic}
     bool SegmentedCodeCache                       = true                                      {product} {ergonomic}
   size_t SoftMaxHeapSize                          = 2044723200                             {manageable} {ergonomic}
     bool UseCompressedOops                        = true                           {product lp64_product} {ergonomic}
     bool UseG1GC                                  = true                                      {product} {ergonomic}
     bool UseLargePagesIndividualAllocation        = false                                  {pd product} {ergonomic}

Logging:
Log output configuration:
 #0: stdout all=warning uptime,level,tags foldmultilines=false
 #1: stderr all=off uptime,level,tags foldmultilines=false

Environment Variables:
CLASSPATH=c:\Users\UsEr\AppData\Roaming\Code\User\globalStorage\fwcd.kotlin\langServerInstall\server\lib\server-1.3.13.jar;c:\Users\UsEr\AppData\Roaming\Code\User\globalStorage\fwcd.kotlin\langServerInstall\server\lib\shared-1.3.13.jar;c:\Users\UsEr\AppData\Roaming\Code\User\globalStorage\fwcd.kotlin\langServerInstall\server\lib\kotlin-scripting-jvm-host-unshaded-2.1.0.jar;c:\Users\UsEr\AppData\Roaming\Code\User\globalStorage\fwcd.kotlin\langServerInstall\server\lib\kotlin-scripting-compiler-2.1.0.jar;c:\Users\UsEr\AppData\Roaming\Code\User\globalStorage\fwcd.kotlin\langServerInstall\server\lib\ktfmt-b5d31d1.jar;c:\Users\UsEr\AppData\Roaming\Code\User\globalStorage\fwcd.kotlin\langServerInstall\server\lib\kotlin-compiler-2.1.0.jar;c:\Users\UsEr\AppData\Roaming\Code\User\globalStorage\fwcd.kotlin\langServerInstall\server\lib\exposed-dao-0.37.3.jar;c:\Users\UsEr\AppData\Roaming\Code\User\globalStorage\fwcd.kotlin\langServerInstall\server\lib\exposed-jdbc-0.37.3.jar;c:\Users\UsEr\AppData\Roaming\Code\User\globalStorage\fwcd.kotlin\langServerInstall\server\lib\exposed-core-0.37.3.jar;c:\Users\UsEr\AppData\Roaming\Code\User\globalStorage\fwcd.kotlin\langServerInstall\server\lib\kotlin-scripting-compiler-impl-2.1.0.jar;c:\Users\UsEr\AppData\Roaming\Code\User\globalStorage\fwcd.kotlin\langServerInstall\server\lib\kotlin-reflect-2.1.0.jar;c:\Users\UsEr\AppData\Roaming\Code\User\globalStorage\fwcd.kotlin\langServerInstall\server\lib\kotlin-scripting-jvm-2.1.0.jar;c:\Users\UsEr\AppData\Roaming\Code\User\globalStorage\fwcd.kotlin\langServerInstall\server\lib\kotlin-scripting-common-2.1.0.jar;c:\Users\UsEr\AppData\Roaming\Code\User\globalStorage\fwcd.kotlin\langServerInstall\server\lib\kotlinx-coroutines-core-jvm-1.6.4.jar;c:\Users\UsEr\AppData\Roaming\Code\User\globalStorage\fwcd.kotlin\langServerInstall\server\lib\kotlin-stdlib-jdk8-2.1.0.jar;c:\Users\UsEr\AppData\Roaming\Code\User\globalStorage\fwcd.kotlin\langServerInstall\server\lib\kotlin-stdlib-jdk7-2.1.0.jar;c:\Users\UsEr\AppData\Roaming\Code\User\globalStorage\fwcd.kotlin\langServerInstall\server\lib\kotlin-stdlib-2.1.0.jar;c:\Users\UsEr\AppData\Roaming\Code\User\globalStorage\fwcd.kotlin\langServerInstall\server\lib\org.eclipse.lsp4j-0.21.2.jar;c:\Users\UsEr\AppData\Roaming\Code\User\globalStorage\fwcd.kotlin\langServerInstall\server\lib\org.eclipse.lsp4j.jsonrpc-0.21.2.jar;c:\Users\UsEr\AppData\Roaming\Code\User\globalStorage\fwcd.kotlin\langServerInstall\server\lib\kotlin-sam-with-receiver-compiler-plugin-2.1.0.jar;c:\Users\UsEr\AppData\Roaming\Code\User\globalStorage\fwcd.kotlin\langServerInstall\server\lib\fernflower-1.0.jar;c:\Users\UsEr\AppData\Roaming\Code\User\globalStorage\fwcd.kotlin\langServerInstall\server\lib\h2-1.4.200.jar;c:\Users\UsEr\AppData\Roaming\Code\User\globalStorage\fwcd.kotlin\langServerInstall\server\lib\jcommander-1.78.jar;c:\Users\UsEr\AppData\Roaming\Code\User\globalStorage\fwcd.kotlin\langServerInstall\server\lib\sqlite-jdbc-3.41.2.1.jar;c:\Users\UsEr\AppData\Roaming\Code\User\globalStorage\fwcd.kotlin\langServerInstall\server\lib\google-java-format-1.8.jar;c:\Users\UsEr\AppData\Roaming\Code\User\globalStorage\fwcd.kotlin\langServerInstall\server\lib\guava-33.3.0-jre.jar;c:\Users\UsEr\AppData\Roaming\Code\User\globalStorage\fwcd.kotlin\langServerInstall\server\lib\annotations-13.0.jar;c:\Users\UsEr\AppData\Roaming\Code\User\globalStorage\fwcd.kotlin\langServerInstall\server\lib\gson-2.10.1.jar;c:\Users\UsEr\AppData\Roaming\Code\User\globalStorage\fwcd.kotlin\langServerInstall\server\lib\kotlin-script-runtime-2.1.0.jar;c:\Users\UsEr\AppData\Roaming\Code\User\globalStorage\fwcd.kotlin\langServerInstall\server\lib\trove4j-1.0.20200330.jar;c:\Users\UsEr\AppData\Roaming\Code\User\globalStorage\fwcd.kotlin\langServerInstall\server\lib\jline-3.24.1.jar;c:\Users\UsEr\AppData\Roaming\Code\User\globalStorage\fwcd.kotlin\langServerInstall\server\lib\slf4j-api-1.7.25.jar;c:\Users\UsEr\AppData\Roaming\Code\User\globalStorage\fwcd.kotlin\langServerInstall\server\lib\jna-4.2.2.jar;c:\Users\UsEr\AppData\Roaming\Code\User\globalStorage\fwcd.kotlin\langServerInstall\server\lib\failureaccess-1.0.2.jar;c:\Users\UsEr\AppData\Roaming\Code\User\globalStorage\fwcd.kotlin\langServerInstall\server\lib\listenablefuture-9999.0-empty-to-avoid-conflict-with-guava.jar;c:\Users\UsEr\AppData\Roaming\Code\User\globalStorage\fwcd.kotlin\langServerInstall\server\lib\jsr305-3.0.2.jar;c:\Users\UsEr\AppData\Roaming\Code\User\globalStorage\fwcd.kotlin\langServerInstall\server\lib\checker-qual-3.43.0.jar;c:\Users\UsEr\AppData\Roaming\Code\User\globalStorage\fwcd.kotlin\langServerInstall\server\lib\error_prone_annotations-2.28.0.jar
PATH=C:\Program Files\Common Files\Oracle\Java\javapath;c:\Users\UsEr\AppData\Local\Programs\cursor\resources\app\bin;C:\Program Files (x86)\Common Files\Intel\Shared Files\cpp\bin\Intel64;C:\Windows\system32;C:\Windows;C:\Windows\System32\Wbem;C:\Windows\System32\WindowsPowerShell\v1.0\;C:\Windows\System32\OpenSSH\;C:\Program Files\Intel\WiFi\bin\;C:\Program Files\Common Files\Intel\WirelessCommon\;C:\Program Files\Git\cmd;C:\msys64\mingw64\bin;C:\Program Files\OpenSSL-Win64;C:\xampp\php;C:\ProgramData\ComposerSetup\bin;C:\Users\UsEr\AppData\Local\Microsoft\WindowsApps;C:\Users\UsEr\AppData\Roaming\Composer\vendor\bin;C:\Users\UsEr\AppData\Roaming\npm;c:\Users\UsEr\AppData\Local\Programs\cursor\resources\app\bin;c:\Users\UsEr\AppData\Local\Programs\cursor\resources\app\bin;C:\Program Files\nodejs\;C:\src\flutter\bin;C:\Program Files\Microsoft VS Code\bin;C:\Users\UsEr\AppData\Local\Packages\PythonSoftwareFoundation.Python.3.11_qbz5n2kfra8p0\LocalCache\local-packages\Python311\site-packages;C:\Users\UsEr\AppData\Local\Programs\Python\Python310\Scripts\;C:\Users\UsEr\AppData\Local\Programs\Python\Python310\;C:\Users\UsEr\AppData\Local\Microsoft\WindowsApps;C:\Users\UsEr\AppData\Roaming\Composer\vendor\bin;C:\Program Files\JetBrains\IntelliJ IDEA Community Edition 2024.2.0.2\bin;C:\Users\UsEr\AppData\Roaming\npm;C:\Users\UsEr\AppData\Local\GitHubDesktop\bin;C:\Windows\System32\WindowsPowerShell\v1.0;C:\src\flutter\bin;C:\Users\UsEr\.lmstudio\bin;C:\Program Files\kotlinc\bin;C:\Users\UsEr\AppData\Local\Programs\cursor\resources\app\bin
USERNAME=UsEr
OS=Windows_NT
PROCESSOR_IDENTIFIER=Intel64 Family 6 Model 142 Stepping 10, GenuineIntel
TMP=C:\Users\UsEr\AppData\Local\Temp
TEMP=C:\Users\UsEr\AppData\Local\Temp




Periodic native trim disabled

---------------  S Y S T E M  ---------------

OS:
 Windows 10 , 64 bit Build 19041 (10.0.19041.5794)
OS uptime: 0 days 16:42 hours

CPU: total 8 (initial active 8) (4 cores per cpu, 2 threads per core) family 6 model 142 stepping 10 microcode 0xb4, cx8, cmov, fxsr, ht, mmx, 3dnowpref, sse, sse2, sse3, ssse3, sse4.1, sse4.2, popcnt, lzcnt, tsc, tscinvbit, avx, avx2, aes, erms, clmul, bmi1, bmi2, rtm, adx, fma, vzeroupper, clflush, clflushopt, rdtscp, f16c
Processor Information for all 8 processors :
  Max Mhz: 1896, Current Mhz: 1696, Mhz Limit: 1687

Memory: 4k page, system-wide physical 7797M (395M free)
TotalPageFile size 19075M (AvailPageFile size 60M)
current process WorkingSet (physical memory assigned to process): 478M, peak: 488M
current process commit charge ("private bytes"): 574M, peak: 863M

vm_info: Java HotSpot(TM) 64-Bit Server VM (22.0.2+9-70) for windows-amd64 JRE (22.0.2+9-70), built on 2024-06-04T16:52:23Z by "mach5one" with MS VC++ 17.6 (VS2022)

END.
