#
# There is insufficient memory for the Java Runtime Environment to continue.
# Native memory allocation (malloc) failed to allocate 1458896 bytes. Error detail: Chunk::new
# Possible reasons:
#   The system is out of physical RAM or swap space
#   This process is running with CompressedOops enabled, and the Java Heap may be blocking the growth of the native heap
# Possible solutions:
#   Reduce memory load on the system
#   Increase physical memory or swap space
#   Check if swap backing store is full
#   Decrease Java heap size (-Xmx/-Xms)
#   Decrease number of Java threads
#   Decrease Java thread stack sizes (-Xss)
#   Set larger code cache with -XX:ReservedCodeCacheSize=
#   JVM is running with Unscaled Compressed Oops mode in which the Java heap is
#     placed in the first 4GB address space. The Java Heap base address is the
#     maximum limit for the native heap growth. Please use -XX:HeapBaseMinAddress
#     to set the Java Heap base and to place the Java Heap above 4GB virtual address.
# This output file may be truncated or incomplete.
#
#  Out of Memory Error (arena.cpp:150), pid=18440, tid=6264
#
# JRE version: Java(TM) SE Runtime Environment (22.0.2+9) (build 22.0.2+9-70)
# Java VM: Java HotSpot(TM) 64-Bit Server VM (22.0.2+9-70, mixed mode, sharing, tiered, compressed oops, compressed class ptrs, g1 gc, windows-amd64)
# No core dump will be written. Minidumps are not enabled by default on client versions of Windows
#

---------------  S U M M A R Y ------------

Command Line: --add-opens=java.base/java.util=ALL-UNNAMED --add-opens=java.base/java.lang=ALL-UNNAMED --add-opens=java.base/java.lang.invoke=ALL-UNNAMED --add-opens=java.prefs/java.util.prefs=ALL-UNNAMED --add-exports=jdk.compiler/com.sun.tools.javac.api=ALL-UNNAMED --add-exports=jdk.compiler/com.sun.tools.javac.util=ALL-UNNAMED --add-opens=java.base/java.nio.charset=ALL-UNNAMED --add-opens=java.base/java.net=ALL-UNNAMED --add-opens=java.base/java.util.concurrent.atomic=ALL-UNNAMED -Xmx2048m -Dfile.encoding=UTF-8 -Duser.country=ID -Duser.language=en -Duser.variant -javaagent:C:\Users\UsEr\.gradle\wrapper\dists\gradle-8.9-bin\90cnw93cvbtalezasaz0blq0a\gradle-8.9\lib\agents\gradle-instrumentation-agent-8.9.jar org.gradle.launcher.daemon.bootstrap.GradleDaemon 8.9

Host: Intel(R) Core(TM) i5-8350U CPU @ 1.70GHz, 8 cores, 7G,  Windows 10 , 64 bit Build 19041 (10.0.19041.5794)
Time: Tue May 13 20:06:02 2025 SE Asia Standard Time elapsed time: 90.709737 seconds (0d 0h 1m 30s)

---------------  T H R E A D  ---------------

Current thread (0x00000238c8c7eca0):  JavaThread "C2 CompilerThread1" daemon [_thread_in_native, id=6264, stack(0x000000e901c00000,0x000000e901d00000) (1024K)]


Current CompileTask:
C2:90710 10721   !   4       java.net.URLClassLoader$1::run (81 bytes)

Stack: [0x000000e901c00000,0x000000e901d00000]
Native frames: (J=compiled Java code, j=interpreted, Vv=VM code, C=native code)
V  [jvm.dll+0x6e26e9]  (no source info available)
V  [jvm.dll+0x875753]  (no source info available)
V  [jvm.dll+0x877b7e]  (no source info available)
V  [jvm.dll+0x878253]  (no source info available)
V  [jvm.dll+0x27fc86]  (no source info available)
V  [jvm.dll+0xc3d0f]  (no source info available)
V  [jvm.dll+0xc3f6b]  (no source info available)
V  [jvm.dll+0x3bb442]  (no source info available)
V  [jvm.dll+0x1df4ac]  (no source info available)
V  [jvm.dll+0x24793c]  (no source info available)
V  [jvm.dll+0x246e9f]  (no source info available)
V  [jvm.dll+0x1c4e80]  (no source info available)
V  [jvm.dll+0x2568f3]  (no source info available)
V  [jvm.dll+0x254baa]  (no source info available)
V  [jvm.dll+0x3f57a6]  (no source info available)
V  [jvm.dll+0x81dc0b]  (no source info available)
V  [jvm.dll+0x6e0d85]  (no source info available)
C  [ucrtbase.dll+0x21bb2]  (no source info available)
C  [KERNEL32.DLL+0x17374]  (no source info available)
C  [ntdll.dll+0x4cc91]  (no source info available)


---------------  P R O C E S S  ---------------

Threads class SMR info:
_java_thread_list=0x00000238c8d755b0, length=42, elements={
0x00000238d5384c60, 0x00000238f1c2b5c0, 0x00000238f1c2c2e0, 0x00000238f1c35ed0,
0x00000238f1c36930, 0x00000238f1c37390, 0x00000238f1c37df0, 0x00000238f1c38b80,
0x00000238f1c3cd00, 0x00000238c5176dd0, 0x00000238c5366010, 0x00000238c5622cb0,
0x00000238c55e3730, 0x00000238c5f32a10, 0x00000238c5f721f0, 0x00000238c605a780,
0x00000238c56bc620, 0x00000238c56be8a0, 0x00000238c56c0970, 0x00000238c56bef30,
0x00000238c56bfc50, 0x00000238c56bf5c0, 0x00000238c56bdb80, 0x00000238c56c02e0,
0x00000238c56bd4f0, 0x00000238c70d6240, 0x00000238c70d7c80, 0x00000238c70d5520,
0x00000238c70d8310, 0x00000238c70d89a0, 0x00000238c70d68d0, 0x00000238c70d75f0,
0x00000238c9c611a0, 0x00000238c9c63900, 0x00000238c9c65340, 0x00000238c9c666f0,
0x00000238c9c62550, 0x00000238c9c659d0, 0x00000238c9c64620, 0x00000238c9c64cb0,
0x00000238c9c687c0, 0x00000238c8c7eca0
}

Java Threads: ( => current thread )
  0x00000238d5384c60 JavaThread "main"                              [_thread_blocked, id=20688, stack(0x000000e97e300000,0x000000e97e400000) (1024K)]
  0x00000238f1c2b5c0 JavaThread "Reference Handler"          daemon [_thread_blocked, id=13920, stack(0x000000e97ec00000,0x000000e97ed00000) (1024K)]
  0x00000238f1c2c2e0 JavaThread "Finalizer"                  daemon [_thread_blocked, id=20180, stack(0x000000e97ed00000,0x000000e97ee00000) (1024K)]
  0x00000238f1c35ed0 JavaThread "Signal Dispatcher"          daemon [_thread_blocked, id=12628, stack(0x000000e97ee00000,0x000000e97ef00000) (1024K)]
  0x00000238f1c36930 JavaThread "Attach Listener"            daemon [_thread_blocked, id=19980, stack(0x000000e97ef00000,0x000000e97f000000) (1024K)]
  0x00000238f1c37390 JavaThread "Service Thread"             daemon [_thread_blocked, id=13964, stack(0x000000e97f000000,0x000000e97f100000) (1024K)]
  0x00000238f1c37df0 JavaThread "Monitor Deflation Thread"   daemon [_thread_blocked, id=12108, stack(0x000000e97f100000,0x000000e97f200000) (1024K)]
  0x00000238f1c38b80 JavaThread "C2 CompilerThread0"         daemon [_thread_in_native, id=16048, stack(0x000000e97f200000,0x000000e97f300000) (1024K)]
  0x00000238f1c3cd00 JavaThread "C1 CompilerThread0"         daemon [_thread_blocked, id=19580, stack(0x000000e97f300000,0x000000e97f400000) (1024K)]
  0x00000238c5176dd0 JavaThread "Common-Cleaner"             daemon [_thread_blocked, id=5376, stack(0x000000e97f400000,0x000000e97f500000) (1024K)]
  0x00000238c5366010 JavaThread "Notification Thread"        daemon [_thread_blocked, id=19656, stack(0x000000e97f500000,0x000000e97f600000) (1024K)]
  0x00000238c5622cb0 JavaThread "Daemon health stats"               [_thread_blocked, id=10912, stack(0x000000e97fa00000,0x000000e97fb00000) (1024K)]
  0x00000238c55e3730 JavaThread "Incoming local TCP Connector on port 65437"        [_thread_in_native, id=16252, stack(0x000000e97fb00000,0x000000e97fc00000) (1024K)]
  0x00000238c5f32a10 JavaThread "Daemon periodic checks"            [_thread_blocked, id=13576, stack(0x000000e97fc00000,0x000000e97fd00000) (1024K)]
  0x00000238c5f721f0 JavaThread "Daemon"                            [_thread_blocked, id=18572, stack(0x000000e97fd00000,0x000000e97fe00000) (1024K)]
  0x00000238c605a780 JavaThread "Handler for socket connection from /127.0.0.1:65437 to /127.0.0.1:65438"        [_thread_in_native, id=2516, stack(0x000000e97fe00000,0x000000e97ff00000) (1024K)]
  0x00000238c56bc620 JavaThread "Cancel handler"                    [_thread_blocked, id=21828, stack(0x000000e97ff00000,0x000000e980000000) (1024K)]
  0x00000238c56be8a0 JavaThread "Daemon worker"                     [_thread_in_Java, id=8596, stack(0x000000e900000000,0x000000e900100000) (1024K)]
  0x00000238c56c0970 JavaThread "Asynchronous log dispatcher for DefaultDaemonConnection: socket connection from /127.0.0.1:65437 to /127.0.0.1:65438"        [_thread_blocked, id=884, stack(0x000000e900100000,0x000000e900200000) (1024K)]
  0x00000238c56bef30 JavaThread "Stdin handler"                     [_thread_blocked, id=11068, stack(0x000000e900200000,0x000000e900300000) (1024K)]
  0x00000238c56bfc50 JavaThread "Daemon client event forwarder"        [_thread_blocked, id=22332, stack(0x000000e900300000,0x000000e900400000) (1024K)]
  0x00000238c56bf5c0 JavaThread "Cache worker for journal cache (C:\Users\UsEr\.gradle\caches\journal-1)"        [_thread_blocked, id=14692, stack(0x000000e900700000,0x000000e900800000) (1024K)]
  0x00000238c56bdb80 JavaThread "File lock request listener"        [_thread_in_native, id=20600, stack(0x000000e900800000,0x000000e900900000) (1024K)]
  0x00000238c56c02e0 JavaThread "Cache worker for file hash cache (C:\Users\UsEr\.gradle\caches\8.9\fileHashes)"        [_thread_blocked, id=17708, stack(0x000000e900900000,0x000000e900a00000) (1024K)]
  0x00000238c56bd4f0 JavaThread "File lock release action executor"        [_thread_blocked, id=21892, stack(0x000000e900a00000,0x000000e900b00000) (1024K)]
  0x00000238c70d6240 JavaThread "Cache worker for file hash cache (C:\Users\UsEr\AndroidStudioProjects\undistract-mobileapps\.gradle\8.9\fileHashes)"        [_thread_blocked, id=13648, stack(0x000000e900d00000,0x000000e900e00000) (1024K)]
  0x00000238c70d7c80 JavaThread "Cache worker for Build Output Cleanup Cache (C:\Users\UsEr\AndroidStudioProjects\undistract-mobileapps\.gradle\buildOutputCleanup)"        [_thread_blocked, id=15216, stack(0x000000e900e00000,0x000000e900f00000) (1024K)]
  0x00000238c70d5520 JavaThread "File watcher server"        daemon [_thread_in_native, id=11556, stack(0x000000e900b00000,0x000000e900c00000) (1024K)]
  0x00000238c70d8310 JavaThread "File watcher consumer"      daemon [_thread_blocked, id=8844, stack(0x000000e900f00000,0x000000e901000000) (1024K)]
  0x00000238c70d89a0 JavaThread "jar transforms"                    [_thread_blocked, id=3000, stack(0x000000e901000000,0x000000e901100000) (1024K)]
  0x00000238c70d68d0 JavaThread "jar transforms Thread 2"           [_thread_blocked, id=1328, stack(0x000000e901100000,0x000000e901200000) (1024K)]
  0x00000238c70d75f0 JavaThread "jar transforms Thread 3"           [_thread_blocked, id=18292, stack(0x000000e901200000,0x000000e901300000) (1024K)]
  0x00000238c9c611a0 JavaThread "Cache worker for checksums cache (C:\Users\UsEr\AndroidStudioProjects\undistract-mobileapps\.gradle\8.9\checksums)"        [_thread_blocked, id=17744, stack(0x000000e901300000,0x000000e901400000) (1024K)]
  0x00000238c9c63900 JavaThread "Cache worker for file content cache (C:\Users\UsEr\.gradle\caches\8.9\fileContent)"        [_thread_blocked, id=10836, stack(0x000000e901400000,0x000000e901500000) (1024K)]
  0x00000238c9c65340 JavaThread "Cache worker for cache directory md-rule (C:\Users\UsEr\.gradle\caches\8.9\md-rule)"        [_thread_blocked, id=12676, stack(0x000000e901500000,0x000000e901600000) (1024K)]
  0x00000238c9c666f0 JavaThread "Cache worker for cache directory md-supplier (C:\Users\UsEr\.gradle\caches\8.9\md-supplier)"        [_thread_blocked, id=12920, stack(0x000000e901600000,0x000000e901700000) (1024K)]
  0x00000238c9c62550 JavaThread "jar transforms Thread 4"           [_thread_blocked, id=17600, stack(0x000000e901700000,0x000000e901800000) (1024K)]
  0x00000238c9c659d0 JavaThread "jar transforms Thread 5"           [_thread_blocked, id=4420, stack(0x000000e901800000,0x000000e901900000) (1024K)]
  0x00000238c9c64620 JavaThread "jar transforms Thread 6"           [_thread_blocked, id=8340, stack(0x000000e901900000,0x000000e901a00000) (1024K)]
  0x00000238c9c64cb0 JavaThread "jar transforms Thread 7"           [_thread_blocked, id=14068, stack(0x000000e901a00000,0x000000e901b00000) (1024K)]
  0x00000238c9c687c0 JavaThread "jar transforms Thread 8"           [_thread_blocked, id=21324, stack(0x000000e901b00000,0x000000e901c00000) (1024K)]
=>0x00000238c8c7eca0 JavaThread "C2 CompilerThread1"         daemon [_thread_in_native, id=6264, stack(0x000000e901c00000,0x000000e901d00000) (1024K)]
Total: 42

Other Threads:
  0x00000238f1c114f0 VMThread "VM Thread"                           [id=14368, stack(0x000000e97eb00000,0x000000e97ec00000) (1024K)]
  0x00000238f1bf8d60 WatcherThread "VM Periodic Task Thread"        [id=13824, stack(0x000000e97ea00000,0x000000e97eb00000) (1024K)]
  0x00000238d53e0da0 WorkerThread "GC Thread#0"                     [id=18940, stack(0x000000e97e500000,0x000000e97e600000) (1024K)]
  0x00000238c593c200 WorkerThread "GC Thread#1"                     [id=16960, stack(0x000000e97f600000,0x000000e97f700000) (1024K)]
  0x00000238c5bc3560 WorkerThread "GC Thread#2"                     [id=12500, stack(0x000000e97f700000,0x000000e97f800000) (1024K)]
  0x00000238c5bc3910 WorkerThread "GC Thread#3"                     [id=8000, stack(0x000000e97f800000,0x000000e97f900000) (1024K)]
  0x00000238c5c68f10 WorkerThread "GC Thread#4"                     [id=13552, stack(0x000000e97f900000,0x000000e97fa00000) (1024K)]
  0x00000238c6dcaf90 WorkerThread "GC Thread#5"                     [id=10916, stack(0x000000e900400000,0x000000e900500000) (1024K)]
  0x00000238c6dcb6f0 WorkerThread "GC Thread#6"                     [id=1720, stack(0x000000e900500000,0x000000e900600000) (1024K)]
  0x00000238c6dcbaa0 WorkerThread "GC Thread#7"                     [id=22084, stack(0x000000e900600000,0x000000e900700000) (1024K)]
  0x00000238d53f1d90 ConcurrentGCThread "G1 Main Marker"            [id=15608, stack(0x000000e97e600000,0x000000e97e700000) (1024K)]
  0x00000238d53f30b0 WorkerThread "G1 Conc#0"                       [id=14332, stack(0x000000e97e700000,0x000000e97e800000) (1024K)]
  0x00000238c70d2020 WorkerThread "G1 Conc#1"                       [id=6488, stack(0x000000e900c00000,0x000000e900d00000) (1024K)]
  0x00000238d544eb30 ConcurrentGCThread "G1 Refine#0"               [id=11176, stack(0x000000e97e800000,0x000000e97e900000) (1024K)]
  0x00000238f1acd770 ConcurrentGCThread "G1 Service"                [id=496, stack(0x000000e97e900000,0x000000e97ea00000) (1024K)]
Total: 15

Threads with active compile tasks:
C2 CompilerThread0  90901 10718       4       java.net.URLClassLoader$1::run (5 bytes)
C1 CompilerThread0  90901 11079       1       org.jetbrains.kotlin.load.java.structure.JavaAnnotation::isIdeExternalAnnotation (2 bytes)
C2 CompilerThread1  90901 10721   !   4       java.net.URLClassLoader$1::run (81 bytes)
Total: 3

VM state: not at safepoint (normal execution)

VM Mutex/Monitor currently owned by a thread: None

Heap address: 0x0000000080000000, size: 2048 MB, Compressed Oops mode: 32-bit

CDS archive(s) mapped at: [0x0000023880000000-0x0000023880c60000-0x0000023880c60000), size 12976128, SharedBaseAddress: 0x0000023880000000, ArchiveRelocationMode: 1.
Compressed class space mapped at: 0x0000023881000000-0x00000238c1000000, reserved size: 1073741824
Narrow klass base: 0x0000023880000000, Narrow klass shift: 0, Narrow klass range: 0x41000000

GC Precious Log:
 CardTable entry size: 512
 Card Set container configuration: InlinePtr #cards 5 size 8 Array Of Cards #cards 12 size 40 Howl #buckets 4 coarsen threshold 1843 Howl Bitmap #cards 512 size 80 coarsen threshold 460 Card regions per heap region 1 cards per card region 2048
 CPUs: 8 total, 8 available
 Memory: 7797M
 Large Page Support: Disabled
 NUMA Support: Disabled
 Compressed Oops: Enabled (32-bit)
 Heap Region Size: 1M
 Heap Min Capacity: 8M
 Heap Initial Capacity: 122M
 Heap Max Capacity: 2G
 Pre-touch: Disabled
 Parallel Workers: 8
 Concurrent Workers: 2
 Concurrent Refinement Workers: 8
 Periodic GC: Disabled

Heap:
 garbage-first heap   total reserved 2097152K, committed 173056K, used 108347K [0x0000000080000000, 0x0000000100000000)
  region size 1024K, 8 young (8192K), 3 survivors (3072K)
 Metaspace       used 111361K, committed 113664K, reserved 1179648K
  class space    used 14877K, committed 16000K, reserved 1048576K

Heap Regions: E=young(eden), S=young(survivor), O=old, HS=humongous(starts), HC=humongous(continues), CS=collection set, F=free, TAMS=top-at-mark-start, PB=parsable bottom
|   0|0x0000000080000000, 0x0000000080100000, 0x0000000080100000|100%|HS|  |TAMS 0x0000000080000000| PB 0x0000000080000000| Complete |  0
|   1|0x0000000080100000, 0x0000000080200000, 0x0000000080200000|100%|HC|  |TAMS 0x0000000080100000| PB 0x0000000080100000| Complete |  0
|   2|0x0000000080200000, 0x0000000080300000, 0x0000000080300000|100%|HC|  |TAMS 0x0000000080200000| PB 0x0000000080200000| Complete |  0
|   3|0x0000000080300000, 0x0000000080400000, 0x0000000080400000|100%|HC|  |TAMS 0x0000000080300000| PB 0x0000000080300000| Complete |  0
|   4|0x0000000080400000, 0x0000000080500000, 0x0000000080500000|100%| O|  |TAMS 0x0000000080400000| PB 0x0000000080400000| Untracked |  0
|   5|0x0000000080500000, 0x0000000080600000, 0x0000000080600000|100%| O|  |TAMS 0x0000000080500000| PB 0x0000000080500000| Untracked |  0
|   6|0x0000000080600000, 0x0000000080700000, 0x0000000080700000|100%| O|  |TAMS 0x0000000080600000| PB 0x0000000080600000| Untracked |  0
|   7|0x0000000080700000, 0x0000000080800000, 0x0000000080800000|100%| O|  |TAMS 0x0000000080700000| PB 0x0000000080700000| Untracked |  0
|   8|0x0000000080800000, 0x0000000080900000, 0x0000000080900000|100%| O|  |TAMS 0x0000000080800000| PB 0x0000000080800000| Untracked |  0
|   9|0x0000000080900000, 0x0000000080a00000, 0x0000000080a00000|100%| O|  |TAMS 0x0000000080900000| PB 0x0000000080900000| Untracked |  0
|  10|0x0000000080a00000, 0x0000000080b00000, 0x0000000080b00000|100%| O|  |TAMS 0x0000000080a00000| PB 0x0000000080a00000| Untracked |  0
|  11|0x0000000080b00000, 0x0000000080c00000, 0x0000000080c00000|100%|HS|  |TAMS 0x0000000080b00000| PB 0x0000000080b00000| Complete |  0
|  12|0x0000000080c00000, 0x0000000080d00000, 0x0000000080d00000|100%| O|  |TAMS 0x0000000080c00000| PB 0x0000000080c00000| Untracked |  0
|  13|0x0000000080d00000, 0x0000000080e00000, 0x0000000080e00000|100%| O|  |TAMS 0x0000000080d00000| PB 0x0000000080d00000| Untracked |  0
|  14|0x0000000080e00000, 0x0000000080f00000, 0x0000000080f00000|100%| O|  |TAMS 0x0000000080e00000| PB 0x0000000080e00000| Untracked |  0
|  15|0x0000000080f00000, 0x0000000081000000, 0x0000000081000000|100%| O|  |TAMS 0x0000000080f00000| PB 0x0000000080f00000| Untracked |  0
|  16|0x0000000081000000, 0x0000000081100000, 0x0000000081100000|100%| O|  |TAMS 0x0000000081000000| PB 0x0000000081000000| Untracked |  0
|  17|0x0000000081100000, 0x0000000081200000, 0x0000000081200000|100%| O|  |TAMS 0x0000000081100000| PB 0x0000000081100000| Untracked |  0
|  18|0x0000000081200000, 0x0000000081300000, 0x0000000081300000|100%| O|  |TAMS 0x0000000081200000| PB 0x0000000081200000| Untracked |  0
|  19|0x0000000081300000, 0x0000000081400000, 0x0000000081400000|100%| O|  |TAMS 0x0000000081300000| PB 0x0000000081300000| Untracked |  0
|  20|0x0000000081400000, 0x0000000081500000, 0x0000000081500000|100%| O|  |TAMS 0x0000000081400000| PB 0x0000000081400000| Untracked |  0
|  21|0x0000000081500000, 0x0000000081600000, 0x0000000081600000|100%| O|  |TAMS 0x0000000081500000| PB 0x0000000081500000| Untracked |  0
|  22|0x0000000081600000, 0x0000000081700000, 0x0000000081700000|100%| O|  |TAMS 0x0000000081600000| PB 0x0000000081600000| Untracked |  0
|  23|0x0000000081700000, 0x0000000081800000, 0x0000000081800000|100%| O|  |TAMS 0x0000000081700000| PB 0x0000000081700000| Untracked |  0
|  24|0x0000000081800000, 0x0000000081900000, 0x0000000081900000|100%| O|  |TAMS 0x0000000081800000| PB 0x0000000081800000| Untracked |  0
|  25|0x0000000081900000, 0x0000000081a00000, 0x0000000081a00000|100%| O|  |TAMS 0x0000000081900000| PB 0x0000000081900000| Untracked |  0
|  26|0x0000000081a00000, 0x0000000081b00000, 0x0000000081b00000|100%| O|  |TAMS 0x0000000081a00000| PB 0x0000000081a00000| Untracked |  0
|  27|0x0000000081b00000, 0x0000000081c00000, 0x0000000081c00000|100%| O|  |TAMS 0x0000000081b00000| PB 0x0000000081b00000| Untracked |  0
|  28|0x0000000081c00000, 0x0000000081d00000, 0x0000000081d00000|100%| O|  |TAMS 0x0000000081c00000| PB 0x0000000081c00000| Untracked |  0
|  29|0x0000000081d00000, 0x0000000081e00000, 0x0000000081e00000|100%| O|  |TAMS 0x0000000081d00000| PB 0x0000000081d00000| Untracked |  0
|  30|0x0000000081e00000, 0x0000000081f00000, 0x0000000081f00000|100%| O|  |TAMS 0x0000000081e00000| PB 0x0000000081e00000| Untracked |  0
|  31|0x0000000081f00000, 0x0000000082000000, 0x0000000082000000|100%| O|  |TAMS 0x0000000081f00000| PB 0x0000000081f00000| Untracked |  0
|  32|0x0000000082000000, 0x0000000082100000, 0x0000000082100000|100%| O|  |TAMS 0x0000000082000000| PB 0x0000000082000000| Untracked |  0
|  33|0x0000000082100000, 0x0000000082200000, 0x0000000082200000|100%| O|  |TAMS 0x0000000082100000| PB 0x0000000082100000| Untracked |  0
|  34|0x0000000082200000, 0x0000000082300000, 0x0000000082300000|100%| O|  |TAMS 0x0000000082200000| PB 0x0000000082200000| Untracked |  0
|  35|0x0000000082300000, 0x0000000082400000, 0x0000000082400000|100%| O|  |TAMS 0x0000000082300000| PB 0x0000000082300000| Untracked |  0
|  36|0x0000000082400000, 0x0000000082500000, 0x0000000082500000|100%| O|  |TAMS 0x0000000082400000| PB 0x0000000082400000| Untracked |  0
|  37|0x0000000082500000, 0x0000000082600000, 0x0000000082600000|100%| O|  |TAMS 0x0000000082500000| PB 0x0000000082500000| Untracked |  0
|  38|0x0000000082600000, 0x0000000082700000, 0x0000000082700000|100%|HS|  |TAMS 0x0000000082600000| PB 0x0000000082600000| Complete |  0
|  39|0x0000000082700000, 0x0000000082800000, 0x0000000082800000|100%| O|  |TAMS 0x0000000082700000| PB 0x0000000082700000| Untracked |  0
|  40|0x0000000082800000, 0x0000000082900000, 0x0000000082900000|100%| O|  |TAMS 0x0000000082800000| PB 0x0000000082800000| Untracked |  0
|  41|0x0000000082900000, 0x0000000082a00000, 0x0000000082a00000|100%| O|  |TAMS 0x0000000082900000| PB 0x0000000082900000| Untracked |  0
|  42|0x0000000082a00000, 0x0000000082b00000, 0x0000000082b00000|100%|HS|  |TAMS 0x0000000082a00000| PB 0x0000000082a00000| Complete |  0
|  43|0x0000000082b00000, 0x0000000082c00000, 0x0000000082c00000|100%|HC|  |TAMS 0x0000000082b00000| PB 0x0000000082b00000| Complete |  0
|  44|0x0000000082c00000, 0x0000000082d00000, 0x0000000082d00000|100%|HC|  |TAMS 0x0000000082c00000| PB 0x0000000082c00000| Complete |  0
|  45|0x0000000082d00000, 0x0000000082e00000, 0x0000000082e00000|100%|HC|  |TAMS 0x0000000082d00000| PB 0x0000000082d00000| Complete |  0
|  46|0x0000000082e00000, 0x0000000082f00000, 0x0000000082f00000|100%|HC|  |TAMS 0x0000000082e00000| PB 0x0000000082e00000| Complete |  0
|  47|0x0000000082f00000, 0x0000000083000000, 0x0000000083000000|100%|HC|  |TAMS 0x0000000082f00000| PB 0x0000000082f00000| Complete |  0
|  48|0x0000000083000000, 0x0000000083100000, 0x0000000083100000|100%| O|  |TAMS 0x0000000083000000| PB 0x0000000083000000| Untracked |  0
|  49|0x0000000083100000, 0x0000000083200000, 0x0000000083200000|100%| O|  |TAMS 0x0000000083100000| PB 0x0000000083100000| Untracked |  0
|  50|0x0000000083200000, 0x0000000083300000, 0x0000000083300000|100%| O|  |TAMS 0x0000000083200000| PB 0x0000000083200000| Untracked |  0
|  51|0x0000000083300000, 0x0000000083400000, 0x0000000083400000|100%| O|  |TAMS 0x0000000083300000| PB 0x0000000083300000| Untracked |  0
|  52|0x0000000083400000, 0x0000000083500000, 0x0000000083500000|100%| O|  |TAMS 0x0000000083400000| PB 0x0000000083400000| Untracked |  0
|  53|0x0000000083500000, 0x0000000083600000, 0x0000000083600000|100%| O|  |TAMS 0x0000000083500000| PB 0x0000000083500000| Untracked |  0
|  54|0x0000000083600000, 0x0000000083700000, 0x0000000083700000|100%| O|Cm|TAMS 0x0000000083600000| PB 0x0000000083600000| Complete |  0
|  55|0x0000000083700000, 0x0000000083800000, 0x0000000083800000|100%| O|  |TAMS 0x0000000083700000| PB 0x0000000083700000| Untracked |  0
|  56|0x0000000083800000, 0x0000000083900000, 0x0000000083900000|100%| O|  |TAMS 0x0000000083800000| PB 0x0000000083800000| Untracked |  0
|  57|0x0000000083900000, 0x0000000083a00000, 0x0000000083a00000|100%| O|  |TAMS 0x0000000083900000| PB 0x0000000083900000| Untracked |  0
|  58|0x0000000083a00000, 0x0000000083b00000, 0x0000000083b00000|100%| O|Cm|TAMS 0x0000000083a00000| PB 0x0000000083a00000| Complete |  0
|  59|0x0000000083b00000, 0x0000000083c00000, 0x0000000083c00000|100%| O|  |TAMS 0x0000000083b00000| PB 0x0000000083b00000| Untracked |  0
|  60|0x0000000083c00000, 0x0000000083d00000, 0x0000000083d00000|100%| O|Cm|TAMS 0x0000000083c00000| PB 0x0000000083c00000| Complete |  0
|  61|0x0000000083d00000, 0x0000000083e00000, 0x0000000083e00000|100%| O|Cm|TAMS 0x0000000083d00000| PB 0x0000000083d00000| Complete |  0
|  62|0x0000000083e00000, 0x0000000083f00000, 0x0000000083f00000|100%| O|  |TAMS 0x0000000083e00000| PB 0x0000000083e00000| Untracked |  0
|  63|0x0000000083f00000, 0x0000000084000000, 0x0000000084000000|100%| O|  |TAMS 0x0000000083f00000| PB 0x0000000083f00000| Untracked |  0
|  64|0x0000000084000000, 0x0000000084100000, 0x0000000084100000|100%| O|Cm|TAMS 0x0000000084000000| PB 0x0000000084000000| Complete |  0
|  65|0x0000000084100000, 0x0000000084200000, 0x0000000084200000|100%| O|  |TAMS 0x0000000084100000| PB 0x0000000084100000| Untracked |  0
|  66|0x0000000084200000, 0x0000000084300000, 0x0000000084300000|100%| O|  |TAMS 0x0000000084200000| PB 0x0000000084200000| Untracked |  0
|  67|0x0000000084300000, 0x0000000084400000, 0x0000000084400000|100%| O|  |TAMS 0x0000000084300000| PB 0x0000000084300000| Untracked |  0
|  68|0x0000000084400000, 0x0000000084500000, 0x0000000084500000|100%| O|  |TAMS 0x0000000084400000| PB 0x0000000084400000| Untracked |  0
|  69|0x0000000084500000, 0x0000000084600000, 0x0000000084600000|100%| O|Cm|TAMS 0x0000000084500000| PB 0x0000000084500000| Complete |  0
|  70|0x0000000084600000, 0x0000000084700000, 0x0000000084700000|100%| O|  |TAMS 0x0000000084600000| PB 0x0000000084600000| Untracked |  0
|  71|0x0000000084700000, 0x0000000084800000, 0x0000000084800000|100%| O|  |TAMS 0x0000000084700000| PB 0x0000000084700000| Untracked |  0
|  72|0x0000000084800000, 0x0000000084900000, 0x0000000084900000|100%| O|  |TAMS 0x0000000084800000| PB 0x0000000084800000| Untracked |  0
|  73|0x0000000084900000, 0x0000000084a00000, 0x0000000084a00000|100%| O|  |TAMS 0x0000000084900000| PB 0x0000000084900000| Untracked |  0
|  74|0x0000000084a00000, 0x0000000084b00000, 0x0000000084b00000|100%| O|  |TAMS 0x0000000084a00000| PB 0x0000000084a00000| Untracked |  0
|  75|0x0000000084b00000, 0x0000000084c00000, 0x0000000084c00000|100%| O|  |TAMS 0x0000000084b00000| PB 0x0000000084b00000| Untracked |  0
|  76|0x0000000084c00000, 0x0000000084d00000, 0x0000000084d00000|100%| O|  |TAMS 0x0000000084c00000| PB 0x0000000084c00000| Untracked |  0
|  77|0x0000000084d00000, 0x0000000084e00000, 0x0000000084e00000|100%| O|  |TAMS 0x0000000084d00000| PB 0x0000000084d00000| Untracked |  0
|  78|0x0000000084e00000, 0x0000000084f00000, 0x0000000084f00000|100%| O|  |TAMS 0x0000000084e00000| PB 0x0000000084e00000| Untracked |  0
|  79|0x0000000084f00000, 0x0000000085000000, 0x0000000085000000|100%| O|  |TAMS 0x0000000084f00000| PB 0x0000000084f00000| Untracked |  0
|  80|0x0000000085000000, 0x0000000085100000, 0x0000000085100000|100%| O|  |TAMS 0x0000000085000000| PB 0x0000000085000000| Untracked |  0
|  81|0x0000000085100000, 0x0000000085200000, 0x0000000085200000|100%| O|  |TAMS 0x0000000085100000| PB 0x0000000085100000| Untracked |  0
|  82|0x0000000085200000, 0x0000000085300000, 0x0000000085300000|100%| O|  |TAMS 0x0000000085200000| PB 0x0000000085200000| Untracked |  0
|  83|0x0000000085300000, 0x0000000085400000, 0x0000000085400000|100%| O|  |TAMS 0x0000000085300000| PB 0x0000000085300000| Untracked |  0
|  84|0x0000000085400000, 0x0000000085500000, 0x0000000085500000|100%| O|  |TAMS 0x0000000085400000| PB 0x0000000085400000| Untracked |  0
|  85|0x0000000085500000, 0x0000000085600000, 0x0000000085600000|100%| O|  |TAMS 0x0000000085500000| PB 0x0000000085500000| Untracked |  0
|  86|0x0000000085600000, 0x0000000085700000, 0x0000000085700000|100%| O|  |TAMS 0x0000000085600000| PB 0x0000000085600000| Untracked |  0
|  87|0x0000000085700000, 0x0000000085700000, 0x0000000085800000|  0%| F|  |TAMS 0x0000000085700000| PB 0x0000000085700000| Untracked |  0
|  88|0x0000000085800000, 0x0000000085900000, 0x0000000085900000|100%| O|  |TAMS 0x0000000085800000| PB 0x0000000085800000| Untracked |  0
|  89|0x0000000085900000, 0x0000000085a00000, 0x0000000085a00000|100%| O|  |TAMS 0x0000000085900000| PB 0x0000000085900000| Untracked |  0
|  90|0x0000000085a00000, 0x0000000085b00000, 0x0000000085b00000|100%| O|  |TAMS 0x0000000085a00000| PB 0x0000000085a00000| Untracked |  0
|  91|0x0000000085b00000, 0x0000000085c00000, 0x0000000085c00000|100%| O|  |TAMS 0x0000000085b00000| PB 0x0000000085b00000| Untracked |  0
|  92|0x0000000085c00000, 0x0000000085c7a520, 0x0000000085d00000| 47%| O|  |TAMS 0x0000000085c00000| PB 0x0000000085c00000| Untracked |  0
|  93|0x0000000085d00000, 0x0000000085d00000, 0x0000000085e00000|  0%| F|  |TAMS 0x0000000085d00000| PB 0x0000000085d00000| Untracked |  0
|  94|0x0000000085e00000, 0x0000000085f00000, 0x0000000085f00000|100%| O|  |TAMS 0x0000000085e00000| PB 0x0000000085e00000| Untracked |  0
|  95|0x0000000085f00000, 0x0000000085f00000, 0x0000000086000000|  0%| F|  |TAMS 0x0000000085f00000| PB 0x0000000085f00000| Untracked |  0
|  96|0x0000000086000000, 0x0000000086000000, 0x0000000086100000|  0%| F|  |TAMS 0x0000000086000000| PB 0x0000000086000000| Untracked |  0
|  97|0x0000000086100000, 0x0000000086100000, 0x0000000086200000|  0%| F|  |TAMS 0x0000000086100000| PB 0x0000000086100000| Untracked |  0
|  98|0x0000000086200000, 0x0000000086200000, 0x0000000086300000|  0%| F|  |TAMS 0x0000000086200000| PB 0x0000000086200000| Untracked |  0
|  99|0x0000000086300000, 0x0000000086300000, 0x0000000086400000|  0%| F|  |TAMS 0x0000000086300000| PB 0x0000000086300000| Untracked |  0
| 100|0x0000000086400000, 0x0000000086400000, 0x0000000086500000|  0%| F|  |TAMS 0x0000000086400000| PB 0x0000000086400000| Untracked |  0
| 101|0x0000000086500000, 0x0000000086500000, 0x0000000086600000|  0%| F|  |TAMS 0x0000000086500000| PB 0x0000000086500000| Untracked |  0
| 102|0x0000000086600000, 0x0000000086600000, 0x0000000086700000|  0%| F|  |TAMS 0x0000000086600000| PB 0x0000000086600000| Untracked |  0
| 103|0x0000000086700000, 0x0000000086700000, 0x0000000086800000|  0%| F|  |TAMS 0x0000000086700000| PB 0x0000000086700000| Untracked |  0
| 104|0x0000000086800000, 0x0000000086800000, 0x0000000086900000|  0%| F|  |TAMS 0x0000000086800000| PB 0x0000000086800000| Untracked |  0
| 105|0x0000000086900000, 0x0000000086900000, 0x0000000086a00000|  0%| F|  |TAMS 0x0000000086900000| PB 0x0000000086900000| Untracked |  0
| 106|0x0000000086a00000, 0x0000000086a00000, 0x0000000086b00000|  0%| F|  |TAMS 0x0000000086a00000| PB 0x0000000086a00000| Untracked |  0
| 107|0x0000000086b00000, 0x0000000086b00000, 0x0000000086c00000|  0%| F|  |TAMS 0x0000000086b00000| PB 0x0000000086b00000| Untracked |  0
| 108|0x0000000086c00000, 0x0000000086c00000, 0x0000000086d00000|  0%| F|  |TAMS 0x0000000086c00000| PB 0x0000000086c00000| Untracked |  0
| 109|0x0000000086d00000, 0x0000000086d00000, 0x0000000086e00000|  0%| F|  |TAMS 0x0000000086d00000| PB 0x0000000086d00000| Untracked |  0
| 110|0x0000000086e00000, 0x0000000086e00000, 0x0000000086f00000|  0%| F|  |TAMS 0x0000000086e00000| PB 0x0000000086e00000| Untracked |  0
| 111|0x0000000086f00000, 0x0000000086f00000, 0x0000000087000000|  0%| F|  |TAMS 0x0000000086f00000| PB 0x0000000086f00000| Untracked |  0
| 112|0x0000000087000000, 0x0000000087000000, 0x0000000087100000|  0%| F|  |TAMS 0x0000000087000000| PB 0x0000000087000000| Untracked |  0
| 113|0x0000000087100000, 0x0000000087100000, 0x0000000087200000|  0%| F|  |TAMS 0x0000000087100000| PB 0x0000000087100000| Untracked |  0
| 114|0x0000000087200000, 0x0000000087200000, 0x0000000087300000|  0%| F|  |TAMS 0x0000000087200000| PB 0x0000000087200000| Untracked |  0
| 115|0x0000000087300000, 0x0000000087300000, 0x0000000087400000|  0%| F|  |TAMS 0x0000000087300000| PB 0x0000000087300000| Untracked |  0
| 116|0x0000000087400000, 0x0000000087400000, 0x0000000087500000|  0%| F|  |TAMS 0x0000000087400000| PB 0x0000000087400000| Untracked |  0
| 117|0x0000000087500000, 0x0000000087500000, 0x0000000087600000|  0%| F|  |TAMS 0x0000000087500000| PB 0x0000000087500000| Untracked |  0
| 118|0x0000000087600000, 0x0000000087600000, 0x0000000087700000|  0%| F|  |TAMS 0x0000000087600000| PB 0x0000000087600000| Untracked |  0
| 119|0x0000000087700000, 0x0000000087700000, 0x0000000087800000|  0%| F|  |TAMS 0x0000000087700000| PB 0x0000000087700000| Untracked |  0
| 120|0x0000000087800000, 0x0000000087800000, 0x0000000087900000|  0%| F|  |TAMS 0x0000000087800000| PB 0x0000000087800000| Untracked |  0
| 121|0x0000000087900000, 0x0000000087900000, 0x0000000087a00000|  0%| F|  |TAMS 0x0000000087900000| PB 0x0000000087900000| Untracked |  0
| 122|0x0000000087a00000, 0x0000000087a00000, 0x0000000087b00000|  0%| F|  |TAMS 0x0000000087a00000| PB 0x0000000087a00000| Untracked |  0
| 123|0x0000000087b00000, 0x0000000087b00000, 0x0000000087c00000|  0%| F|  |TAMS 0x0000000087b00000| PB 0x0000000087b00000| Untracked |  0
| 124|0x0000000087c00000, 0x0000000087c00000, 0x0000000087d00000|  0%| F|  |TAMS 0x0000000087c00000| PB 0x0000000087c00000| Untracked |  0
| 125|0x0000000087d00000, 0x0000000087d00000, 0x0000000087e00000|  0%| F|  |TAMS 0x0000000087d00000| PB 0x0000000087d00000| Untracked |  0
| 126|0x0000000087e00000, 0x0000000087e00000, 0x0000000087f00000|  0%| F|  |TAMS 0x0000000087e00000| PB 0x0000000087e00000| Untracked |  0
| 127|0x0000000087f00000, 0x0000000087f00000, 0x0000000088000000|  0%| F|  |TAMS 0x0000000087f00000| PB 0x0000000087f00000| Untracked |  0
| 128|0x0000000088000000, 0x0000000088000000, 0x0000000088100000|  0%| F|  |TAMS 0x0000000088000000| PB 0x0000000088000000| Untracked |  0
| 129|0x0000000088100000, 0x0000000088100000, 0x0000000088200000|  0%| F|  |TAMS 0x0000000088100000| PB 0x0000000088100000| Untracked |  0
| 130|0x0000000088200000, 0x0000000088200000, 0x0000000088300000|  0%| F|  |TAMS 0x0000000088200000| PB 0x0000000088200000| Untracked |  0
| 131|0x0000000088300000, 0x0000000088300000, 0x0000000088400000|  0%| F|  |TAMS 0x0000000088300000| PB 0x0000000088300000| Untracked |  0
| 132|0x0000000088400000, 0x0000000088400000, 0x0000000088500000|  0%| F|  |TAMS 0x0000000088400000| PB 0x0000000088400000| Untracked |  0
| 133|0x0000000088500000, 0x0000000088500000, 0x0000000088600000|  0%| F|  |TAMS 0x0000000088500000| PB 0x0000000088500000| Untracked |  0
| 134|0x0000000088600000, 0x0000000088600000, 0x0000000088700000|  0%| F|  |TAMS 0x0000000088600000| PB 0x0000000088600000| Untracked |  0
| 135|0x0000000088700000, 0x0000000088700000, 0x0000000088800000|  0%| F|  |TAMS 0x0000000088700000| PB 0x0000000088700000| Untracked |  0
| 136|0x0000000088800000, 0x0000000088800000, 0x0000000088900000|  0%| F|  |TAMS 0x0000000088800000| PB 0x0000000088800000| Untracked |  0
| 137|0x0000000088900000, 0x0000000088900000, 0x0000000088a00000|  0%| F|  |TAMS 0x0000000088900000| PB 0x0000000088900000| Untracked |  0
| 138|0x0000000088a00000, 0x0000000088a00000, 0x0000000088b00000|  0%| F|  |TAMS 0x0000000088a00000| PB 0x0000000088a00000| Untracked |  0
| 139|0x0000000088b00000, 0x0000000088b00000, 0x0000000088c00000|  0%| F|  |TAMS 0x0000000088b00000| PB 0x0000000088b00000| Untracked |  0
| 140|0x0000000088c00000, 0x0000000088c00000, 0x0000000088d00000|  0%| F|  |TAMS 0x0000000088c00000| PB 0x0000000088c00000| Untracked |  0
| 141|0x0000000088d00000, 0x0000000088d00000, 0x0000000088e00000|  0%| F|  |TAMS 0x0000000088d00000| PB 0x0000000088d00000| Untracked |  0
| 142|0x0000000088e00000, 0x0000000088e00000, 0x0000000088f00000|  0%| F|  |TAMS 0x0000000088e00000| PB 0x0000000088e00000| Untracked |  0
| 143|0x0000000088f00000, 0x0000000088f00000, 0x0000000089000000|  0%| F|  |TAMS 0x0000000088f00000| PB 0x0000000088f00000| Untracked |  0
| 144|0x0000000089000000, 0x0000000089000000, 0x0000000089100000|  0%| F|  |TAMS 0x0000000089000000| PB 0x0000000089000000| Untracked |  0
| 145|0x0000000089100000, 0x0000000089100000, 0x0000000089200000|  0%| F|  |TAMS 0x0000000089100000| PB 0x0000000089100000| Untracked |  0
| 146|0x0000000089200000, 0x0000000089200000, 0x0000000089300000|  0%| F|  |TAMS 0x0000000089200000| PB 0x0000000089200000| Untracked |  0
| 147|0x0000000089300000, 0x0000000089300000, 0x0000000089400000|  0%| F|  |TAMS 0x0000000089300000| PB 0x0000000089300000| Untracked |  0
| 148|0x0000000089400000, 0x0000000089400000, 0x0000000089500000|  0%| F|  |TAMS 0x0000000089400000| PB 0x0000000089400000| Untracked |  0
| 149|0x0000000089500000, 0x0000000089554810, 0x0000000089600000| 33%| S|CS|TAMS 0x0000000089500000| PB 0x0000000089500000| Complete |  0
| 150|0x0000000089600000, 0x0000000089700000, 0x0000000089700000|100%| S|CS|TAMS 0x0000000089600000| PB 0x0000000089600000| Complete |  0
| 151|0x0000000089700000, 0x0000000089800000, 0x0000000089800000|100%| S|CS|TAMS 0x0000000089700000| PB 0x0000000089700000| Complete |  0
| 152|0x0000000089800000, 0x0000000089800000, 0x0000000089900000|  0%| F|  |TAMS 0x0000000089800000| PB 0x0000000089800000| Untracked |  0
| 153|0x0000000089900000, 0x0000000089900000, 0x0000000089a00000|  0%| F|  |TAMS 0x0000000089900000| PB 0x0000000089900000| Untracked |  0
| 154|0x0000000089a00000, 0x0000000089a00000, 0x0000000089b00000|  0%| F|  |TAMS 0x0000000089a00000| PB 0x0000000089a00000| Untracked |  0
| 155|0x0000000089b00000, 0x0000000089b00000, 0x0000000089c00000|  0%| F|  |TAMS 0x0000000089b00000| PB 0x0000000089b00000| Untracked |  0
| 156|0x0000000089c00000, 0x0000000089c00000, 0x0000000089d00000|  0%| F|  |TAMS 0x0000000089c00000| PB 0x0000000089c00000| Untracked |  0
| 157|0x0000000089d00000, 0x0000000089e00000, 0x0000000089e00000|100%| E|  |TAMS 0x0000000089d00000| PB 0x0000000089d00000| Complete |  0
| 158|0x0000000089e00000, 0x0000000089f00000, 0x0000000089f00000|100%| E|CS|TAMS 0x0000000089e00000| PB 0x0000000089e00000| Complete |  0
|2038|0x00000000ff600000, 0x00000000ff700000, 0x00000000ff700000|100%| E|CS|TAMS 0x00000000ff600000| PB 0x00000000ff600000| Complete |  0
|2039|0x00000000ff700000, 0x00000000ff800000, 0x00000000ff800000|100%| E|CS|TAMS 0x00000000ff700000| PB 0x00000000ff700000| Complete |  0
|2040|0x00000000ff800000, 0x00000000ff900000, 0x00000000ff900000|100%| O|  |TAMS 0x00000000ff800000| PB 0x00000000ff800000| Untracked |  0
|2041|0x00000000ff900000, 0x00000000ffa00000, 0x00000000ffa00000|100%| E|CS|TAMS 0x00000000ff900000| PB 0x00000000ff900000| Complete |  0
|2042|0x00000000ffa00000, 0x00000000ffb00000, 0x00000000ffb00000|100%| O|  |TAMS 0x00000000ffa00000| PB 0x00000000ffa00000| Untracked |  0
|2043|0x00000000ffb00000, 0x00000000ffc00000, 0x00000000ffc00000|100%| O|  |TAMS 0x00000000ffb00000| PB 0x00000000ffb00000| Untracked |  0
|2044|0x00000000ffc00000, 0x00000000ffd00000, 0x00000000ffd00000|100%| O|  |TAMS 0x00000000ffc00000| PB 0x00000000ffc00000| Untracked |  0
|2045|0x00000000ffd00000, 0x00000000ffe00000, 0x00000000ffe00000|100%| O|  |TAMS 0x00000000ffd00000| PB 0x00000000ffd00000| Untracked |  0
|2046|0x00000000ffe00000, 0x00000000fff00000, 0x00000000fff00000|100%| O|  |TAMS 0x00000000ffe00000| PB 0x00000000ffe00000| Untracked |  0
|2047|0x00000000fff00000, 0x0000000100000000, 0x0000000100000000|100%| O|  |TAMS 0x00000000fff00000| PB 0x00000000fff00000| Untracked |  0

Card table byte_map: [0x00000238ece10000,0x00000238ed210000] _byte_map_base: 0x00000238eca10000

Marking Bits: (CMBitMap*) 0x00000238d53e14b0
 Bits: [0x00000238ed210000, 0x00000238ef210000)

Polling page: 0x00000238d3290000

Metaspace:

Usage:
  Non-class:     94.25 MB used.
      Class:     14.53 MB used.
       Both:    108.78 MB used.

Virtual space:
  Non-class space:      128.00 MB reserved,      95.38 MB ( 75%) committed,  2 nodes.
      Class space:        1.00 GB reserved,      15.62 MB (  2%) committed,  1 nodes.
             Both:        1.12 GB reserved,     111.00 MB ( 10%) committed. 

Chunk freelists:
   Non-Class:  128.00 KB
       Class:  367.00 KB
        Both:  495.00 KB

MaxMetaspaceSize: unlimited
CompressedClassSpaceSize: 1.00 GB
Initial GC threshold: 21.00 MB
Current GC threshold: 184.94 MB
CDS: on
 - commit_granule_bytes: 65536.
 - commit_granule_words: 8192.
 - virtual_space_node_default_size: 8388608.
 - enlarge_chunks_in_place: 1.
 - use_allocation_guard: 0.


Internal statistics:

num_allocs_failed_limit: 9.
num_arena_births: 3872.
num_arena_deaths: 0.
num_vsnodes_births: 3.
num_vsnodes_deaths: 0.
num_space_committed: 1774.
num_space_uncommitted: 0.
num_chunks_returned_to_freelist: 9.
num_chunks_taken_from_freelist: 8279.
num_chunk_merges: 6.
num_chunk_splits: 5923.
num_chunks_enlarged: 4254.
num_inconsistent_stats: 0.

CodeHeap 'non-profiled nmethods': size=120000Kb used=5123Kb max_used=5217Kb free=114876Kb
 bounds [0x00000238e51b0000, 0x00000238e56d0000, 0x00000238ec6e0000]
CodeHeap 'profiled nmethods': size=120000Kb used=19760Kb max_used=20175Kb free=100240Kb
 bounds [0x00000238dd6e0000, 0x00000238deaa0000, 0x00000238e4c10000]
CodeHeap 'non-nmethods': size=5760Kb used=3052Kb max_used=3101Kb free=2707Kb
 bounds [0x00000238e4c10000, 0x00000238e4f30000, 0x00000238e51b0000]
 total_blobs=10493 nmethods=9389 adapters=1006
 compilation: enabled
              stopped_count=0, restarted_count=0
 full_count=0

Compilation events (20 events):
Event: 90.605 Thread 0x00000238f1c3cd00 10970       3       org.jetbrains.kotlin.serialization.deserialization.descriptors.DeserializedPackageMemberScope::getNonDeclaredClassifierNames (4 bytes)
Event: 90.605 Thread 0x00000238f1c3cd00 nmethod 10970 0x00000238dea81b10 code [0x00000238dea81ca0, 0x00000238dea81e10]
Event: 90.605 Thread 0x00000238f1c3cd00 10971       3       org.jetbrains.kotlin.load.kotlin.DeserializedDescriptorResolver$createKotlinPackagePartScope$2::invoke (5 bytes)
Event: 90.606 Thread 0x00000238f1c3cd00 nmethod 10971 0x00000238dea81f10 code [0x00000238dea820c0, 0x00000238dea82288]
Event: 90.606 Thread 0x00000238f1c3cd00 10972       3       org.jetbrains.kotlin.load.kotlin.DeserializedDescriptorResolver$createKotlinPackagePartScope$2::invoke (7 bytes)
Event: 90.606 Thread 0x00000238f1c3cd00 nmethod 10972 0x00000238dea82390 code [0x00000238dea82520, 0x00000238dea82690]
Event: 90.607 Thread 0x00000238f1c3cd00 10973       3       org.jetbrains.kotlin.serialization.deserialization.descriptors.DeserializedPackageMemberScope::getNonDeclaredVariableNames (4 bytes)
Event: 90.607 Thread 0x00000238f1c3cd00 nmethod 10973 0x00000238dea82790 code [0x00000238dea82920, 0x00000238dea82a90]
Event: 90.614 Thread 0x00000238f1c3cd00 10974       3       org.jetbrains.kotlin.metadata.jvm.deserialization.JvmNameResolverBase::<init> (38 bytes)
Event: 90.616 Thread 0x00000238f1c3cd00 nmethod 10974 0x00000238dea82b90 code [0x00000238dea82ea0, 0x00000238dea83e40]
Event: 90.616 Thread 0x00000238f1c3cd00 10975       3       org.jetbrains.kotlin.load.java.lazy.descriptors.LazyJavaScope::getPropertyNamesLazy (17 bytes)
Event: 90.617 Thread 0x00000238f1c3cd00 nmethod 10975 0x00000238dea84390 code [0x00000238dea84640, 0x00000238dea85250]
Event: 90.635 Thread 0x00000238f1c3cd00 10976 %     3       org.jetbrains.kotlin.serialization.deserialization.descriptors.DeserializedMemberScope$OptimizedImplementation::<init> @ 91 (881 bytes)
Event: 90.645 Thread 0x00000238f1c3cd00 nmethod 10976% 0x00000238dea85690 code [0x00000238dea861c0, 0x00000238dea8d718]
Event: 90.645 Thread 0x00000238f1c3cd00 10978       3       org.jetbrains.kotlin.load.kotlin.JvmPackagePartSource::toString (34 bytes)
Event: 90.646 Thread 0x00000238f1c3cd00 nmethod 10978 0x00000238dea90290 code [0x00000238dea904e0, 0x00000238dea90c58]
Event: 90.646 Thread 0x00000238f1c3cd00 10977       3       org.jetbrains.kotlin.load.kotlin.JvmPackagePartSource::<init> (119 bytes)
Event: 90.649 Thread 0x00000238f1c3cd00 nmethod 10977 0x00000238dea90f10 code [0x00000238dea91360, 0x00000238dea92f08]
Event: 90.649 Thread 0x00000238f1c3cd00 10979       3       org.jetbrains.kotlin.com.intellij.psi.impl.file.PsiPackageBase::getQualifiedName (13 bytes)
Event: 90.650 Thread 0x00000238f1c3cd00 nmethod 10979 0x00000238dea93a10 code [0x00000238dea93bc0, 0x00000238dea93d40]

GC Heap History (20 events):
Event: 81.673 GC heap before
{Heap before GC invocations=25 (full 0):
 garbage-first heap   total reserved 2097152K, committed 119808K, used 107520K [0x0000000080000000, 0x0000000100000000)
  region size 1024K, 37 young (37888K), 5 survivors (5120K)
 Metaspace       used 83696K, committed 85568K, reserved 1179648K
  class space    used 11422K, committed 12288K, reserved 1048576K
}
Event: 81.683 GC heap after
{Heap after GC invocations=26 (full 0):
 garbage-first heap   total reserved 2097152K, committed 119808K, used 76380K [0x0000000080000000, 0x0000000100000000)
  region size 1024K, 2 young (2048K), 2 survivors (2048K)
 Metaspace       used 83696K, committed 85568K, reserved 1179648K
  class space    used 11422K, committed 12288K, reserved 1048576K
}
Event: 83.081 GC heap before
{Heap before GC invocations=27 (full 0):
 garbage-first heap   total reserved 2097152K, committed 128000K, used 110172K [0x0000000080000000, 0x0000000100000000)
  region size 1024K, 35 young (35840K), 2 survivors (2048K)
 Metaspace       used 87412K, committed 89280K, reserved 1179648K
  class space    used 11788K, committed 12672K, reserved 1048576K
}
Event: 83.087 GC heap after
{Heap after GC invocations=28 (full 0):
 garbage-first heap   total reserved 2097152K, committed 128000K, used 79369K [0x0000000080000000, 0x0000000100000000)
  region size 1024K, 5 young (5120K), 5 survivors (5120K)
 Metaspace       used 87412K, committed 89280K, reserved 1179648K
  class space    used 11788K, committed 12672K, reserved 1048576K
}
Event: 84.088 GC heap before
{Heap before GC invocations=28 (full 0):
 garbage-first heap   total reserved 2097152K, committed 128000K, used 115209K [0x0000000080000000, 0x0000000100000000)
  region size 1024K, 40 young (40960K), 5 survivors (5120K)
 Metaspace       used 92487K, committed 94400K, reserved 1179648K
  class space    used 12334K, committed 13248K, reserved 1048576K
}
Event: 84.099 GC heap after
{Heap after GC invocations=29 (full 0):
 garbage-first heap   total reserved 2097152K, committed 128000K, used 80156K [0x0000000080000000, 0x0000000100000000)
  region size 1024K, 2 young (2048K), 2 survivors (2048K)
 Metaspace       used 92487K, committed 94400K, reserved 1179648K
  class space    used 12334K, committed 13248K, reserved 1048576K
}
Event: 84.947 GC heap before
{Heap before GC invocations=29 (full 0):
 garbage-first heap   total reserved 2097152K, committed 128000K, used 118044K [0x0000000080000000, 0x0000000100000000)
  region size 1024K, 39 young (39936K), 2 survivors (2048K)
 Metaspace       used 98108K, committed 99968K, reserved 1179648K
  class space    used 12933K, committed 13824K, reserved 1048576K
}
Event: 84.951 GC heap after
{Heap after GC invocations=30 (full 0):
 garbage-first heap   total reserved 2097152K, committed 128000K, used 80757K [0x0000000080000000, 0x0000000100000000)
  region size 1024K, 2 young (2048K), 2 survivors (2048K)
 Metaspace       used 98108K, committed 99968K, reserved 1179648K
  class space    used 12933K, committed 13824K, reserved 1048576K
}
Event: 86.009 GC heap before
{Heap before GC invocations=31 (full 0):
 garbage-first heap   total reserved 2097152K, committed 135168K, used 117621K [0x0000000080000000, 0x0000000100000000)
  region size 1024K, 38 young (38912K), 2 survivors (2048K)
 Metaspace       used 102390K, committed 104448K, reserved 1179648K
  class space    used 13603K, committed 14592K, reserved 1048576K
}
Event: 86.014 GC heap after
{Heap after GC invocations=32 (full 0):
 garbage-first heap   total reserved 2097152K, committed 135168K, used 81880K [0x0000000080000000, 0x0000000100000000)
  region size 1024K, 4 young (4096K), 4 survivors (4096K)
 Metaspace       used 102390K, committed 104448K, reserved 1179648K
  class space    used 13603K, committed 14592K, reserved 1048576K
}
Event: 86.351 GC heap before
{Heap before GC invocations=32 (full 0):
 garbage-first heap   total reserved 2097152K, committed 135168K, used 122840K [0x0000000080000000, 0x0000000100000000)
  region size 1024K, 43 young (44032K), 4 survivors (4096K)
 Metaspace       used 103040K, committed 105088K, reserved 1179648K
  class space    used 13674K, committed 14656K, reserved 1048576K
}
Event: 86.359 GC heap after
{Heap after GC invocations=33 (full 0):
 garbage-first heap   total reserved 2097152K, committed 135168K, used 86186K [0x0000000080000000, 0x0000000100000000)
  region size 1024K, 6 young (6144K), 6 survivors (6144K)
 Metaspace       used 103040K, committed 105088K, reserved 1179648K
  class space    used 13674K, committed 14656K, reserved 1048576K
}
Event: 87.047 GC heap before
{Heap before GC invocations=33 (full 0):
 garbage-first heap   total reserved 2097152K, committed 135168K, used 119978K [0x0000000080000000, 0x0000000100000000)
  region size 1024K, 39 young (39936K), 6 survivors (6144K)
 Metaspace       used 103600K, committed 105728K, reserved 1179648K
  class space    used 13717K, committed 14720K, reserved 1048576K
}
Event: 87.056 GC heap after
{Heap after GC invocations=34 (full 0):
 garbage-first heap   total reserved 2097152K, committed 135168K, used 90802K [0x0000000080000000, 0x0000000100000000)
  region size 1024K, 5 young (5120K), 5 survivors (5120K)
 Metaspace       used 103600K, committed 105728K, reserved 1179648K
  class space    used 13717K, committed 14720K, reserved 1048576K
}
Event: 88.263 GC heap before
{Heap before GC invocations=35 (full 0):
 garbage-first heap   total reserved 2097152K, committed 153600K, used 120498K [0x0000000080000000, 0x0000000100000000)
  region size 1024K, 34 young (34816K), 5 survivors (5120K)
 Metaspace       used 105959K, committed 108096K, reserved 1179648K
  class space    used 14027K, committed 15040K, reserved 1048576K
}
Event: 88.269 GC heap after
{Heap after GC invocations=36 (full 0):
 garbage-first heap   total reserved 2097152K, committed 153600K, used 93905K [0x0000000080000000, 0x0000000100000000)
  region size 1024K, 4 young (4096K), 4 survivors (4096K)
 Metaspace       used 105959K, committed 108096K, reserved 1179648K
  class space    used 14027K, committed 15040K, reserved 1048576K
}
Event: 89.865 GC heap before
{Heap before GC invocations=36 (full 0):
 garbage-first heap   total reserved 2097152K, committed 153600K, used 139985K [0x0000000080000000, 0x0000000100000000)
  region size 1024K, 49 young (50176K), 4 survivors (4096K)
 Metaspace       used 110336K, committed 112576K, reserved 1179648K
  class space    used 14714K, committed 15808K, reserved 1048576K
}
Event: 89.873 GC heap after
{Heap after GC invocations=37 (full 0):
 garbage-first heap   total reserved 2097152K, committed 153600K, used 96875K [0x0000000080000000, 0x0000000100000000)
  region size 1024K, 7 young (7168K), 7 survivors (7168K)
 Metaspace       used 110336K, committed 112576K, reserved 1179648K
  class space    used 14714K, committed 15808K, reserved 1048576K
}
Event: 90.480 GC heap before
{Heap before GC invocations=37 (full 0):
 garbage-first heap   total reserved 2097152K, committed 153600K, used 123499K [0x0000000080000000, 0x0000000100000000)
  region size 1024K, 34 young (34816K), 7 survivors (7168K)
 Metaspace       used 111270K, committed 113600K, reserved 1179648K
  class space    used 14871K, committed 16000K, reserved 1048576K
}
Event: 90.512 GC heap after
{Heap after GC invocations=38 (full 0):
 garbage-first heap   total reserved 2097152K, committed 153600K, used 101835K [0x0000000080000000, 0x0000000100000000)
  region size 1024K, 5 young (5120K), 5 survivors (5120K)
 Metaspace       used 111270K, committed 113600K, reserved 1179648K
  class space    used 14871K, committed 16000K, reserved 1048576K
}

Dll operation events (15 events):
Event: 2.269 Loaded shared library C:\Program Files\Java\jdk-22\bin\java.dll
Event: 2.650 Loaded shared library C:\Program Files\Java\jdk-22\bin\jsvml.dll
Event: 2.720 Loaded shared library C:\Program Files\Java\jdk-22\bin\zip.dll
Event: 2.731 Loaded shared library C:\Program Files\Java\jdk-22\bin\instrument.dll
Event: 2.747 Loaded shared library C:\Program Files\Java\jdk-22\bin\net.dll
Event: 2.756 Loaded shared library C:\Program Files\Java\jdk-22\bin\nio.dll
Event: 2.770 Loaded shared library C:\Program Files\Java\jdk-22\bin\zip.dll
Event: 4.254 Loaded shared library C:\Program Files\Java\jdk-22\bin\jimage.dll
Event: 5.529 Loaded shared library C:\Program Files\Java\jdk-22\bin\verify.dll
Event: 6.523 Loaded shared library C:\Users\UsEr\.gradle\native\c067742578af261105cb4f569cf0c3c89f3d7b1fecec35dd04571415982c5e48\windows-amd64\native-platform.dll
Event: 6.551 Loaded shared library C:\Users\UsEr\.gradle\native\100fb08df4bc3b14c8652ba06237920a3bd2aa13389f12d3474272988ae205f9\windows-amd64\native-platform-file-events.dll
Event: 11.970 Loaded shared library C:\Program Files\Java\jdk-22\bin\management.dll
Event: 11.976 Loaded shared library C:\Program Files\Java\jdk-22\bin\management_ext.dll
Event: 13.314 Loaded shared library C:\Program Files\Java\jdk-22\bin\extnet.dll
Event: 14.342 Loaded shared library C:\Program Files\Java\jdk-22\bin\sunmscapi.dll

Deoptimization events (20 events):
Event: 89.814 Thread 0x00000238c56be8a0 Uncommon trap: trap_request=0xffffffde fr.pc=0x00000238e54dd670 relative=0x0000000000003f10
Event: 89.814 Thread 0x00000238c56be8a0 Uncommon trap: reason=class_check action=maybe_recompile pc=0x00000238e54dd670 method=java.net.URLClassLoader.defineClass(Ljava/lang/String;Ljdk/internal/loader/Resource;)Ljava/lang/Class; @ 34 c2
Event: 89.814 Thread 0x00000238c56be8a0 DEOPT PACKING pc=0x00000238e54dd670 sp=0x000000e9000f8220
Event: 89.814 Thread 0x00000238c56be8a0 DEOPT UNPACKING pc=0x00000238e4c646a2 sp=0x000000e9000f8150 mode 2
Event: 89.817 Thread 0x00000238c56be8a0 Uncommon trap: trap_request=0xffffffde fr.pc=0x00000238e54dd670 relative=0x0000000000003f10
Event: 89.817 Thread 0x00000238c56be8a0 Uncommon trap: reason=class_check action=maybe_recompile pc=0x00000238e54dd670 method=java.net.URLClassLoader.defineClass(Ljava/lang/String;Ljdk/internal/loader/Resource;)Ljava/lang/Class; @ 34 c2
Event: 89.817 Thread 0x00000238c56be8a0 DEOPT PACKING pc=0x00000238e54dd670 sp=0x000000e9000f8220
Event: 89.817 Thread 0x00000238c56be8a0 DEOPT UNPACKING pc=0x00000238e4c646a2 sp=0x000000e9000f8150 mode 2
Event: 89.821 Thread 0x00000238c56be8a0 Uncommon trap: trap_request=0xffffffde fr.pc=0x00000238e54e8800 relative=0x0000000000003ea0
Event: 89.821 Thread 0x00000238c56be8a0 Uncommon trap: reason=class_check action=maybe_recompile pc=0x00000238e54e8800 method=java.net.URLClassLoader.defineClass(Ljava/lang/String;Ljdk/internal/loader/Resource;)Ljava/lang/Class; @ 34 c2
Event: 89.821 Thread 0x00000238c56be8a0 DEOPT PACKING pc=0x00000238e54e8800 sp=0x000000e9000f81b0
Event: 89.821 Thread 0x00000238c56be8a0 DEOPT UNPACKING pc=0x00000238e4c646a2 sp=0x000000e9000f8148 mode 2
Event: 89.916 Thread 0x00000238c56be8a0 Uncommon trap: trap_request=0xffffff45 fr.pc=0x00000238e54968e8 relative=0x0000000000001508
Event: 89.916 Thread 0x00000238c56be8a0 Uncommon trap: reason=unstable_if action=reinterpret pc=0x00000238e54968e8 method=java.util.concurrent.ConcurrentHashMap.computeIfAbsent(Ljava/lang/Object;Ljava/util/function/Function;)Ljava/lang/Object; @ 123 c2
Event: 89.916 Thread 0x00000238c56be8a0 DEOPT PACKING pc=0x00000238e54968e8 sp=0x000000e9000f99e0
Event: 89.916 Thread 0x00000238c56be8a0 DEOPT UNPACKING pc=0x00000238e4c646a2 sp=0x000000e9000f9970 mode 2
Event: 89.949 Thread 0x00000238c56be8a0 Uncommon trap: trap_request=0xffffffc6 fr.pc=0x00000238e5442868 relative=0x0000000000000288
Event: 89.949 Thread 0x00000238c56be8a0 Uncommon trap: reason=bimorphic_or_optimized_type_check action=maybe_recompile pc=0x00000238e5442868 method=java.util.Spliterators$IteratorSpliterator.tryAdvance(Ljava/util/function/Consumer;)Z @ 50 c2
Event: 89.949 Thread 0x00000238c56be8a0 DEOPT PACKING pc=0x00000238e5442868 sp=0x000000e9000f98a0
Event: 89.949 Thread 0x00000238c56be8a0 DEOPT UNPACKING pc=0x00000238e4c646a2 sp=0x000000e9000f9840 mode 2

Classes loaded (20 events):
Event: 89.435 Loading class sun/reflect/generics/reflectiveObjects/GenericArrayTypeImpl
Event: 89.435 Loading class sun/reflect/generics/reflectiveObjects/GenericArrayTypeImpl done
Event: 89.556 Loading class java/util/function/LongUnaryOperator
Event: 89.557 Loading class java/util/function/LongUnaryOperator done
Event: 89.699 Loading class java/lang/StringBeanInfo
Event: 89.699 Loading class java/lang/StringBeanInfo done
Event: 89.700 Loading class java/lang/StringBeanInfo
Event: 89.700 Loading class java/lang/StringBeanInfo done
Event: 89.700 Loading class java/lang/StringCustomizer
Event: 89.700 Loading class java/lang/StringCustomizer done
Event: 89.700 Loading class java/lang/StringCustomizer
Event: 89.700 Loading class java/lang/StringCustomizer done
Event: 89.705 Loading class java/io/FileBeanInfo
Event: 89.705 Loading class java/io/FileBeanInfo done
Event: 89.706 Loading class java/io/FileBeanInfo
Event: 89.706 Loading class java/io/FileBeanInfo done
Event: 89.706 Loading class java/io/FileCustomizer
Event: 89.706 Loading class java/io/FileCustomizer done
Event: 89.706 Loading class java/io/FileCustomizer
Event: 89.706 Loading class java/io/FileCustomizer done

Classes unloaded (0 events):
No events

Classes redefined (0 events):
No events

Internal exceptions (20 events):
Event: 89.517 Thread 0x00000238c56be8a0 Exception <a 'java/lang/NoSuchMethodError'{0x0000000086cb4ee0}: 'java.lang.Object java.lang.invoke.DirectMethodHandle$Holder.invokeVirtual(java.lang.Object, java.lang.Object, java.lang.Object, java.lang.Object, java.lang.Object, java.lang.Object, java.lang.Object, java.lang.Object, java.lang.Object, java.lang.Object, java.lang.Object, java.lang.Object, java.lang.Object, java.lang.Object, java.lang.Object, java.lang.Object, java.lang.Object)'> (0x0000000086cb4ee0) 
thrown [s\open\src\hotspot\share\interpret
Event: 89.517 Thread 0x00000238c56be8a0 Exception <a 'java/lang/NoSuchMethodError'{0x0000000086cbb5a0}: 'java.lang.Object java.lang.invoke.DirectMethodHandle$Holder.invokeSpecial(java.lang.Object, java.lang.Object, java.lang.Object, java.lang.Object, java.lang.Object, java.lang.Object, java.lang.Object, java.lang.Object, java.lang.Object, java.lang.Object, java.lang.Object, java.lang.Object, java.lang.Object, java.lang.Object, java.lang.Object, java.lang.Object, java.lang.Object, java.lang.Object)'> (0x0000000086cbb5a0) 
thrown [s\open\src\hotsp
Event: 89.517 Thread 0x00000238c56be8a0 Exception <a 'java/lang/NoSuchMethodError'{0x0000000086cc15a8}: 'java.lang.Object java.lang.invoke.DelegatingMethodHandle$Holder.reinvoke_L(java.lang.Object, java.lang.Object, java.lang.Object, java.lang.Object, java.lang.Object, java.lang.Object, java.lang.Object, java.lang.Object, java.lang.Object, java.lang.Object, java.lang.Object, java.lang.Object, java.lang.Object, java.lang.Object, java.lang.Object, java.lang.Object, java.lang.Object)'> (0x0000000086cc15a8) 
thrown [s\open\src\hotspot\share\interpre
Event: 89.557 Thread 0x00000238c56be8a0 Exception <a 'java/lang/NoSuchMethodError'{0x0000000086afbcf8}: 'long java.lang.invoke.DirectMethodHandle$Holder.invokeStatic(java.lang.Object, long)'> (0x0000000086afbcf8) 
thrown [s\open\src\hotspot\share\interpreter\linkResolver.cpp, line 774]
Event: 89.700 Thread 0x00000238c56be8a0 Exception <a 'java/lang/ClassNotFoundException'{0x00000000863d7700}: java/lang/StringBeanInfo> (0x00000000863d7700) 
thrown [s\open\src\hotspot\share\classfile\systemDictionary.cpp, line 313]
Event: 89.700 Thread 0x00000238c56be8a0 Exception <a 'java/lang/ClassNotFoundException'{0x00000000863e1e18}: java/lang/StringCustomizer> (0x00000000863e1e18) 
thrown [s\open\src\hotspot\share\classfile\systemDictionary.cpp, line 313]
Event: 89.703 Thread 0x00000238c56be8a0 Implicit null exception at 0x00000238e55984c8 to 0x00000238e55997c0
Event: 89.706 Thread 0x00000238c56be8a0 Exception <a 'java/lang/ClassNotFoundException'{0x000000008623c2e0}: java/io/FileBeanInfo> (0x000000008623c2e0) 
thrown [s\open\src\hotspot\share\classfile\systemDictionary.cpp, line 313]
Event: 89.706 Thread 0x00000238c56be8a0 Exception <a 'java/lang/ClassNotFoundException'{0x00000000862469b0}: java/io/FileCustomizer> (0x00000000862469b0) 
thrown [s\open\src\hotspot\share\classfile\systemDictionary.cpp, line 313]
Event: 89.734 Thread 0x00000238c56be8a0 Exception <a 'java/lang/ClassNotFoundException'{0x000000008613ab60}: org/gradle/plugins/ide/eclipse/model/EclipseModel_DecoratedBeanInfo> (0x000000008613ab60) 
thrown [s\open\src\hotspot\share\classfile\systemDictionary.cpp, line 313]
Event: 89.734 Thread 0x00000238c56be8a0 Exception <a 'java/lang/ClassNotFoundException'{0x000000008614e640}: org/gradle/plugins/ide/eclipse/model/EclipseModelBeanInfo> (0x000000008614e640) 
thrown [s\open\src\hotspot\share\classfile\systemDictionary.cpp, line 313]
Event: 89.735 Thread 0x00000238c56be8a0 Exception <a 'java/lang/ClassNotFoundException'{0x0000000086162118}: org/gradle/plugins/ide/eclipse/model/EclipseModelCustomizer> (0x0000000086162118) 
thrown [s\open\src\hotspot\share\classfile\systemDictionary.cpp, line 313]
Event: 89.739 Thread 0x00000238c56be8a0 Exception <a 'java/lang/ClassNotFoundException'{0x000000008618c050}: org/gradle/plugins/ide/eclipse/model/EclipseModel_DecoratedCustomizer> (0x000000008618c050) 
thrown [s\open\src\hotspot\share\classfile\systemDictionary.cpp, line 313]
Event: 89.747 Thread 0x00000238c56be8a0 Exception <a 'java/lang/ClassNotFoundException'{0x00000000860019b0}: org/gradle/plugins/ide/eclipse/model/EclipseProject_DecoratedBeanInfo> (0x00000000860019b0) 
thrown [s\open\src\hotspot\share\classfile\systemDictionary.cpp, line 313]
Event: 89.748 Thread 0x00000238c56be8a0 Exception <a 'java/lang/ClassNotFoundException'{0x00000000860154c0}: org/gradle/plugins/ide/eclipse/model/EclipseProjectBeanInfo> (0x00000000860154c0) 
thrown [s\open\src\hotspot\share\classfile\systemDictionary.cpp, line 313]
Event: 89.748 Thread 0x00000238c56be8a0 Exception <a 'java/lang/ClassNotFoundException'{0x0000000086028f98}: org/gradle/plugins/ide/eclipse/model/EclipseProjectCustomizer> (0x0000000086028f98) 
thrown [s\open\src\hotspot\share\classfile\systemDictionary.cpp, line 313]
Event: 89.750 Thread 0x00000238c56be8a0 Exception <a 'java/lang/ClassNotFoundException'{0x0000000086059cf0}: org/gradle/plugins/ide/eclipse/model/EclipseProject_DecoratedCustomizer> (0x0000000086059cf0) 
thrown [s\open\src\hotspot\share\classfile\systemDictionary.cpp, line 313]
Event: 89.792 Thread 0x00000238c56bfc50 Exception <a 'java/lang/NoSuchMethodError'{0x0000000085f9da28}: static Lorg/gradle/internal/build/event/types/DefaultProjectConfigurationDescriptor;.<clinit>()V> (0x0000000085f9da28) 
thrown [s\open\src\hotspot\share\prims\jni.cpp, line 1111]
Event: 90.219 Thread 0x00000238c56be8a0 Exception <a 'sun/nio/fs/WindowsException'{0x0000000088518168}> (0x0000000088518168) 
thrown [s\open\src\hotspot\share\prims\jni.cpp, line 520]
Event: 90.219 Thread 0x00000238c56be8a0 Exception <a 'sun/nio/fs/WindowsException'{0x0000000088519f18}> (0x0000000088519f18) 
thrown [s\open\src\hotspot\share\prims\jni.cpp, line 520]

ZGC Phase Switch (0 events):
No events

VM Operations (20 events):
Event: 87.486 Executing VM operation: ICBufferFull
Event: 87.487 Executing VM operation: ICBufferFull done
Event: 87.736 Executing VM operation: ICBufferFull
Event: 87.737 Executing VM operation: ICBufferFull done
Event: 88.263 Executing VM operation: G1CollectForAllocation (G1 Evacuation Pause)
Event: 88.269 Executing VM operation: G1CollectForAllocation (G1 Evacuation Pause) done
Event: 88.643 Executing VM operation: HandshakeAllThreads (Deoptimize)
Event: 88.643 Executing VM operation: HandshakeAllThreads (Deoptimize) done
Event: 89.149 Executing VM operation: HandshakeAllThreads (Deoptimize)
Event: 89.149 Executing VM operation: HandshakeAllThreads (Deoptimize) done
Event: 89.191 Executing VM operation: ICBufferFull
Event: 89.191 Executing VM operation: ICBufferFull done
Event: 89.716 Executing VM operation: HandshakeAllThreads (Deoptimize)
Event: 89.716 Executing VM operation: HandshakeAllThreads (Deoptimize) done
Event: 89.865 Executing VM operation: G1CollectForAllocation (G1 Evacuation Pause)
Event: 89.873 Executing VM operation: G1CollectForAllocation (G1 Evacuation Pause) done
Event: 90.480 Executing VM operation: G1TryInitiateConcMark (G1 Humongous Allocation)
Event: 90.512 Executing VM operation: G1TryInitiateConcMark (G1 Humongous Allocation) done
Event: 90.652 Executing VM operation: G1PauseRemark
Event: 90.663 Executing VM operation: G1PauseRemark done

Memory protections (0 events):
No events

Nmethod flushes (20 events):
Event: 90.662 Thread 0x00000238f1c114f0 flushing  nmethod 0x00000238de45f090
Event: 90.662 Thread 0x00000238f1c114f0 flushing  nmethod 0x00000238de463910
Event: 90.662 Thread 0x00000238f1c114f0 flushing  nmethod 0x00000238de56f890
Event: 90.662 Thread 0x00000238f1c114f0 flushing  nmethod 0x00000238de574a10
Event: 90.662 Thread 0x00000238f1c114f0 flushing  nmethod 0x00000238dd7fcf90
Event: 90.662 Thread 0x00000238f1c114f0 flushing  nmethod 0x00000238ddb21e10
Event: 90.662 Thread 0x00000238f1c114f0 flushing  nmethod 0x00000238ddb26590
Event: 90.662 Thread 0x00000238f1c114f0 flushing  nmethod 0x00000238ddb2ff10
Event: 90.662 Thread 0x00000238f1c114f0 flushing  nmethod 0x00000238ddffdc10
Event: 90.662 Thread 0x00000238f1c114f0 flushing  nmethod 0x00000238ddffe690
Event: 90.662 Thread 0x00000238f1c114f0 flushing  nmethod 0x00000238de165190
Event: 90.662 Thread 0x00000238f1c114f0 flushing  nmethod 0x00000238de166f10
Event: 90.662 Thread 0x00000238f1c114f0 flushing  nmethod 0x00000238de1e8610
Event: 90.662 Thread 0x00000238f1c114f0 flushing  nmethod 0x00000238de1ed510
Event: 90.662 Thread 0x00000238f1c114f0 flushing  nmethod 0x00000238de39d290
Event: 90.662 Thread 0x00000238f1c114f0 flushing  nmethod 0x00000238de5b6690
Event: 90.662 Thread 0x00000238f1c114f0 flushing  nmethod 0x00000238de5c1990
Event: 90.662 Thread 0x00000238f1c114f0 flushing  nmethod 0x00000238de5c1e90
Event: 90.662 Thread 0x00000238f1c114f0 flushing  nmethod 0x00000238de5c2810
Event: 90.662 Thread 0x00000238f1c114f0 flushing  nmethod 0x00000238de5c3110

Events (20 events):
Event: 26.464 Thread 0x00000238c56be8a0 Thread added: 0x00000238c70d68d0
Event: 26.464 Thread 0x00000238c56be8a0 Thread added: 0x00000238c70d75f0
Event: 31.665 Thread 0x00000238c56be8a0 Thread added: 0x00000238c9c611a0
Event: 31.793 Thread 0x00000238c56be8a0 Thread added: 0x00000238c9c63900
Event: 32.314 Thread 0x00000238c56be8a0 Thread added: 0x00000238c9c65340
Event: 32.971 Thread 0x00000238c56be8a0 Thread added: 0x00000238c9c666f0
Event: 33.764 Thread 0x00000238c56be8a0 Thread added: 0x00000238c9c62550
Event: 33.904 Thread 0x00000238c56be8a0 Thread added: 0x00000238c9c659d0
Event: 36.151 Thread 0x00000238f1c3cd00 Thread added: 0x00000238c711fe70
Event: 36.452 Thread 0x00000238c711fe70 Thread exited: 0x00000238c711fe70
Event: 39.361 Thread 0x00000238c56be8a0 Thread added: 0x00000238c9c64620
Event: 39.512 Thread 0x00000238c56be8a0 Thread added: 0x00000238c9c64cb0
Event: 39.749 Thread 0x00000238c56be8a0 Thread added: 0x00000238c9c687c0
Event: 82.006 Thread 0x00000238f1c3cd00 Thread added: 0x00000238cb3280d0
Event: 82.886 Thread 0x00000238cb3280d0 Thread exited: 0x00000238cb3280d0
Event: 85.267 Thread 0x00000238f1c3cd00 Thread added: 0x00000238c8778dd0
Event: 86.122 Thread 0x00000238c8778dd0 Thread exited: 0x00000238c8778dd0
Event: 87.322 Thread 0x00000238f1c3cd00 Thread added: 0x00000238c8c7eca0
Event: 88.205 Thread 0x00000238c8c7eca0 Thread exited: 0x00000238c8c7eca0
Event: 89.708 Thread 0x00000238f1c3cd00 Thread added: 0x00000238c8c7eca0


Dynamic libraries:
0x00007ff6e6480000 - 0x00007ff6e6490000 	C:\Program Files\Java\jdk-22\bin\java.exe
0x00007ffe219f0000 - 0x00007ffe21be8000 	C:\Windows\SYSTEM32\ntdll.dll
0x00007ffe20f10000 - 0x00007ffe20fd2000 	C:\Windows\System32\KERNEL32.DLL
0x00007ffe1f1b0000 - 0x00007ffe1f4a6000 	C:\Windows\System32\KERNELBASE.dll
0x00007ffe1f4e0000 - 0x00007ffe1f5e0000 	C:\Windows\System32\ucrtbase.dll
0x00007ffdf9420000 - 0x00007ffdf9437000 	C:\Program Files\Java\jdk-22\bin\jli.dll
0x00007ffe211a0000 - 0x00007ffe2133d000 	C:\Windows\System32\USER32.dll
0x00007ffe1f9a0000 - 0x00007ffe1f9c2000 	C:\Windows\System32\win32u.dll
0x00007ffe1ffb0000 - 0x00007ffe1ffdb000 	C:\Windows\System32\GDI32.dll
0x00007ffe1f090000 - 0x00007ffe1f1aa000 	C:\Windows\System32\gdi32full.dll
0x00007ffe1f870000 - 0x00007ffe1f90d000 	C:\Windows\System32\msvcp_win.dll
0x00007ffdf66f0000 - 0x00007ffdf670b000 	C:\Program Files\Java\jdk-22\bin\VCRUNTIME140.dll
0x00007ffe0a960000 - 0x00007ffe0abfa000 	C:\Windows\WinSxS\amd64_microsoft.windows.common-controls_6595b64144ccf1df_6.0.19041.5794_none_60bcd33171f2783c\COMCTL32.dll
0x00007ffe203d0000 - 0x00007ffe2046e000 	C:\Windows\System32\msvcrt.dll
0x00007ffe204d0000 - 0x00007ffe204ff000 	C:\Windows\System32\IMM32.DLL
0x00007ffdfadc0000 - 0x00007ffdfadcc000 	C:\Program Files\Java\jdk-22\bin\vcruntime140_1.dll
0x00007ffdec900000 - 0x00007ffdec98e000 	C:\Program Files\Java\jdk-22\bin\msvcp140.dll
0x00007ffdc20a0000 - 0x00007ffdc2de9000 	C:\Program Files\Java\jdk-22\bin\server\jvm.dll
0x00007ffe21090000 - 0x00007ffe2113f000 	C:\Windows\System32\ADVAPI32.dll
0x00007ffe20040000 - 0x00007ffe200df000 	C:\Windows\System32\sechost.dll
0x00007ffe20270000 - 0x00007ffe20393000 	C:\Windows\System32\RPCRT4.dll
0x00007ffe1f4b0000 - 0x00007ffe1f4d7000 	C:\Windows\System32\bcrypt.dll
0x00007ffe21700000 - 0x00007ffe2176b000 	C:\Windows\System32\WS2_32.dll
0x00007ffe1e5d0000 - 0x00007ffe1e61b000 	C:\Windows\SYSTEM32\POWRPROF.dll
0x00007ffe0b900000 - 0x00007ffe0b927000 	C:\Windows\SYSTEM32\WINMM.dll
0x00007ffe0c0d0000 - 0x00007ffe0c0da000 	C:\Windows\SYSTEM32\VERSION.dll
0x00007ffe1e490000 - 0x00007ffe1e4a2000 	C:\Windows\SYSTEM32\UMPDC.dll
0x00007ffe1d8b0000 - 0x00007ffe1d8c2000 	C:\Windows\SYSTEM32\kernel.appcore.dll
0x00007ffdfa3a0000 - 0x00007ffdfa3aa000 	C:\Program Files\Java\jdk-22\bin\jimage.dll
0x00007ffe1d5e0000 - 0x00007ffe1d7c4000 	C:\Windows\SYSTEM32\DBGHELP.DLL
0x00007ffdfb3b0000 - 0x00007ffdfb3e4000 	C:\Windows\SYSTEM32\dbgcore.DLL
0x00007ffe1f910000 - 0x00007ffe1f992000 	C:\Windows\System32\bcryptPrimitives.dll
0x00007ffdf62c0000 - 0x00007ffdf62cf000 	C:\Program Files\Java\jdk-22\bin\instrument.dll
0x00007ffdf5e60000 - 0x00007ffdf5e7e000 	C:\Program Files\Java\jdk-22\bin\java.dll
0x00007ffe205f0000 - 0x00007ffe20d5e000 	C:\Windows\System32\SHELL32.dll
0x00007ffe20de0000 - 0x00007ffe20f0b000 	C:\Windows\System32\ole32.dll
0x00007ffe21340000 - 0x00007ffe21693000 	C:\Windows\System32\combase.dll
0x00007ffe1cd60000 - 0x00007ffe1d503000 	C:\Windows\SYSTEM32\windows.storage.dll
0x00007ffe1eac0000 - 0x00007ffe1eaeb000 	C:\Windows\SYSTEM32\Wldp.dll
0x00007ffe20500000 - 0x00007ffe205cd000 	C:\Windows\System32\OLEAUT32.dll
0x00007ffe200e0000 - 0x00007ffe2018d000 	C:\Windows\System32\SHCORE.dll
0x00007ffe21140000 - 0x00007ffe21195000 	C:\Windows\System32\shlwapi.dll
0x00007ffe1efc0000 - 0x00007ffe1efe5000 	C:\Windows\SYSTEM32\profapi.dll
0x00007ffdec6d0000 - 0x00007ffdec7a7000 	C:\Program Files\Java\jdk-22\bin\jsvml.dll
0x00007ffdf5b10000 - 0x00007ffdf5b27000 	C:\Program Files\Java\jdk-22\bin\zip.dll
0x00007ffdf9d00000 - 0x00007ffdf9d10000 	C:\Program Files\Java\jdk-22\bin\net.dll
0x00007ffe1e820000 - 0x00007ffe1e88c000 	C:\Windows\system32\mswsock.dll
0x00007ffdf5b30000 - 0x00007ffdf5b46000 	C:\Program Files\Java\jdk-22\bin\nio.dll
0x00007ffdf99b0000 - 0x00007ffdf99c0000 	C:\Program Files\Java\jdk-22\bin\verify.dll
0x00007ffdf5f40000 - 0x00007ffdf5f67000 	C:\Users\UsEr\.gradle\native\c067742578af261105cb4f569cf0c3c89f3d7b1fecec35dd04571415982c5e48\windows-amd64\native-platform.dll
0x00007ffde63b0000 - 0x00007ffde64f4000 	C:\Users\UsEr\.gradle\native\100fb08df4bc3b14c8652ba06237920a3bd2aa13389f12d3474272988ae205f9\windows-amd64\native-platform-file-events.dll
0x00007ffdf5e50000 - 0x00007ffdf5e5a000 	C:\Program Files\Java\jdk-22\bin\management.dll
0x00007ffdf5de0000 - 0x00007ffdf5deb000 	C:\Program Files\Java\jdk-22\bin\management_ext.dll
0x00007ffe205d0000 - 0x00007ffe205d8000 	C:\Windows\System32\PSAPI.DLL
0x00007ffe1ea20000 - 0x00007ffe1ea38000 	C:\Windows\SYSTEM32\CRYPTSP.dll
0x00007ffe1e0d0000 - 0x00007ffe1e108000 	C:\Windows\system32\rsaenh.dll
0x00007ffe1ef80000 - 0x00007ffe1efae000 	C:\Windows\SYSTEM32\USERENV.dll
0x00007ffe1ea10000 - 0x00007ffe1ea1c000 	C:\Windows\SYSTEM32\CRYPTBASE.dll
0x00007ffe1e4b0000 - 0x00007ffe1e4eb000 	C:\Windows\SYSTEM32\IPHLPAPI.DLL
0x00007ffe203a0000 - 0x00007ffe203a8000 	C:\Windows\System32\NSI.dll
0x00007ffdf5c90000 - 0x00007ffdf5c99000 	C:\Program Files\Java\jdk-22\bin\extnet.dll
0x00007ffdf53e0000 - 0x00007ffdf53ee000 	C:\Program Files\Java\jdk-22\bin\sunmscapi.dll
0x00007ffe1f710000 - 0x00007ffe1f86d000 	C:\Windows\System32\CRYPT32.dll
0x00007ffe1eb30000 - 0x00007ffe1eb57000 	C:\Windows\SYSTEM32\ncrypt.dll
0x00007ffe1eaf0000 - 0x00007ffe1eb2b000 	C:\Windows\SYSTEM32\NTASN1.dll
0x00007ffe16b00000 - 0x00007ffe16b07000 	C:\Windows\system32\wshunix.dll

dbghelp: loaded successfully - version: 4.0.5 - missing functions: none
symbol engine: initialized successfully - sym options: 0x614 - pdb path: .;C:\Program Files\Java\jdk-22\bin;C:\Windows\SYSTEM32;C:\Windows\WinSxS\amd64_microsoft.windows.common-controls_6595b64144ccf1df_6.0.19041.5794_none_60bcd33171f2783c;C:\Program Files\Java\jdk-22\bin\server;C:\Users\UsEr\.gradle\native\c067742578af261105cb4f569cf0c3c89f3d7b1fecec35dd04571415982c5e48\windows-amd64;C:\Users\UsEr\.gradle\native\100fb08df4bc3b14c8652ba06237920a3bd2aa13389f12d3474272988ae205f9\windows-amd64

VM Arguments:
jvm_args: --add-opens=java.base/java.util=ALL-UNNAMED --add-opens=java.base/java.lang=ALL-UNNAMED --add-opens=java.base/java.lang.invoke=ALL-UNNAMED --add-opens=java.prefs/java.util.prefs=ALL-UNNAMED --add-exports=jdk.compiler/com.sun.tools.javac.api=ALL-UNNAMED --add-exports=jdk.compiler/com.sun.tools.javac.util=ALL-UNNAMED --add-opens=java.base/java.nio.charset=ALL-UNNAMED --add-opens=java.base/java.net=ALL-UNNAMED --add-opens=java.base/java.util.concurrent.atomic=ALL-UNNAMED -Xmx2048m -Dfile.encoding=UTF-8 -Duser.country=ID -Duser.language=en -Duser.variant -javaagent:C:\Users\UsEr\.gradle\wrapper\dists\gradle-8.9-bin\90cnw93cvbtalezasaz0blq0a\gradle-8.9\lib\agents\gradle-instrumentation-agent-8.9.jar 
java_command: org.gradle.launcher.daemon.bootstrap.GradleDaemon 8.9
java_class_path (initial): C:\Users\UsEr\.gradle\wrapper\dists\gradle-8.9-bin\90cnw93cvbtalezasaz0blq0a\gradle-8.9\lib\gradle-daemon-main-8.9.jar
Launcher Type: SUN_STANDARD

[Global flags]
     intx CICompilerCount                          = 4                                         {product} {ergonomic}
     uint ConcGCThreads                            = 2                                         {product} {ergonomic}
     uint G1ConcRefinementThreads                  = 8                                         {product} {ergonomic}
   size_t G1HeapRegionSize                         = 1048576                                   {product} {ergonomic}
   size_t InitialHeapSize                          = 127926272                                 {product} {ergonomic}
   size_t MarkStackSize                            = 4194304                                   {product} {ergonomic}
   size_t MaxHeapSize                              = 2147483648                                {product} {command line}
   size_t MaxNewSize                               = 1287651328                                {product} {ergonomic}
   size_t MinHeapDeltaBytes                        = 1048576                                   {product} {ergonomic}
   size_t MinHeapSize                              = 8388608                                   {product} {ergonomic}
    uintx NonNMethodCodeHeapSize                   = 5839372                                {pd product} {ergonomic}
    uintx NonProfiledCodeHeapSize                  = 122909434                              {pd product} {ergonomic}
    uintx ProfiledCodeHeapSize                     = 122909434                              {pd product} {ergonomic}
    uintx ReservedCodeCacheSize                    = 251658240                              {pd product} {ergonomic}
     bool SegmentedCodeCache                       = true                                      {product} {ergonomic}
   size_t SoftMaxHeapSize                          = 2147483648                             {manageable} {ergonomic}
     bool UseCompressedOops                        = true                           {product lp64_product} {ergonomic}
     bool UseG1GC                                  = true                                      {product} {ergonomic}
     bool UseLargePagesIndividualAllocation        = false                                  {pd product} {ergonomic}

Logging:
Log output configuration:
 #0: stdout all=warning uptime,level,tags foldmultilines=false
 #1: stderr all=off uptime,level,tags foldmultilines=false

Environment Variables:
PATH=C:\Program Files\Common Files\Oracle\Java\javapath;c:\Users\UsEr\AppData\Local\Programs\cursor\resources\app\bin;C:\Program Files (x86)\Common Files\Intel\Shared Files\cpp\bin\Intel64;C:\Windows\system32;C:\Windows;C:\Windows\System32\Wbem;C:\Windows\System32\WindowsPowerShell\v1.0\;C:\Windows\System32\OpenSSH\;C:\Program Files\Intel\WiFi\bin\;C:\Program Files\Common Files\Intel\WirelessCommon\;C:\Program Files\Git\cmd;C:\msys64\mingw64\bin;C:\Program Files\OpenSSL-Win64;C:\xampp\php;C:\ProgramData\ComposerSetup\bin;C:\Users\UsEr\AppData\Local\Microsoft\WindowsApps;C:\Users\UsEr\AppData\Roaming\Composer\vendor\bin;C:\Users\UsEr\AppData\Roaming\npm;c:\Users\UsEr\AppData\Local\Programs\cursor\resources\app\bin;c:\Users\UsEr\AppData\Local\Programs\cursor\resources\app\bin;C:\Program Files\nodejs\;C:\src\flutter\bin;C:\Program Files\Microsoft VS Code\bin;C:\Users\UsEr\AppData\Local\Packages\PythonSoftwareFoundation.Python.3.11_qbz5n2kfra8p0\LocalCache\local-packages\Python311\site-packages;C:\Users\UsEr\AppData\Local\Programs\Python\Python310\Scripts\;C:\Users\UsEr\AppData\Local\Programs\Python\Python310\;C:\Users\UsEr\AppData\Local\Microsoft\WindowsApps;C:\Users\UsEr\AppData\Roaming\Composer\vendor\bin;C:\Program Files\JetBrains\IntelliJ IDEA Community Edition 2024.2.0.2\bin;C:\Users\UsEr\AppData\Roaming\npm;C:\Users\UsEr\AppData\Local\GitHubDesktop\bin;C:\Windows\System32\WindowsPowerShell\v1.0;C:\src\flutter\bin;C:\Users\UsEr\.lmstudio\bin;C:\Program Files\kotlinc\bin;C:\Users\UsEr\AppData\Local\Programs\cursor\resources\app\bin
USERNAME=UsEr
OS=Windows_NT
PROCESSOR_IDENTIFIER=Intel64 Family 6 Model 142 Stepping 10, GenuineIntel
TMP=C:\Users\UsEr\AppData\Local\Temp
TEMP=C:\Users\UsEr\AppData\Local\Temp




Periodic native trim disabled

---------------  S Y S T E M  ---------------

OS:
 Windows 10 , 64 bit Build 19041 (10.0.19041.5794)
OS uptime: 1 days 20:53 hours

CPU: total 8 (initial active 8) (4 cores per cpu, 2 threads per core) family 6 model 142 stepping 10 microcode 0xb4, cx8, cmov, fxsr, ht, mmx, 3dnowpref, sse, sse2, sse3, ssse3, sse4.1, sse4.2, popcnt, lzcnt, tsc, tscinvbit, avx, avx2, aes, erms, clmul, bmi1, bmi2, rtm, adx, fma, vzeroupper, clflush, clflushopt, rdtscp, f16c
Processor Information for all 8 processors :
  Max Mhz: 1896, Current Mhz: 1696, Mhz Limit: 1687

Memory: 4k page, system-wide physical 7797M (345M free)
TotalPageFile size 21228M (AvailPageFile size 2M)
current process WorkingSet (physical memory assigned to process): 400M, peak: 400M
current process commit charge ("private bytes"): 518M, peak: 523M

vm_info: Java HotSpot(TM) 64-Bit Server VM (22.0.2+9-70) for windows-amd64 JRE (22.0.2+9-70), built on 2024-06-04T16:52:23Z by "mach5one" with MS VC++ 17.6 (VS2022)

END.
